Archive member included to satisfy reference by file (symbol)

d:/quartus/nios2eds/bin/gnu/h-x86_64-mingw32/bin/../lib/gcc/nios2-elf/5.3.0/../../../../../H-x86_64-mingw32/nios2-elf/lib\libc.a(lib_a-printf.o)
                              obj/default/main.o (printf)
d:/quartus/nios2eds/bin/gnu/h-x86_64-mingw32/bin/../lib/gcc/nios2-elf/5.3.0/../../../../../H-x86_64-mingw32/nios2-elf/lib\libc.a(lib_a-puts.o)
                              obj/default/main.o (puts)
d:/quartus/nios2eds/bin/gnu/h-x86_64-mingw32/bin/../lib/gcc/nios2-elf/5.3.0/../../../../../H-x86_64-mingw32/nios2-elf/lib\libc.a(lib_a-strlen.o)
                              d:/quartus/nios2eds/bin/gnu/h-x86_64-mingw32/bin/../lib/gcc/nios2-elf/5.3.0/../../../../../H-x86_64-mingw32/nios2-elf/lib\libc.a(lib_a-puts.o) (strlen)
d:/quartus/nios2eds/bin/gnu/h-x86_64-mingw32/bin/../lib/gcc/nios2-elf/5.3.0/../../../../../H-x86_64-mingw32/nios2-elf/lib\libc.a(lib_a-vfprintf.o)
                              d:/quartus/nios2eds/bin/gnu/h-x86_64-mingw32/bin/../lib/gcc/nios2-elf/5.3.0/../../../../../H-x86_64-mingw32/nios2-elf/lib\libc.a(lib_a-printf.o) (___vfprintf_internal_r)
d:/quartus/nios2eds/bin/gnu/h-x86_64-mingw32/bin/../lib/gcc/nios2-elf/5.3.0/../../../../../H-x86_64-mingw32/nios2-elf/lib\libc.a(lib_a-wsetup.o)
                              d:/quartus/nios2eds/bin/gnu/h-x86_64-mingw32/bin/../lib/gcc/nios2-elf/5.3.0/../../../../../H-x86_64-mingw32/nios2-elf/lib\libc.a(lib_a-vfprintf.o) (__swsetup_r)
d:/quartus/nios2eds/bin/gnu/h-x86_64-mingw32/bin/../lib/gcc/nios2-elf/5.3.0/../../../../../H-x86_64-mingw32/nios2-elf/lib\libc.a(lib_a-dtoa.o)
                              d:/quartus/nios2eds/bin/gnu/h-x86_64-mingw32/bin/../lib/gcc/nios2-elf/5.3.0/../../../../../H-x86_64-mingw32/nios2-elf/lib\libc.a(lib_a-vfprintf.o) (_dtoa_r)
d:/quartus/nios2eds/bin/gnu/h-x86_64-mingw32/bin/../lib/gcc/nios2-elf/5.3.0/../../../../../H-x86_64-mingw32/nios2-elf/lib\libc.a(lib_a-fflush.o)
                              d:/quartus/nios2eds/bin/gnu/h-x86_64-mingw32/bin/../lib/gcc/nios2-elf/5.3.0/../../../../../H-x86_64-mingw32/nios2-elf/lib\libc.a(lib_a-vfprintf.o) (_fflush_r)
d:/quartus/nios2eds/bin/gnu/h-x86_64-mingw32/bin/../lib/gcc/nios2-elf/5.3.0/../../../../../H-x86_64-mingw32/nios2-elf/lib\libc.a(lib_a-findfp.o)
                              d:/quartus/nios2eds/bin/gnu/h-x86_64-mingw32/bin/../lib/gcc/nios2-elf/5.3.0/../../../../../H-x86_64-mingw32/nios2-elf/lib\libc.a(lib_a-puts.o) (__sinit)
d:/quartus/nios2eds/bin/gnu/h-x86_64-mingw32/bin/../lib/gcc/nios2-elf/5.3.0/../../../../../H-x86_64-mingw32/nios2-elf/lib\libc.a(lib_a-freer.o)
                              d:/quartus/nios2eds/bin/gnu/h-x86_64-mingw32/bin/../lib/gcc/nios2-elf/5.3.0/../../../../../H-x86_64-mingw32/nios2-elf/lib\libc.a(lib_a-wsetup.o) (_free_r)
d:/quartus/nios2eds/bin/gnu/h-x86_64-mingw32/bin/../lib/gcc/nios2-elf/5.3.0/../../../../../H-x86_64-mingw32/nios2-elf/lib\libc.a(lib_a-fvwrite.o)
                              d:/quartus/nios2eds/bin/gnu/h-x86_64-mingw32/bin/../lib/gcc/nios2-elf/5.3.0/../../../../../H-x86_64-mingw32/nios2-elf/lib\libc.a(lib_a-puts.o) (__sfvwrite_r)
d:/quartus/nios2eds/bin/gnu/h-x86_64-mingw32/bin/../lib/gcc/nios2-elf/5.3.0/../../../../../H-x86_64-mingw32/nios2-elf/lib\libc.a(lib_a-fwalk.o)
                              d:/quartus/nios2eds/bin/gnu/h-x86_64-mingw32/bin/../lib/gcc/nios2-elf/5.3.0/../../../../../H-x86_64-mingw32/nios2-elf/lib\libc.a(lib_a-findfp.o) (_fwalk)
d:/quartus/nios2eds/bin/gnu/h-x86_64-mingw32/bin/../lib/gcc/nios2-elf/5.3.0/../../../../../H-x86_64-mingw32/nios2-elf/lib\libc.a(lib_a-impure.o)
                              d:/quartus/nios2eds/bin/gnu/h-x86_64-mingw32/bin/../lib/gcc/nios2-elf/5.3.0/../../../../../H-x86_64-mingw32/nios2-elf/lib\libc.a(lib_a-fflush.o) (_global_impure_ptr)
d:/quartus/nios2eds/bin/gnu/h-x86_64-mingw32/bin/../lib/gcc/nios2-elf/5.3.0/../../../../../H-x86_64-mingw32/nios2-elf/lib\libc.a(lib_a-locale.o)
                              d:/quartus/nios2eds/bin/gnu/h-x86_64-mingw32/bin/../lib/gcc/nios2-elf/5.3.0/../../../../../H-x86_64-mingw32/nios2-elf/lib\libc.a(lib_a-vfprintf.o) (_localeconv_r)
d:/quartus/nios2eds/bin/gnu/h-x86_64-mingw32/bin/../lib/gcc/nios2-elf/5.3.0/../../../../../H-x86_64-mingw32/nios2-elf/lib\libc.a(lib_a-makebuf.o)
                              d:/quartus/nios2eds/bin/gnu/h-x86_64-mingw32/bin/../lib/gcc/nios2-elf/5.3.0/../../../../../H-x86_64-mingw32/nios2-elf/lib\libc.a(lib_a-wsetup.o) (__smakebuf_r)
d:/quartus/nios2eds/bin/gnu/h-x86_64-mingw32/bin/../lib/gcc/nios2-elf/5.3.0/../../../../../H-x86_64-mingw32/nios2-elf/lib\libc.a(lib_a-mallocr.o)
                              d:/quartus/nios2eds/bin/gnu/h-x86_64-mingw32/bin/../lib/gcc/nios2-elf/5.3.0/../../../../../H-x86_64-mingw32/nios2-elf/lib\libc.a(lib_a-findfp.o) (_malloc_r)
d:/quartus/nios2eds/bin/gnu/h-x86_64-mingw32/bin/../lib/gcc/nios2-elf/5.3.0/../../../../../H-x86_64-mingw32/nios2-elf/lib\libc.a(lib_a-memchr.o)
[...]
Memory Configuration

Name             Origin             Length             Attributes
reset            0x0000000010100000 0x0000000000000020
onchip_memory2_0 0x0000000010100020 0x000000000001ffe0
*default*        0x0000000000000000 0xffffffffffffffff

Linker script and memory map

LOAD C:/Users/nicca/DeskDoc/EmbeddedSystems/Embedded_Systems/lab_4_project_template/sw/nios/Labo4_LCD_bsp//obj/HAL/src/crt0.o
LOAD obj/default/main.o
LOAD d:/quartus/nios2eds/bin/gnu/h-x86_64-mingw32/bin/../lib/gcc/nios2-elf/5.3.0/../../../../../H-x86_64-mingw32/nios2-elf/lib\libstdc++.a
LOAD d:/quartus/nios2eds/bin/gnu/h-x86_64-mingw32/bin/../lib/gcc/nios2-elf/5.3.0/../../../../../H-x86_64-mingw32/nios2-elf/lib\libm.a
LOAD d:/quartus/nios2eds/bin/gnu/h-x86_64-mingw32/bin/../lib/gcc/nios2-elf/5.3.0\libgcc.a
START GROUP
LOAD d:/quartus/nios2eds/bin/gnu/h-x86_64-mingw32/bin/../lib/gcc/nios2-elf/5.3.0/../../../../../H-x86_64-mingw32/nios2-elf/lib\libc.a
LOAD d:/quartus/nios2eds/bin/gnu/h-x86_64-mingw32/bin/../lib/gcc/nios2-elf/5.3.0\libgcc.a
LOAD C:/Users/nicca/DeskDoc/EmbeddedSystems/Embedded_Systems/lab_4_project_template/sw/nios/Labo4_LCD_bsp/\libhal_bsp.a
LOAD d:/quartus/nios2eds/bin/gnu/h-x86_64-mingw32/bin/../lib/gcc/nios2-elf/5.3.0/../../../../../H-x86_64-mingw32/nios2-elf/lib\libm.a
END GROUP
LOAD d:/quartus/nios2eds/bin/gnu/h-x86_64-mingw32/bin/../lib/gcc/nios2-elf/5.3.0\libgcc.a
                0x0000000010100000                __alt_mem_onchip_memory2_0 = 0x10100000

.entry          0x0000000010100000       0x20
 *(.entry)
 .entry         0x0000000010100000       0x20 C:/Users/nicca/DeskDoc/EmbeddedSystems/Embedded_Systems/lab_4_project_template/sw/nios/Labo4_LCD_bsp//obj/HAL/src/crt0.o
                0x0000000010100000                __reset

.exceptions     0x0000000010100020      0x224
                0x0000000010100020                PROVIDE (__ram_exceptions_start, ABSOLUTE (.))
                0x0000000010100020                . = ALIGN (0x20)
 *(.irq)
 *(.exceptions.entry.label)
 .exceptions.entry.label
                0x0000000010100020        0x0 C:/Users/nicca/DeskDoc/EmbeddedSystems/Embedded_Systems/lab_4_project_template/sw/nios/Labo4_LCD_bsp/\libhal_bsp.a(alt_irq_entry.o)
                0x0000000010100020                alt_irq_entry
 .exceptions.entry.label
                0x0000000010100020        0x0 C:/Users/nicca/DeskDoc/EmbeddedSystems/Embedded_Systems/lab_4_project_template/sw/nios/Labo4_LCD_bsp/\libhal_bsp.a(alt_exception_entry.o)
                0x0000000010100020                alt_exception
 *(.exceptions.entry.user)
 *(.exceptions.entry.ecc_fatal)
 *(.exceptions.entry)
 .exceptions.entry
                0x0000000010100020       0x54 C:/Users/nicca/DeskDoc/EmbeddedSystems/Embedded_Systems/lab_4_project_template/sw/nios/Labo4_LCD_bsp/\libhal_bsp.a(alt_exception_entry.o)
 *(.exceptions.irqtest.user)
 *(.exceptions.irqtest)
 .exceptions.irqtest
                0x0000000010100074       0x10 C:/Users/nicca/DeskDoc/EmbeddedSystems/Embedded_Systems/lab_4_project_template/sw/nios/Labo4_LCD_bsp/\libhal_bsp.a(alt_irq_entry.o)
 *(.exceptions.irqhandler.user)
 *(.exceptions.irqhandler)
 .exceptions.irqhandler
                0x0000000010100084        0x4 C:/Users/nicca/DeskDoc/EmbeddedSystems/Embedded_Systems/lab_4_project_template/sw/nios/Labo4_LCD_bsp/\libhal_bsp.a(alt_irq_entry.o)
 *(.exceptions.irqreturn.user)
 *(.exceptions.irqreturn)
 .exceptions.irqreturn
                0x0000000010100088        0x4 C:/Users/nicca/DeskDoc/EmbeddedSystems/Embedded_Systems/lab_4_project_template/sw/nios/Labo4_LCD_bsp/\libhal_bsp.a(alt_irq_entry.o)
 *(.exceptions.notirq.label)
 .exceptions.notirq.label
                0x000000001010008c        0x0 C:/Users/nicca/DeskDoc/EmbeddedSystems/Embedded_Systems/lab_4_project_template/sw/nios/Labo4_LCD_bsp/\libhal_bsp.a(alt_irq_entry.o)
 *(.exceptions.notirq.user)
 *(.exceptions.notirq)
 .exceptions.notirq
                0x000000001010008c        0x8 C:/Users/nicca/DeskDoc/EmbeddedSystems/Embedded_Systems/lab_4_project_template/sw/nios/Labo4_LCD_bsp/\libhal_bsp.a(alt_exception_entry.o)
 *(.exceptions.soft.user)
 *(.exceptions.soft)
 *(.exceptions.unknown.user)
 *(.exceptions.unknown)
 .exceptions.unknown
                0x0000000010100094       0x14 C:/Users/nicca/DeskDoc/EmbeddedSystems/Embedded_Systems/lab_4_project_template/sw/nios/Labo4_LCD_bsp/\libhal_bsp.a(alt_exception_entry.o)
 *(.exceptions.exit.label)
 .exceptions.exit.label
                0x00000000101000a8        0x0 C:/Users/nicca/DeskDoc/EmbeddedSystems/Embedded_Systems/lab_4_project_template/sw/nios/Labo4_LCD_bsp/\libhal_bsp.a(alt_irq_entry.o)
 .exceptions.exit.label
                0x00000000101000a8        0x0 C:/Users/nicca/DeskDoc/EmbeddedSystems/Embedded_Systems/lab_4_project_template/sw/nios/Labo4_LCD_bsp/\libhal_bsp.a(alt_exception_entry.o)
 *(.exceptions.exit.user)
 *(.exceptions.exit)
 .exceptions.exit
                0x00000000101000a8       0x54 C:/Users/nicca/DeskDoc/EmbeddedSystems/Embedded_Systems/lab_4_project_template/sw/nios/Labo4_LCD_bsp/\libhal_bsp.a(alt_exception_entry.o)
 *(.exceptions)
 .exceptions    0x00000000101000fc       0xd4 C:/Users/nicca/DeskDoc/EmbeddedSystems/Embedded_Systems/lab_4_project_template/sw/nios/Labo4_LCD_bsp/\libhal_bsp.a(alt_irq_handler.o)
                0x00000000101000fc                alt_irq_handler
 .exceptions    0x00000000101001d0       0x74 C:/Users/nicca/DeskDoc/EmbeddedSystems/Embedded_Systems/lab_4_project_template/sw/nios/Labo4_LCD_bsp/\libhal_bsp.a(alt_instruction_exception_entry.o)
                0x00000000101001d0                alt_instruction_exception_entry
                0x0000000010100244                PROVIDE (__ram_exceptions_end, ABSOLUTE (.))
                0x0000000010100020                PROVIDE (__flash_exceptions_start, LOADADDR (.exceptions))

.text           0x0000000010100244     0xf200
                [!provide]                        PROVIDE (stext, ABSOLUTE (.))
 *(.interp)
 *(.hash)
 *(.dynsym)
 *(.dynstr)
 *(.gnu.version)
 *(.gnu.version_d)
 *(.gnu.version_r)
 *(.rel.init)
 *(.rela.init)
 *(.rel.text .rel.text.* .rel.gnu.linkonce.t.*)
 *(.rela.text .rela.text.* .rela.gnu.linkonce.t.*)
 *(.rel.fini)
 *(.rela.fini)
 *(.rel.rodata .rel.rodata.* .rel.gnu.linkonce.r.*)
 *(.rela.rodata .rela.rodata.* .rela.gnu.linkonce.r.*)
 *(.rel.data .rel.data.* .rel.gnu.linkonce.d.*)
 *(.rela.data .rela.data.* .rela.gnu.linkonce.d.*)
 *(.rel.tdata .rel.tdata.* .rel.gnu.linkonce.td.*)
 *(.rela.tdata .rela.tdata.* .rela.gnu.linkonce.td.*)
 *(.rel.tbss .rel.tbss.* .rel.gnu.linkonce.tb.*)
 *(.rela.tbss .rela.tbss.* .rela.gnu.linkonce.tb.*)
 *(.rel.ctors)
 *(.rela.ctors)
 *(.rel.dtors)
 *(.rela.dtors)
 *(.rel.got)
 *(.rela.got)
 *(.rel.sdata .rel.sdata.* .rel.gnu.linkonce.s.*)
 *(.rela.sdata .rela.sdata.* .rela.gnu.linkonce.s.*)
 *(.rel.sbss .rel.sbss.* .rel.gnu.linkonce.sb.*)
 *(.rela.sbss .rela.sbss.* .rela.gnu.linkonce.sb.*)
 *(.rel.sdata2 .rel.sdata2.* .rel.gnu.linkonce.s2.*)
 *(.rela.sdata2 .rela.sdata2.* .rela.gnu.linkonce.s2.*)
 *(.rel.sbss2 .rel.sbss2.* .rel.gnu.linkonce.sb2.*)
 *(.rela.sbss2 .rela.sbss2.* .rela.gnu.linkonce.sb2.*)
 *(.rel.bss .rel.bss.* .rel.gnu.linkonce.b.*)
 *(.rela.bss .rela.bss.* .rela.gnu.linkonce.b.*)
 *(.rel.plt)
 *(.rela.plt)
 *(.rel.dyn)
 *(.init)
 *(.plt)
 *(.text .stub .text.* .gnu.linkonce.t.*)
 .text          0x0000000010100244       0x4c C:/Users/nicca/DeskDoc/EmbeddedSystems/Embedded_Systems/lab_4_project_template/sw/nios/Labo4_LCD_bsp//obj/HAL/src/crt0.o
                0x0000000010100244                _start
 .text          0x0000000010100290      0x1f4 obj/default/main.o
                0x0000000010100290                waitms
                0x00000000101002e8                LCD_Init
                0x00000000101003d0                LCD_reset
                0x00000000101003fc                main
 .text          0x0000000010100484        0x0 d:/quartus/nios2eds/bin/gnu/h-x86_64-mingw32/bin/../lib/gcc/nios2-elf/5.3.0/../../../../../H-x86_64-mingw32/nios2-elf/lib\libc.a(lib_a-printf.o)
 .text._printf_r
                0x0000000010100484       0x30 d:/quartus/nios2eds/bin/gnu/h-x86_64-mingw32/bin/../lib/gcc/nios2-elf/5.3.0/../../../../../H-x86_64-mingw32/nios2-elf/lib\libc.a(lib_a-printf.o)
                0x0000000010100484                _printf_r
 .text.printf   0x00000000101004b4       0x3c d:/quartus/nios2eds/bin/gnu/h-x86_64-mingw32/bin/../lib/gcc/nios2-elf/5.3.0/../../../../../H-x86_64-mingw32/nios2-elf/lib\libc.a(lib_a-printf.o)
                0x00000000101004b4                printf
 .text          0x00000000101004f0        0x0 d:/quartus/nios2eds/bin/gnu/h-x86_64-mingw32/bin/../lib/gcc/nios2-elf/5.3.0/../../../../../H-x86_64-mingw32/nios2-elf/lib\libc.a(lib_a-puts.o)
 .text._puts_r  0x00000000101004f0       0xc0 d:/quartus/nios2eds/bin/gnu/h-x86_64-mingw32/bin/../lib/gcc/nios2-elf/5.3.0/../../../../../H-x86_64-mingw32/nios2-elf/lib\libc.a(lib_a-puts.o)
                0x00000000101004f0                _puts_r
 .text.puts     0x00000000101005b0       0x14 d:/quartus/nios2eds/bin/gnu/h-x86_64-mingw32/bin/../lib/gcc/nios2-elf/5.3.0/../../../../../H-x86_64-mingw32/nios2-elf/lib\libc.a(lib_a-puts.o)
                0x00000000101005b0                puts
 .text          0x00000000101005c4        0x0 d:/quartus/nios2eds/bin/gnu/h-x86_64-mingw32/bin/../lib/gcc/nios2-elf/5.3.0/../../../../../H-x86_64-mingw32/nios2-elf/lib\libc.a(lib_a-strlen.o)
 .text.strlen   0x00000000101005c4       0x98 d:/quartus/nios2eds/bin/gnu/h-x86_64-mingw32/bin/../lib/gcc/nios2-elf/5.3.0/../../../../../H-x86_64-mingw32/nios2-elf/lib\libc.a(lib_a-strlen.o)
                0x00000000101005c4                strlen
 .text          0x000000001010065c        0x0 d:/quartus/nios2eds/bin/gnu/h-x86_64-mingw32/bin/../lib/gcc/nios2-elf/5.3.0/../../../../../H-x86_64-mingw32/nios2-elf/lib\libc.a(lib_a-vfprintf.o)
 .text.___vfprintf_internal_r
                0x000000001010065c     0x21f8 d:/quartus/nios2eds/bin/gnu/h-x86_64-mingw32/bin/../lib/gcc/nios2-elf/5.3.0/../../../../../H-x86_64-mingw32/nios2-elf/lib\libc.a(lib_a-vfprintf.o)
                0x000000001010065c                ___vfprintf_internal_r
 .text.__vfprintf_internal
                0x0000000010102854       0x1c d:/quartus/nios2eds/bin/gnu/h-x86_64-mingw32/bin/../lib/gcc/nios2-elf/5.3.0/../../../../../H-x86_64-mingw32/nios2-elf/lib\libc.a(lib_a-vfprintf.o)
                0x0000000010102854                __vfprintf_internal
 .text.__sbprintf
                0x0000000010102870       0xbc d:/quartus/nios2eds/bin/gnu/h-x86_64-mingw32/bin/../lib/gcc/nios2-elf/5.3.0/../../../../../H-x86_64-mingw32/nios2-elf/lib\libc.a(lib_a-vfprintf.o)
 .text          0x000000001010292c        0x0 d:/quartus/nios2eds/bin/gnu/h-x86_64-mingw32/bin/../lib/gcc/nios2-elf/5.3.0/../../../../../H-x86_64-mingw32/nios2-elf/lib\libc.a(lib_a-wsetup.o)
 .text.__swsetup_r
                0x000000001010292c      0x154 d:/quartus/nios2eds/bin/gnu/h-x86_64-mingw32/bin/../lib/gcc/nios2-elf/5.3.0/../../../../../H-x86_64-mingw32/nios2-elf/lib\libc.a(lib_a-wsetup.o)
                0x000000001010292c                __swsetup_r
 .text          0x0000000010102a80        0x0 d:/quartus/nios2eds/bin/gnu/h-x86_64-mingw32/bin/../lib/gcc/nios2-elf/5.3.0/../../../../../H-x86_64-mingw32/nios2-elf/lib\libc.a(lib_a-dtoa.o)
 .text.quorem   0x0000000010102a80      0x200 d:/quartus/nios2eds/bin/gnu/h-x86_64-mingw32/bin/../lib/gcc/nios2-elf/5.3.0/../../../../../H-x86_64-mingw32/nios2-elf/lib\libc.a(lib_a-dtoa.o)
 .text._dtoa_r  0x0000000010102c80     0x1688 d:/quartus/nios2eds/bin/gnu/h-x86_64-mingw32/bin/../lib/gcc/nios2-elf/5.3.0/../../../../../H-x86_64-mingw32/nios2-elf/lib\libc.a(lib_a-dtoa.o)
                0x0000000010102c80                _dtoa_r
 .text          0x0000000010104308        0x0 d:/quartus/nios2eds/bin/gnu/h-x86_64-mingw32/bin/../lib/gcc/nios2-elf/5.3.0/../../../../../H-x86_64-mingw32/nios2-elf/lib\libc.a(lib_a-fflush.o)
 .text.__sflush_r
                0x0000000010104308      0x21c d:/quartus/nios2eds/bin/gnu/h-x86_64-mingw32/bin/../lib/gcc/nios2-elf/5.3.0/../../../../../H-x86_64-mingw32/nios2-elf/lib\libc.a(lib_a-fflush.o)
                0x0000000010104308                __sflush_r
 .text._fflush_r
                0x0000000010104524       0x5c d:/quartus/nios2eds/bin/gnu/h-x86_64-mingw32/bin/../lib/gcc/nios2-elf/5.3.0/../../../../../H-x86_64-mingw32/nios2-elf/lib\libc.a(lib_a-fflush.o)
                0x0000000010104524                _fflush_r
 .text.fflush   0x0000000010104580       0x30 d:/quartus/nios2eds/bin/gnu/h-x86_64-mingw32/bin/../lib/gcc/nios2-elf/5.3.0/../../../../../H-x86_64-mingw32/nios2-elf/lib\libc.a(lib_a-fflush.o)
                0x0000000010104580                fflush
 .text          0x00000000101045b0        0x0 d:/quartus/nios2eds/bin/gnu/h-x86_64-mingw32/bin/../lib/gcc/nios2-elf/5.3.0/../../../../../H-x86_64-mingw32/nios2-elf/lib\libc.a(lib_a-findfp.o)
 .text.__fp_unlock
                0x00000000101045b0        0x8 d:/quartus/nios2eds/bin/gnu/h-x86_64-mingw32/bin/../lib/gcc/nios2-elf/5.3.0/../../../../../H-x86_64-mingw32/nios2-elf/lib\libc.a(lib_a-findfp.o)
 .text._cleanup_r
                0x00000000101045b8        0xc d:/quartus/nios2eds/bin/gnu/h-x86_64-mingw32/bin/../lib/gcc/nios2-elf/5.3.0/../../../../../H-x86_64-mingw32/nios2-elf/lib\libc.a(lib_a-findfp.o)
                0x00000000101045b8                _cleanup_r
 .text.__sinit.part.1
                0x00000000101045c4      0x19c d:/quartus/nios2eds/bin/gnu/h-x86_64-mingw32/bin/../lib/gcc/nios2-elf/5.3.0/../../../../../H-x86_64-mingw32/nios2-elf/lib\libc.a(lib_a-findfp.o)
 .text.__fp_lock
                0x0000000010104760        0x8 d:/quartus/nios2eds/bin/gnu/h-x86_64-mingw32/bin/../lib/gcc/nios2-elf/5.3.0/../../../../../H-x86_64-mingw32/nios2-elf/lib\libc.a(lib_a-findfp.o)
 .text.__sfmoreglue
                0x0000000010104768       0x68 d:/quartus/nios2eds/bin/gnu/h-x86_64-mingw32/bin/../lib/gcc/nios2-elf/5.3.0/../../../../../H-x86_64-mingw32/nios2-elf/lib\libc.a(lib_a-findfp.o)
                0x0000000010104768                __sfmoreglue
 .text.__sfp    0x00000000101047d0      0x118 d:/quartus/nios2eds/bin/gnu/h-x86_64-mingw32/bin/../lib/gcc/nios2-elf/5.3.0/../../../../../H-x86_64-mingw32/nios2-elf/lib\libc.a(lib_a-findfp.o)
                0x00000000101047d0                __sfp
 .text._cleanup
                0x00000000101048e8       0x18 d:/quartus/nios2eds/bin/gnu/h-x86_64-mingw32/bin/../lib/gcc/nios2-elf/5.3.0/../../../../../H-x86_64-mingw32/nios2-elf/lib\libc.a(lib_a-findfp.o)
                0x00000000101048e8                _cleanup
 .text.__sinit  0x0000000010104900       0x10 d:/quartus/nios2eds/bin/gnu/h-x86_64-mingw32/bin/../lib/gcc/nios2-elf/5.3.0/../../../../../H-x86_64-mingw32/nios2-elf/lib\libc.a(lib_a-findfp.o)
                0x0000000010104900                __sinit
 .text.__sfp_lock_acquire
                0x0000000010104910        0x4 d:/quartus/nios2eds/bin/gnu/h-x86_64-mingw32/bin/../lib/gcc/nios2-elf/5.3.0/../../../../../H-x86_64-mingw32/nios2-elf/lib\libc.a(lib_a-findfp.o)
                0x0000000010104910                __sfp_lock_acquire
 .text.__sfp_lock_release
                0x0000000010104914        0x4 d:/quartus/nios2eds/bin/gnu/h-x86_64-mingw32/bin/../lib/gcc/nios2-elf/5.3.0/../../../../../H-x86_64-mingw32/nios2-elf/lib\libc.a(lib_a-findfp.o)
                0x0000000010104914                __sfp_lock_release
 .text.__sinit_lock_acquire
                0x0000000010104918        0x4 d:/quartus/nios2eds/bin/gnu/h-x86_64-mingw32/bin/../lib/gcc/nios2-elf/5.3.0/../../../../../H-x86_64-mingw32/nios2-elf/lib\libc.a(lib_a-findfp.o)
                0x0000000010104918                __sinit_lock_acquire
 .text.__sinit_lock_release
                0x000000001010491c        0x4 d:/quartus/nios2eds/bin/gnu/h-x86_64-mingw32/bin/../lib/gcc/nios2-elf/5.3.0/../../../../../H-x86_64-mingw32/nios2-elf/lib\libc.a(lib_a-findfp.o)
                0x000000001010491c                __sinit_lock_release
 .text.__fp_lock_all
                0x0000000010104920       0x18 d:/quartus/nios2eds/bin/gnu/h-x86_64-mingw32/bin/../lib/gcc/nios2-elf/5.3.0/../../../../../H-x86_64-mingw32/nios2-elf/lib\libc.a(lib_a-findfp.o)
                0x0000000010104920                __fp_lock_all
 .text.__fp_unlock_all
                0x0000000010104938       0x18 d:/quartus/nios2eds/bin/gnu/h-x86_64-mingw32/bin/../lib/gcc/nios2-elf/5.3.0/../../../../../H-x86_64-mingw32/nios2-elf/lib\libc.a(lib_a-findfp.o)
                0x0000000010104938                __fp_unlock_all
 .text          0x0000000010104950        0x0 d:/quartus/nios2eds/bin/gnu/h-x86_64-mingw32/bin/../lib/gcc/nios2-elf/5.3.0/../../../../../H-x86_64-mingw32/nios2-elf/lib\libc.a(lib_a-freer.o)
 .text._malloc_trim_r
                0x0000000010104950      0x124 d:/quartus/nios2eds/bin/gnu/h-x86_64-mingw32/bin/../lib/gcc/nios2-elf/5.3.0/../../../../../H-x86_64-mingw32/nios2-elf/lib\libc.a(lib_a-freer.o)
                0x0000000010104950                _malloc_trim_r
 .text._free_r  0x0000000010104a74      0x310 d:/quartus/nios2eds/bin/gnu/h-x86_64-mingw32/bin/../lib/gcc/nios2-elf/5.3.0/../../../../../H-x86_64-mingw32/nios2-elf/lib\libc.a(lib_a-freer.o)
                0x0000000010104a74                _free_r
 .text          0x0000000010104d84        0x0 d:/quartus/nios2eds/bin/gnu/h-x86_64-mingw32/bin/../lib/gcc/nios2-elf/5.3.0/../../../../../H-x86_64-mingw32/nios2-elf/lib\libc.a(lib_a-fvwrite.o)
 .text.__sfvwrite_r
                0x0000000010104d84      0x4bc d:/quartus/nios2eds/bin/gnu/h-x86_64-mingw32/bin/../lib/gcc/nios2-elf/5.3.0/../../../../../H-x86_64-mingw32/nios2-elf/lib\libc.a(lib_a-fvwrite.o)
                0x0000000010104d84                __sfvwrite_r
 .text          0x0000000010105240        0x0 d:/quartus/nios2eds/bin/gnu/h-x86_64-mingw32/bin/../lib/gcc/nios2-elf/5.3.0/../../../../../H-x86_64-mingw32/nios2-elf/lib\libc.a(lib_a-fwalk.o)
 .text._fwalk   0x0000000010105240       0xc4 d:/quartus/nios2eds/bin/gnu/h-x86_64-mingw32/bin/../lib/gcc/nios2-elf/5.3.0/../../../../../H-x86_64-mingw32/nios2-elf/lib\libc.a(lib_a-fwalk.o)
                0x0000000010105240                _fwalk
 .text._fwalk_reent
                0x0000000010105304       0xc4 d:/quartus/nios2eds/bin/gnu/h-x86_64-mingw32/bin/../lib/gcc/nios2-elf/5.3.0/../../../../../H-x86_64-mingw32/nios2-elf/lib\libc.a(lib_a-fwalk.o)
                0x0000000010105304                _fwalk_reent
 .text          0x00000000101053c8        0x0 d:/quartus/nios2eds/bin/gnu/h-x86_64-mingw32/bin/../lib/gcc/nios2-elf/5.3.0/../../../../../H-x86_64-mingw32/nios2-elf/lib\libc.a(lib_a-impure.o)
 .text          0x00000000101053c8        0x0 d:/quartus/nios2eds/bin/gnu/h-x86_64-mingw32/bin/../lib/gcc/nios2-elf/5.3.0/../../../../../H-x86_64-mingw32/nios2-elf/lib\libc.a(lib_a-locale.o)
 .text._setlocale_r
                0x00000000101053c8       0x7c d:/quartus/nios2eds/bin/gnu/h-x86_64-mingw32/bin/../lib/gcc/nios2-elf/5.3.0/../../../../../H-x86_64-mingw32/nios2-elf/lib\libc.a(lib_a-locale.o)
                0x00000000101053c8                _setlocale_r
 .text.__locale_charset
                0x0000000010105444        0xc d:/quartus/nios2eds/bin/gnu/h-x86_64-mingw32/bin/../lib/gcc/nios2-elf/5.3.0/../../../../../H-x86_64-mingw32/nios2-elf/lib\libc.a(lib_a-locale.o)
                0x0000000010105444                __locale_charset
 .text.__locale_mb_cur_max
                0x0000000010105450       0x10 d:/quartus/nios2eds/bin/gnu/h-x86_64-mingw32/bin/../lib/gcc/nios2-elf/5.3.0/../../../../../H-x86_64-mingw32/nios2-elf/lib\libc.a(lib_a-locale.o)
                0x0000000010105450                __locale_mb_cur_max
 .text.__locale_msgcharset
                0x0000000010105460        0xc d:/quartus/nios2eds/bin/gnu/h-x86_64-mingw32/bin/../lib/gcc/nios2-elf/5.3.0/../../../../../H-x86_64-mingw32/nios2-elf/lib\libc.a(lib_a-locale.o)
                0x0000000010105460                __locale_msgcharset
 .text.__locale_cjk_lang
                0x000000001010546c        0x8 d:/quartus/nios2eds/bin/gnu/h-x86_64-mingw32/bin/../lib/gcc/nios2-elf/5.3.0/../../../../../H-x86_64-mingw32/nios2-elf/lib\libc.a(lib_a-locale.o)
                0x000000001010546c                __locale_cjk_lang
 .text._localeconv_r
                0x0000000010105474        0xc d:/quartus/nios2eds/bin/gnu/h-x86_64-mingw32/bin/../lib/gcc/nios2-elf/5.3.0/../../../../../H-x86_64-mingw32/nios2-elf/lib\libc.a(lib_a-locale.o)
                0x0000000010105474                _localeconv_r
 .text.setlocale
                0x0000000010105480       0x18 d:/quartus/nios2eds/bin/gnu/h-x86_64-mingw32/bin/../lib/gcc/nios2-elf/5.3.0/../../../../../H-x86_64-mingw32/nios2-elf/lib\libc.a(lib_a-locale.o)
                0x0000000010105480                setlocale
 .text.localeconv
                0x0000000010105498        0xc d:/quartus/nios2eds/bin/gnu/h-x86_64-mingw32/bin/../lib/gcc/nios2-elf/5.3.0/../../../../../H-x86_64-mingw32/nios2-elf/lib\libc.a(lib_a-locale.o)
                0x0000000010105498                localeconv
 .text          0x00000000101054a4        0x0 d:/quartus/nios2eds/bin/gnu/h-x86_64-mingw32/bin/../lib/gcc/nios2-elf/5.3.0/../../../../../H-x86_64-mingw32/nios2-elf/lib\libc.a(lib_a-makebuf.o)
 .text.__smakebuf_r
                0x00000000101054a4      0x1bc d:/quartus/nios2eds/bin/gnu/h-x86_64-mingw32/bin/../lib/gcc/nios2-elf/5.3.0/../../../../../H-x86_64-mingw32/nios2-elf/lib\libc.a(lib_a-makebuf.o)
                0x00000000101054a4                __smakebuf_r
 .text          0x0000000010105660        0x0 d:/quartus/nios2eds/bin/gnu/h-x86_64-mingw32/bin/../lib/gcc/nios2-elf/5.3.0/../../../../../H-x86_64-mingw32/nios2-elf/lib\libc.a(lib_a-mallocr.o)
 .text._malloc_r
                0x0000000010105660      0x80c d:/quartus/nios2eds/bin/gnu/h-x86_64-mingw32/bin/../lib/gcc/nios2-elf/5.3.0/../../../../../H-x86_64-mingw32/nios2-elf/lib\libc.a(lib_a-mallocr.o)
                0x0000000010105660                _malloc_r
 .text          0x0000000010105e6c        0x0 d:/quartus/nios2eds/bin/gnu/h-x86_64-mingw32/bin/../lib/gcc/nios2-elf/5.3.0/../../../../../H-x86_64-mingw32/nios2-elf/lib\libc.a(lib_a-memchr.o)
 .text.memchr   0x0000000010105e6c       0xe4 d:/quartus/nios2eds/bin/gnu/h-x86_64-mingw32/bin/../lib/gcc/nios2-elf/5.3.0/../../../../../H-x86_64-mingw32/nios2-elf/lib\libc.a(lib_a-memchr.o)
                0x0000000010105e6c                memchr
 .text          0x0000000010105f50        0x0 d:/quartus/nios2eds/bin/gnu/h-x86_64-mingw32/bin/../lib/gcc/nios2-elf/5.3.0/../../../../../H-x86_64-mingw32/nios2-elf/lib\libc.a(lib_a-memcpy.o)
 .text.memcpy   0x0000000010105f50      0x148 d:/quartus/nios2eds/bin/gnu/h-x86_64-mingw32/bin/../lib/gcc/nios2-elf/5.3.0/../../../../../H-x86_64-mingw32/nios2-elf/lib\libc.a(lib_a-memcpy.o)
                0x0000000010105f50                memcpy
 .text          0x0000000010106098        0x0 d:/quartus/nios2eds/bin/gnu/h-x86_64-mingw32/bin/../lib/gcc/nios2-elf/5.3.0/../../../../../H-x86_64-mingw32/nios2-elf/lib\libc.a(lib_a-memmove.o)
 .text.memmove  0x0000000010106098      0x15c d:/quartus/nios2eds/bin/gnu/h-x86_64-mingw32/bin/../lib/gcc/nios2-elf/5.3.0/../../../../../H-x86_64-mingw32/nios2-elf/lib\libc.a(lib_a-memmove.o)
                0x0000000010106098                memmove
 .text          0x00000000101061f4        0x0 d:/quartus/nios2eds/bin/gnu/h-x86_64-mingw32/bin/../lib/gcc/nios2-elf/5.3.0/../../../../../H-x86_64-mingw32/nios2-elf/lib\libc.a(lib_a-memset.o)
 .text.memset   0x00000000101061f4      0x128 d:/quartus/nios2eds/bin/gnu/h-x86_64-mingw32/bin/../lib/gcc/nios2-elf/5.3.0/../../../../../H-x86_64-mingw32/nios2-elf/lib\libc.a(lib_a-memset.o)
                0x00000000101061f4                memset
 .text          0x000000001010631c        0x0 d:/quartus/nios2eds/bin/gnu/h-x86_64-mingw32/bin/../lib/gcc/nios2-elf/5.3.0/../../../../../H-x86_64-mingw32/nios2-elf/lib\libc.a(lib_a-mprec.o)
 .text._Balloc  0x000000001010631c       0xa8 d:/quartus/nios2eds/bin/gnu/h-x86_64-mingw32/bin/../lib/gcc/nios2-elf/5.3.0/../../../../../H-x86_64-mingw32/nios2-elf/lib\libc.a(lib_a-mprec.o)
                0x000000001010631c                _Balloc
 .text._Bfree   0x00000000101063c4       0x28 d:/quartus/nios2eds/bin/gnu/h-x86_64-mingw32/bin/../lib/gcc/nios2-elf/5.3.0/../../../../../H-x86_64-mingw32/nios2-elf/lib\libc.a(lib_a-mprec.o)
                0x00000000101063c4                _Bfree
 .text.__multadd
                0x00000000101063ec      0x120 d:/quartus/nios2eds/bin/gnu/h-x86_64-mingw32/bin/../lib/gcc/nios2-elf/5.3.0/../../../../../H-x86_64-mingw32/nios2-elf/lib\libc.a(lib_a-mprec.o)
                0x00000000101063ec                __multadd
 .text.__s2b    0x000000001010650c      0x104 d:/quartus/nios2eds/bin/gnu/h-x86_64-mingw32/bin/../lib/gcc/nios2-elf/5.3.0/../../../../../H-x86_64-mingw32/nios2-elf/lib\libc.a(lib_a-mprec.o)
                0x000000001010650c                __s2b
 .text.__hi0bits
                0x0000000010106610       0x68 d:/quartus/nios2eds/bin/gnu/h-x86_64-mingw32/bin/../lib/gcc/nios2-elf/5.3.0/../../../../../H-x86_64-mingw32/nios2-elf/lib\libc.a(lib_a-mprec.o)
                0x0000000010106610                __hi0bits
 .text.__lo0bits
                0x0000000010106678       0xb0 d:/quartus/nios2eds/bin/gnu/h-x86_64-mingw32/bin/../lib/gcc/nios2-elf/5.3.0/../../../../../H-x86_64-mingw32/nios2-elf/lib\libc.a(lib_a-mprec.o)
                0x0000000010106678                __lo0bits
 .text.__i2b    0x0000000010106728       0x3c d:/quartus/nios2eds/bin/gnu/h-x86_64-mingw32/bin/../lib/gcc/nios2-elf/5.3.0/../../../../../H-x86_64-mingw32/nios2-elf/lib\libc.a(lib_a-mprec.o)
                0x0000000010106728                __i2b
 .text.__multiply
                0x0000000010106764      0x1f8 d:/quartus/nios2eds/bin/gnu/h-x86_64-mingw32/bin/../lib/gcc/nios2-elf/5.3.0/../../../../../H-x86_64-mingw32/nios2-elf/lib\libc.a(lib_a-mprec.o)
                0x0000000010106764                __multiply
 .text.__pow5mult
                0x000000001010695c      0x140 d:/quartus/nios2eds/bin/gnu/h-x86_64-mingw32/bin/../lib/gcc/nios2-elf/5.3.0/../../../../../H-x86_64-mingw32/nios2-elf/lib\libc.a(lib_a-mprec.o)
                0x000000001010695c                __pow5mult
 .text.__lshift
                0x0000000010106a9c      0x148 d:/quartus/nios2eds/bin/gnu/h-x86_64-mingw32/bin/../lib/gcc/nios2-elf/5.3.0/../../../../../H-x86_64-mingw32/nios2-elf/lib\libc.a(lib_a-mprec.o)
                0x0000000010106a9c                __lshift
 .text.__mcmp   0x0000000010106be4       0x60 d:/quartus/nios2eds/bin/gnu/h-x86_64-mingw32/bin/../lib/gcc/nios2-elf/5.3.0/../../../../../H-x86_64-mingw32/nios2-elf/lib\libc.a(lib_a-mprec.o)
                0x0000000010106be4                __mcmp
 .text.__mdiff  0x0000000010106c44      0x1fc d:/quartus/nios2eds/bin/gnu/h-x86_64-mingw32/bin/../lib/gcc/nios2-elf/5.3.0/../../../../../H-x86_64-mingw32/nios2-elf/lib\libc.a(lib_a-mprec.o)
                0x0000000010106c44                __mdiff
 .text.__ulp    0x0000000010106e40       0x64 d:/quartus/nios2eds/bin/gnu/h-x86_64-mingw32/bin/../lib/gcc/nios2-elf/5.3.0/../../../../../H-x86_64-mingw32/nios2-elf/lib\libc.a(lib_a-mprec.o)
                0x0000000010106e40                __ulp
 .text.__b2d    0x0000000010106ea4      0x10c d:/quartus/nios2eds/bin/gnu/h-x86_64-mingw32/bin/../lib/gcc/nios2-elf/5.3.0/../../../../../H-x86_64-mingw32/nios2-elf/lib\libc.a(lib_a-mprec.o)
                0x0000000010106ea4                __b2d
 .text.__d2b    0x0000000010106fb0      0x14c d:/quartus/nios2eds/bin/gnu/h-x86_64-mingw32/bin/../lib/gcc/nios2-elf/5.3.0/../../../../../H-x86_64-mingw32/nios2-elf/lib\libc.a(lib_a-mprec.o)
                0x0000000010106fb0                __d2b
 .text.__ratio  0x00000000101070fc       0xa4 d:/quartus/nios2eds/bin/gnu/h-x86_64-mingw32/bin/../lib/gcc/nios2-elf/5.3.0/../../../../../H-x86_64-mingw32/nios2-elf/lib\libc.a(lib_a-mprec.o)
                0x00000000101070fc                __ratio
 .text._mprec_log10
                0x00000000101071a0       0x74 d:/quartus/nios2eds/bin/gnu/h-x86_64-mingw32/bin/../lib/gcc/nios2-elf/5.3.0/../../../../../H-x86_64-mingw32/nios2-elf/lib\libc.a(lib_a-mprec.o)
                0x00000000101071a0                _mprec_log10
 .text.__copybits
                0x0000000010107214       0x78 d:/quartus/nios2eds/bin/gnu/h-x86_64-mingw32/bin/../lib/gcc/nios2-elf/5.3.0/../../../../../H-x86_64-mingw32/nios2-elf/lib\libc.a(lib_a-mprec.o)
                0x0000000010107214                __copybits
 .text.__any_on
                0x000000001010728c       0x8c d:/quartus/nios2eds/bin/gnu/h-x86_64-mingw32/bin/../lib/gcc/nios2-elf/5.3.0/../../../../../H-x86_64-mingw32/nios2-elf/lib\libc.a(lib_a-mprec.o)
                0x000000001010728c                __any_on
 .text          0x0000000010107318        0x0 d:/quartus/nios2eds/bin/gnu/h-x86_64-mingw32/bin/../lib/gcc/nios2-elf/5.3.0/../../../../../H-x86_64-mingw32/nios2-elf/lib\libc.a(lib_a-reallocr.o)
 .text._realloc_r
                0x0000000010107318      0x564 d:/quartus/nios2eds/bin/gnu/h-x86_64-mingw32/bin/../lib/gcc/nios2-elf/5.3.0/../../../../../H-x86_64-mingw32/nios2-elf/lib\libc.a(lib_a-reallocr.o)
                0x0000000010107318                _realloc_r
 .text          0x000000001010787c        0x0 d:/quartus/nios2eds/bin/gnu/h-x86_64-mingw32/bin/../lib/gcc/nios2-elf/5.3.0/../../../../../H-x86_64-mingw32/nios2-elf/lib\libc.a(lib_a-s_fpclassify.o)
 .text.__fpclassifyd
                0x000000001010787c       0x74 d:/quartus/nios2eds/bin/gnu/h-x86_64-mingw32/bin/../lib/gcc/nios2-elf/5.3.0/../../../../../H-x86_64-mingw32/nios2-elf/lib\libc.a(lib_a-s_fpclassify.o)
                0x000000001010787c                __fpclassifyd
 .text          0x00000000101078f0        0x0 d:/quartus/nios2eds/bin/gnu/h-x86_64-mingw32/bin/../lib/gcc/nios2-elf/5.3.0/../../../../../H-x86_64-mingw32/nios2-elf/lib\libc.a(lib_a-sbrkr.o)
 .text._sbrk_r  0x00000000101078f0       0x54 d:/quartus/nios2eds/bin/gnu/h-x86_64-mingw32/bin/../lib/gcc/nios2-elf/5.3.0/../../../../../H-x86_64-mingw32/nios2-elf/lib\libc.a(lib_a-sbrkr.o)
                0x00000000101078f0                _sbrk_r
 .text          0x0000000010107944        0x0 d:/quartus/nios2eds/bin/gnu/h-x86_64-mingw32/bin/../lib/gcc/nios2-elf/5.3.0/../../../../../H-x86_64-mingw32/nios2-elf/lib\libc.a(lib_a-stdio.o)
 .text.__sread  0x0000000010107944       0x54 d:/quartus/nios2eds/bin/gnu/h-x86_64-mingw32/bin/../lib/gcc/nios2-elf/5.3.0/../../../../../H-x86_64-mingw32/nios2-elf/lib\libc.a(lib_a-stdio.o)
                0x0000000010107944                __sread
 .text.__seofread
                0x0000000010107998        0x8 d:/quartus/nios2eds/bin/gnu/h-x86_64-mingw32/bin/../lib/gcc/nios2-elf/5.3.0/../../../../../H-x86_64-mingw32/nios2-elf/lib\libc.a(lib_a-stdio.o)
                0x0000000010107998                __seofread
 .text.__swrite
                0x00000000101079a0       0x7c d:/quartus/nios2eds/bin/gnu/h-x86_64-mingw32/bin/../lib/gcc/nios2-elf/5.3.0/../../../../../H-x86_64-mingw32/nios2-elf/lib\libc.a(lib_a-stdio.o)
                0x00000000101079a0                __swrite
 .text.__sseek  0x0000000010107a1c       0x5c d:/quartus/nios2eds/bin/gnu/h-x86_64-mingw32/bin/../lib/gcc/nios2-elf/5.3.0/../../../../../H-x86_64-mingw32/nios2-elf/lib\libc.a(lib_a-stdio.o)
                0x0000000010107a1c                __sseek
 .text.__sclose
                0x0000000010107a78        0x8 d:/quartus/nios2eds/bin/gnu/h-x86_64-mingw32/bin/../lib/gcc/nios2-elf/5.3.0/../../../../../H-x86_64-mingw32/nios2-elf/lib\libc.a(lib_a-stdio.o)
                0x0000000010107a78                __sclose
 .text          0x0000000010107a80        0x0 d:/quartus/nios2eds/bin/gnu/h-x86_64-mingw32/bin/../lib/gcc/nios2-elf/5.3.0/../../../../../H-x86_64-mingw32/nios2-elf/lib\libc.a(lib_a-strcmp.o)
 .text.strcmp   0x0000000010107a80       0xdc d:/quartus/nios2eds/bin/gnu/h-x86_64-mingw32/bin/../lib/gcc/nios2-elf/5.3.0/../../../../../H-x86_64-mingw32/nios2-elf/lib\libc.a(lib_a-strcmp.o)
                0x0000000010107a80                strcmp
 .text          0x0000000010107b5c        0x0 d:/quartus/nios2eds/bin/gnu/h-x86_64-mingw32/bin/../lib/gcc/nios2-elf/5.3.0/../../../../../H-x86_64-mingw32/nios2-elf/lib\libc.a(lib_a-vfiprintf.o)
 .text.__sprint_r.part.0
                0x0000000010107b5c       0xfc d:/quartus/nios2eds/bin/gnu/h-x86_64-mingw32/bin/../lib/gcc/nios2-elf/5.3.0/../../../../../H-x86_64-mingw32/nios2-elf/lib\libc.a(lib_a-vfiprintf.o)
 .text.__sprint_r
                0x0000000010107c58       0x18 d:/quartus/nios2eds/bin/gnu/h-x86_64-mingw32/bin/../lib/gcc/nios2-elf/5.3.0/../../../../../H-x86_64-mingw32/nios2-elf/lib\libc.a(lib_a-vfiprintf.o)
                0x0000000010107c58                __sprint_r
 .text.___vfiprintf_internal_r
                0x0000000010107c70     0x145c d:/quartus/nios2eds/bin/gnu/h-x86_64-mingw32/bin/../lib/gcc/nios2-elf/5.3.0/../../../../../H-x86_64-mingw32/nios2-elf/lib\libc.a(lib_a-vfiprintf.o)
                0x0000000010107c70                ___vfiprintf_internal_r
 .text.__vfiprintf_internal
                0x00000000101090cc       0x1c d:/quartus/nios2eds/bin/gnu/h-x86_64-mingw32/bin/../lib/gcc/nios2-elf/5.3.0/../../../../../H-x86_64-mingw32/nios2-elf/lib\libc.a(lib_a-vfiprintf.o)
                0x00000000101090cc                __vfiprintf_internal
 .text.__sbprintf
                0x00000000101090e8       0xbc d:/quartus/nios2eds/bin/gnu/h-x86_64-mingw32/bin/../lib/gcc/nios2-elf/5.3.0/../../../../../H-x86_64-mingw32/nios2-elf/lib\libc.a(lib_a-vfiprintf.o)
 .text          0x00000000101091a4        0x0 d:/quartus/nios2eds/bin/gnu/h-x86_64-mingw32/bin/../lib/gcc/nios2-elf/5.3.0/../../../../../H-x86_64-mingw32/nios2-elf/lib\libc.a(lib_a-writer.o)
 .text._write_r
                0x00000000101091a4       0x60 d:/quartus/nios2eds/bin/gnu/h-x86_64-mingw32/bin/../lib/gcc/nios2-elf/5.3.0/../../../../../H-x86_64-mingw32/nios2-elf/lib\libc.a(lib_a-writer.o)
                0x00000000101091a4                _write_r
 .text          0x0000000010109204        0x0 d:/quartus/nios2eds/bin/gnu/h-x86_64-mingw32/bin/../lib/gcc/nios2-elf/5.3.0/../../../../../H-x86_64-mingw32/nios2-elf/lib\libc.a(closer.o)
 .text._close_r
                0x0000000010109204       0x54 d:/quartus/nios2eds/bin/gnu/h-x86_64-mingw32/bin/../lib/gcc/nios2-elf/5.3.0/../../../../../H-x86_64-mingw32/nios2-elf/lib\libc.a(closer.o)
                0x0000000010109204                _close_r
 .text          0x0000000010109258        0x0 d:/quartus/nios2eds/bin/gnu/h-x86_64-mingw32/bin/../lib/gcc/nios2-elf/5.3.0/../../../../../H-x86_64-mingw32/nios2-elf/lib\libc.a(lib_a-callocr.o)
 .text._calloc_r
                0x0000000010109258       0xc4 d:/quartus/nios2eds/bin/gnu/h-x86_64-mingw32/bin/../lib/gcc/nios2-elf/5.3.0/../../../../../H-x86_64-mingw32/nios2-elf/lib\libc.a(lib_a-callocr.o)
                0x0000000010109258                _calloc_r
 .text          0x000000001010931c        0x0 d:/quartus/nios2eds/bin/gnu/h-x86_64-mingw32/bin/../lib/gcc/nios2-elf/5.3.0/../../../../../H-x86_64-mingw32/nios2-elf/lib\libc.a(lib_a-fclose.o)
 .text._fclose_r
                0x000000001010931c       0xf0 d:/quartus/nios2eds/bin/gnu/h-x86_64-mingw32/bin/../lib/gcc/nios2-elf/5.3.0/../../../../../H-x86_64-mingw32/nios2-elf/lib\libc.a(lib_a-fclose.o)
                0x000000001010931c                _fclose_r
 .text.fclose   0x000000001010940c       0x14 d:/quartus/nios2eds/bin/gnu/h-x86_64-mingw32/bin/../lib/gcc/nios2-elf/5.3.0/../../../../../H-x86_64-mingw32/nios2-elf/lib\libc.a(lib_a-fclose.o)
                0x000000001010940c                fclose
 .text          0x0000000010109420        0x0 d:/quartus/nios2eds/bin/gnu/h-x86_64-mingw32/bin/../lib/gcc/nios2-elf/5.3.0/../../../../../H-x86_64-mingw32/nios2-elf/lib\libc.a(lib_a-fputwc.o)
 .text.__fputwc
                0x0000000010109420      0x164 d:/quartus/nios2eds/bin/gnu/h-x86_64-mingw32/bin/../lib/gcc/nios2-elf/5.3.0/../../../../../H-x86_64-mingw32/nios2-elf/lib\libc.a(lib_a-fputwc.o)
                0x0000000010109420                __fputwc
 .text._fputwc_r
                0x0000000010109584       0x24 d:/quartus/nios2eds/bin/gnu/h-x86_64-mingw32/bin/../lib/gcc/nios2-elf/5.3.0/../../../../../H-x86_64-mingw32/nios2-elf/lib\libc.a(lib_a-fputwc.o)
                0x0000000010109584                _fputwc_r
 .text.fputwc   0x00000000101095a8       0x80 d:/quartus/nios2eds/bin/gnu/h-x86_64-mingw32/bin/../lib/gcc/nios2-elf/5.3.0/../../../../../H-x86_64-mingw32/nios2-elf/lib\libc.a(lib_a-fputwc.o)
                0x00000000101095a8                fputwc
 .text          0x0000000010109628        0x0 d:/quartus/nios2eds/bin/gnu/h-x86_64-mingw32/bin/../lib/gcc/nios2-elf/5.3.0/../../../../../H-x86_64-mingw32/nios2-elf/lib\libc.a(lib_a-fstatr.o)
 .text._fstat_r
                0x0000000010109628       0x5c d:/quartus/nios2eds/bin/gnu/h-x86_64-mingw32/bin/../lib/gcc/nios2-elf/5.3.0/../../../../../H-x86_64-mingw32/nios2-elf/lib\libc.a(lib_a-fstatr.o)
                0x0000000010109628                _fstat_r
 .text          0x0000000010109684        0x0 d:/quartus/nios2eds/bin/gnu/h-x86_64-mingw32/bin/../lib/gcc/nios2-elf/5.3.0/../../../../../H-x86_64-mingw32/nios2-elf/lib\libc.a(lib_a-int_errno.o)
 .text          0x0000000010109684        0x0 d:/quartus/nios2eds/bin/gnu/h-x86_64-mingw32/bin/../lib/gcc/nios2-elf/5.3.0/../../../../../H-x86_64-mingw32/nios2-elf/lib\libc.a(lib_a-isattyr.o)
 .text._isatty_r
                0x0000000010109684       0x54 d:/quartus/nios2eds/bin/gnu/h-x86_64-mingw32/bin/../lib/gcc/nios2-elf/5.3.0/../../../../../H-x86_64-mingw32/nios2-elf/lib\libc.a(lib_a-isattyr.o)
                0x0000000010109684                _isatty_r
 .text          0x00000000101096d8        0x0 d:/quartus/nios2eds/bin/gnu/h-x86_64-mingw32/bin/../lib/gcc/nios2-elf/5.3.0/../../../../../H-x86_64-mingw32/nios2-elf/lib\libc.a(lib_a-lseekr.o)
 .text._lseek_r
                0x00000000101096d8       0x60 d:/quartus/nios2eds/bin/gnu/h-x86_64-mingw32/bin/../lib/gcc/nios2-elf/5.3.0/../../../../../H-x86_64-mingw32/nios2-elf/lib\libc.a(lib_a-lseekr.o)
                0x00000000101096d8                _lseek_r
 .text          0x0000000010109738        0x0 d:/quartus/nios2eds/bin/gnu/h-x86_64-mingw32/bin/../lib/gcc/nios2-elf/5.3.0/../../../../../H-x86_64-mingw32/nios2-elf/lib\libc.a(lib_a-readr.o)
 .text._read_r  0x0000000010109738       0x60 d:/quartus/nios2eds/bin/gnu/h-x86_64-mingw32/bin/../lib/gcc/nios2-elf/5.3.0/../../../../../H-x86_64-mingw32/nios2-elf/lib\libc.a(lib_a-readr.o)
                0x0000000010109738                _read_r
 .text          0x0000000010109798        0x0 d:/quartus/nios2eds/bin/gnu/h-x86_64-mingw32/bin/../lib/gcc/nios2-elf/5.3.0/../../../../../H-x86_64-mingw32/nios2-elf/lib\libc.a(lib_a-wbuf.o)
 .text.__swbuf_r
                0x0000000010109798      0x140 d:/quartus/nios2eds/bin/gnu/h-x86_64-mingw32/bin/../lib/gcc/nios2-elf/5.3.0/../../../../../H-x86_64-mingw32/nios2-elf/lib\libc.a(lib_a-wbuf.o)
                0x0000000010109798                __swbuf_r
 .text.__swbuf  0x00000000101098d8       0x18 d:/quartus/nios2eds/bin/gnu/h-x86_64-mingw32/bin/../lib/gcc/nios2-elf/5.3.0/../../../../../H-x86_64-mingw32/nios2-elf/lib\libc.a(lib_a-wbuf.o)
                0x00000000101098d8                __swbuf
 .text          0x00000000101098f0        0x0 d:/quartus/nios2eds/bin/gnu/h-x86_64-mingw32/bin/../lib/gcc/nios2-elf/5.3.0/../../../../../H-x86_64-mingw32/nios2-elf/lib\libc.a(lib_a-wcrtomb.o)
 .text._wcrtomb_r
                0x00000000101098f0       0x9c d:/quartus/nios2eds/bin/gnu/h-x86_64-mingw32/bin/../lib/gcc/nios2-elf/5.3.0/../../../../../H-x86_64-mingw32/nios2-elf/lib\libc.a(lib_a-wcrtomb.o)
                0x00000000101098f0                _wcrtomb_r
 .text.wcrtomb  0x000000001010998c       0xc0 d:/quartus/nios2eds/bin/gnu/h-x86_64-mingw32/bin/../lib/gcc/nios2-elf/5.3.0/../../../../../H-x86_64-mingw32/nios2-elf/lib\libc.a(lib_a-wcrtomb.o)
                0x000000001010998c                wcrtomb
 .text          0x0000000010109a4c        0x0 d:/quartus/nios2eds/bin/gnu/h-x86_64-mingw32/bin/../lib/gcc/nios2-elf/5.3.0/../../../../../H-x86_64-mingw32/nios2-elf/lib\libc.a(lib_a-wctomb_r.o)
 .text.__ascii_wctomb
                0x0000000010109a4c       0x30 d:/quartus/nios2eds/bin/gnu/h-x86_64-mingw32/bin/../lib/gcc/nios2-elf/5.3.0/../../../../../H-x86_64-mingw32/nios2-elf/lib\libc.a(lib_a-wctomb_r.o)
                0x0000000010109a4c                __ascii_wctomb
 .text._wctomb_r
                0x0000000010109a7c       0x5c d:/quartus/nios2eds/bin/gnu/h-x86_64-mingw32/bin/../lib/gcc/nios2-elf/5.3.0/../../../../../H-x86_64-mingw32/nios2-elf/lib\libc.a(lib_a-wctomb_r.o)
                0x0000000010109a7c                _wctomb_r
 .text          0x0000000010109ad8      0x578 d:/quartus/nios2eds/bin/gnu/h-x86_64-mingw32/bin/../lib/gcc/nios2-elf/5.3.0\libgcc.a(_udivdi3.o)
                0x0000000010109ad8                __udivdi3
 .text          0x000000001010a050      0x538 d:/quartus/nios2eds/bin/gnu/h-x86_64-mingw32/bin/../lib/gcc/nios2-elf/5.3.0\libgcc.a(_umoddi3.o)
                0x000000001010a050                __umoddi3
 .text          0x000000001010a588      0x1b4 d:/quartus/nios2eds/bin/gnu/h-x86_64-mingw32/bin/../lib/gcc/nios2-elf/5.3.0\libgcc.a(lib2-divmod.o)
                0x000000001010a588                __divsi3
                0x000000001010a60c                __modsi3
                0x000000001010a680                __udivsi3
                0x000000001010a6e4                __umodsi3
 .text          0x000000001010a73c      0x8ac d:/quartus/nios2eds/bin/gnu/h-x86_64-mingw32/bin/../lib/gcc/nios2-elf/5.3.0\libgcc.a(adddf3.o)
                0x000000001010a73c                __adddf3
 .text          0x000000001010afe8      0x8e8 d:/quartus/nios2eds/bin/gnu/h-x86_64-mingw32/bin/../lib/gcc/nios2-elf/5.3.0\libgcc.a(divdf3.o)
                0x000000001010afe8                __divdf3
 .text          0x000000001010b8d0       0x88 d:/quartus/nios2eds/bin/gnu/h-x86_64-mingw32/bin/../lib/gcc/nios2-elf/5.3.0\libgcc.a(eqdf2.o)
                0x000000001010b8d0                __nedf2
                0x000000001010b8d0                __eqdf2
 .text          0x000000001010b958       0xdc d:/quartus/nios2eds/bin/gnu/h-x86_64-mingw32/bin/../lib/gcc/nios2-elf/5.3.0\libgcc.a(gedf2.o)
                0x000000001010b958                __gedf2
                0x000000001010b958                __gtdf2
 .text          0x000000001010ba34       0xf4 d:/quartus/nios2eds/bin/gnu/h-x86_64-mingw32/bin/../lib/gcc/nios2-elf/5.3.0\libgcc.a(ledf2.o)
                0x000000001010ba34                __ledf2
                0x000000001010ba34                __ltdf2
 .text          0x000000001010bb28      0x718 d:/quartus/nios2eds/bin/gnu/h-x86_64-mingw32/bin/../lib/gcc/nios2-elf/5.3.0\libgcc.a(muldf3.o)
                0x000000001010bb28                __muldf3
 .text          0x000000001010c240      0x8fc d:/quartus/nios2eds/bin/gnu/h-x86_64-mingw32/bin/../lib/gcc/nios2-elf/5.3.0\libgcc.a(subdf3.o)
                0x000000001010c240                __subdf3
 .text          0x000000001010cb3c       0x80 d:/quartus/nios2eds/bin/gnu/h-x86_64-mingw32/bin/../lib/gcc/nios2-elf/5.3.0\libgcc.a(fixdfsi.o)
                0x000000001010cb3c                __fixdfsi
 .text          0x000000001010cbbc       0xdc d:/quartus/nios2eds/bin/gnu/h-x86_64-mingw32/bin/../lib/gcc/nios2-elf/5.3.0\libgcc.a(floatsidf.o)
                0x000000001010cbbc                __floatsidf
 .text          0x000000001010cc98       0xa8 d:/quartus/nios2eds/bin/gnu/h-x86_64-mingw32/bin/../lib/gcc/nios2-elf/5.3.0\libgcc.a(floatunsidf.o)
                0x000000001010cc98                __floatunsidf
 .text          0x000000001010cd40        0x0 d:/quartus/nios2eds/bin/gnu/h-x86_64-mingw32/bin/../lib/gcc/nios2-elf/5.3.0\libgcc.a(_clz.o)
 .text          0x000000001010cd40       0x64 d:/quartus/nios2eds/bin/gnu/h-x86_64-mingw32/bin/../lib/gcc/nios2-elf/5.3.0\libgcc.a(_clzsi2.o)
                0x000000001010cd40                __clzsi2
 .text          0x000000001010cda4      0x10c C:/Users/nicca/DeskDoc/EmbeddedSystems/Embedded_Systems/lab_4_project_template/sw/nios/Labo4_LCD_bsp/\libhal_bsp.a(alt_close.o)
                0x000000001010cde0                close
 .text          0x000000001010ceb0       0x2c C:/Users/nicca/DeskDoc/EmbeddedSystems/Embedded_Systems/lab_4_project_template/sw/nios/Labo4_LCD_bsp/\libhal_bsp.a(alt_dev.o)
 .text          0x000000001010cedc        0x0 C:/Users/nicca/DeskDoc/EmbeddedSystems/Embedded_Systems/lab_4_project_template/sw/nios/Labo4_LCD_bsp/\libhal_bsp.a(alt_errno.o)
 .text          0x000000001010cedc       0xec C:/Users/nicca/DeskDoc/EmbeddedSystems/Embedded_Systems/lab_4_project_template/sw/nios/Labo4_LCD_bsp/\libhal_bsp.a(alt_fstat.o)
                0x000000001010cf18                fstat
 .text          0x000000001010cfc8       0xe0 C:/Users/nicca/DeskDoc/EmbeddedSystems/Embedded_Systems/lab_4_project_template/sw/nios/Labo4_LCD_bsp/\libhal_bsp.a(alt_isatty.o)
                0x000000001010d004                isatty
 .text          0x000000001010d0a8       0xec C:/Users/nicca/DeskDoc/EmbeddedSystems/Embedded_Systems/lab_4_project_template/sw/nios/Labo4_LCD_bsp/\libhal_bsp.a(alt_load.o)
                0x000000001010d110                alt_load
 .text          0x000000001010d194      0x110 C:/Users/nicca/DeskDoc/EmbeddedSystems/Embedded_Systems/lab_4_project_template/sw/nios/Labo4_LCD_bsp/\libhal_bsp.a(alt_lseek.o)
                0x000000001010d1d0                lseek
 .text          0x000000001010d2a4       0x7c C:/Users/nicca/DeskDoc/EmbeddedSystems/Embedded_Systems/lab_4_project_template/sw/nios/Labo4_LCD_bsp/\libhal_bsp.a(alt_main.o)
                0x000000001010d2a4                alt_main
 .text          0x000000001010d320       0x48 C:/Users/nicca/DeskDoc/EmbeddedSystems/Embedded_Systems/lab_4_project_template/sw/nios/Labo4_LCD_bsp/\libhal_bsp.a(alt_malloc_lock.o)
                0x000000001010d320                __malloc_lock
                0x000000001010d344                __malloc_unlock
 .text          0x000000001010d368      0x138 C:/Users/nicca/DeskDoc/EmbeddedSystems/Embedded_Systems/lab_4_project_template/sw/nios/Labo4_LCD_bsp/\libhal_bsp.a(alt_read.o)
                0x000000001010d3a4                read
 .text          0x000000001010d4a0       0x64 C:/Users/nicca/DeskDoc/EmbeddedSystems/Embedded_Systems/lab_4_project_template/sw/nios/Labo4_LCD_bsp/\libhal_bsp.a(alt_release_fd.o)
                0x000000001010d4a0                alt_release_fd
 .text          0x000000001010d504       0xb0 C:/Users/nicca/DeskDoc/EmbeddedSystems/Embedded_Systems/lab_4_project_template/sw/nios/Labo4_LCD_bsp/\libhal_bsp.a(alt_sbrk.o)
                0x000000001010d504                sbrk
 .text          0x000000001010d5b4      0x134 C:/Users/nicca/DeskDoc/EmbeddedSystems/Embedded_Systems/lab_4_project_template/sw/nios/Labo4_LCD_bsp/\libhal_bsp.a(alt_write.o)
                0x000000001010d5f0                write
 .text          0x000000001010d6e8       0xb4 C:/Users/nicca/DeskDoc/EmbeddedSystems/Embedded_Systems/lab_4_project_template/sw/nios/Labo4_LCD_bsp/\libhal_bsp.a(alt_sys_init.o)
                0x000000001010d71c                alt_irq_init
                0x000000001010d754                alt_sys_init
 .text          0x000000001010d79c      0x164 C:/Users/nicca/DeskDoc/EmbeddedSystems/Embedded_Systems/lab_4_project_template/sw/nios/Labo4_LCD_bsp/\libhal_bsp.a(altera_avalon_jtag_uart_fd.o)
                0x000000001010d79c                altera_avalon_jtag_uart_read_fd
                0x000000001010d7fc                altera_avalon_jtag_uart_write_fd
                0x000000001010d85c                altera_avalon_jtag_uart_close_fd
                0x000000001010d8ac                altera_avalon_jtag_uart_ioctl_fd
 .text          0x000000001010d900      0x3d4 C:/Users/nicca/DeskDoc/EmbeddedSystems/Embedded_Systems/lab_4_project_template/sw/nios/Labo4_LCD_bsp/\libhal_bsp.a(altera_avalon_jtag_uart_init.o)
                0x000000001010d900                altera_avalon_jtag_uart_init
                0x000000001010dc6c                altera_avalon_jtag_uart_close
 .text          0x000000001010dcd4       0xf0 C:/Users/nicca/DeskDoc/EmbeddedSystems/Embedded_Systems/lab_4_project_template/sw/nios/Labo4_LCD_bsp/\libhal_bsp.a(altera_avalon_jtag_uart_ioctl.o)
                0x000000001010dcd4                altera_avalon_jtag_uart_ioctl
 .text          0x000000001010ddc4      0x21c C:/Users/nicca/DeskDoc/EmbeddedSystems/Embedded_Systems/lab_4_project_template/sw/nios/Labo4_LCD_bsp/\libhal_bsp.a(altera_avalon_jtag_uart_read.o)
                0x000000001010ddc4                altera_avalon_jtag_uart_read
 .text          0x000000001010dfe0      0x224 C:/Users/nicca/DeskDoc/EmbeddedSystems/Embedded_Systems/lab_4_project_template/sw/nios/Labo4_LCD_bsp/\libhal_bsp.a(altera_avalon_jtag_uart_write.o)
                0x000000001010dfe0                altera_avalon_jtag_uart_write
 .text          0x000000001010e204      0x12c C:/Users/nicca/DeskDoc/EmbeddedSystems/Embedded_Systems/lab_4_project_template/sw/nios/Labo4_LCD_bsp/\libhal_bsp.a(alt_alarm_start.o)
                0x000000001010e204                alt_alarm_start
 .text          0x000000001010e330       0x48 C:/Users/nicca/DeskDoc/EmbeddedSystems/Embedded_Systems/lab_4_project_template/sw/nios/Labo4_LCD_bsp/\libhal_bsp.a(alt_dcache_flush_all.o)
                0x000000001010e330                alt_dcache_flush_all
 .text          0x000000001010e378       0xe0 C:/Users/nicca/DeskDoc/EmbeddedSystems/Embedded_Systems/lab_4_project_template/sw/nios/Labo4_LCD_bsp/\libhal_bsp.a(alt_dev_llist_insert.o)
                0x000000001010e3b4                alt_dev_llist_insert
 .text          0x000000001010e458       0x60 C:/Users/nicca/DeskDoc/EmbeddedSystems/Embedded_Systems/lab_4_project_template/sw/nios/Labo4_LCD_bsp/\libhal_bsp.a(alt_do_ctors.o)
                0x000000001010e458                _do_ctors
 .text          0x000000001010e4b8       0x60 C:/Users/nicca/DeskDoc/EmbeddedSystems/Embedded_Systems/lab_4_project_template/sw/nios/Labo4_LCD_bsp/\libhal_bsp.a(alt_do_dtors.o)
                0x000000001010e4b8                _do_dtors
 .text          0x000000001010e518       0x34 C:/Users/nicca/DeskDoc/EmbeddedSystems/Embedded_Systems/lab_4_project_template/sw/nios/Labo4_LCD_bsp/\libhal_bsp.a(alt_icache_flush_all.o)
                0x000000001010e518                alt_icache_flush_all
 .text          0x000000001010e54c      0x1b0 C:/Users/nicca/DeskDoc/EmbeddedSystems/Embedded_Systems/lab_4_project_template/sw/nios/Labo4_LCD_bsp/\libhal_bsp.a(alt_iic.o)
                0x000000001010e54c                alt_ic_isr_register
                0x000000001010e59c                alt_ic_irq_enable
                0x000000001010e624                alt_ic_irq_disable
                0x000000001010e6b0                alt_ic_irq_enabled
 .text          0x000000001010e6fc       0xf0 C:/Users/nicca/DeskDoc/EmbeddedSystems/Embedded_Systems/lab_4_project_template/sw/nios/Labo4_LCD_bsp/\libhal_bsp.a(alt_iic_isr_register.o)
                0x000000001010e6fc                alt_iic_isr_register
 .text          0x000000001010e7ec      0x140 C:/Users/nicca/DeskDoc/EmbeddedSystems/Embedded_Systems/lab_4_project_template/sw/nios/Labo4_LCD_bsp/\libhal_bsp.a(alt_io_redirect.o)
                0x000000001010e8b0                alt_io_redirect
 .text          0x000000001010e92c        0x0 C:/Users/nicca/DeskDoc/EmbeddedSystems/Embedded_Systems/lab_4_project_template/sw/nios/Labo4_LCD_bsp/\libhal_bsp.a(alt_irq_entry.o)
 .text          0x000000001010e92c        0x0 C:/Users/nicca/DeskDoc/EmbeddedSystems/Embedded_Systems/lab_4_project_template/sw/nios/Labo4_LCD_bsp/\libhal_bsp.a(alt_irq_handler.o)
 .text          0x000000001010e92c        0x0 C:/Users/nicca/DeskDoc/EmbeddedSystems/Embedded_Systems/lab_4_project_template/sw/nios/Labo4_LCD_bsp/\libhal_bsp.a(alt_irq_vars.o)
 .text          0x000000001010e92c      0x254 C:/Users/nicca/DeskDoc/EmbeddedSystems/Embedded_Systems/lab_4_project_template/sw/nios/Labo4_LCD_bsp/\libhal_bsp.a(alt_open.o)
                0x000000001010ea2c                open
 .text          0x000000001010eb80      0x1a4 C:/Users/nicca/DeskDoc/EmbeddedSystems/Embedded_Systems/lab_4_project_template/sw/nios/Labo4_LCD_bsp/\libhal_bsp.a(alt_tick.o)
                0x000000001010eb80                alt_alarm_stop
                0x000000001010ec1c                alt_tick
 .text          0x000000001010ed24       0x24 C:/Users/nicca/DeskDoc/EmbeddedSystems/Embedded_Systems/lab_4_project_template/sw/nios/Labo4_LCD_bsp/\libhal_bsp.a(altera_nios2_gen2_irq.o)
                0x000000001010ed24                altera_nios2_gen2_irq_init
 .text          0x000000001010ed48        0x0 C:/Users/nicca/DeskDoc/EmbeddedSystems/Embedded_Systems/lab_4_project_template/sw/nios/Labo4_LCD_bsp/\libhal_bsp.a(alt_exception_entry.o)
 .text          0x000000001010ed48       0x90 C:/Users/nicca/DeskDoc/EmbeddedSystems/Embedded_Systems/lab_4_project_template/sw/nios/Labo4_LCD_bsp/\libhal_bsp.a(alt_find_dev.o)
                0x000000001010ed48                alt_find_dev
 .text          0x000000001010edd8      0x108 C:/Users/nicca/DeskDoc/EmbeddedSystems/Embedded_Systems/lab_4_project_template/sw/nios/Labo4_LCD_bsp/\libhal_bsp.a(alt_find_file.o)
                0x000000001010edd8                alt_find_file
 .text          0x000000001010eee0       0xa4 C:/Users/nicca/DeskDoc/EmbeddedSystems/Embedded_Systems/lab_4_project_template/sw/nios/Labo4_LCD_bsp/\libhal_bsp.a(alt_get_fd.o)
                0x000000001010eee0                alt_get_fd
 .text          0x000000001010ef84       0x90 C:/Users/nicca/DeskDoc/EmbeddedSystems/Embedded_Systems/lab_4_project_template/sw/nios/Labo4_LCD_bsp/\libhal_bsp.a(alt_icache_flush.o)
                0x000000001010ef84                alt_icache_flush
 .text          0x000000001010f014       0x9c C:/Users/nicca/DeskDoc/EmbeddedSystems/Embedded_Systems/lab_4_project_template/sw/nios/Labo4_LCD_bsp/\libhal_bsp.a(alt_instruction_exception_entry.o)
                0x000000001010f014                alt_exception_cause_generated_bad_addr
 .text          0x000000001010f0b0        0x0 d:/quartus/nios2eds/bin/gnu/h-x86_64-mingw32/bin/../lib/gcc/nios2-elf/5.3.0/../../../../../H-x86_64-mingw32/nios2-elf/lib\libc.a(lib_a-atexit.o)
 .text.atexit   0x000000001010f0b0       0x14 d:/quartus/nios2eds/bin/gnu/h-x86_64-mingw32/bin/../lib/gcc/nios2-elf/5.3.0/../../../../../H-x86_64-mingw32/nios2-elf/lib\libc.a(lib_a-atexit.o)
                0x000000001010f0b0                atexit
 .text          0x000000001010f0c4        0x0 d:/quartus/nios2eds/bin/gnu/h-x86_64-mingw32/bin/../lib/gcc/nios2-elf/5.3.0/../../../../../H-x86_64-mingw32/nios2-elf/lib\libc.a(lib_a-exit.o)
 .text.exit     0x000000001010f0c4       0x38 d:/quartus/nios2eds/bin/gnu/h-x86_64-mingw32/bin/../lib/gcc/nios2-elf/5.3.0/../../../../../H-x86_64-mingw32/nios2-elf/lib\libc.a(lib_a-exit.o)
                0x000000001010f0c4                exit
 .text          0x000000001010f0fc        0x0 d:/quartus/nios2eds/bin/gnu/h-x86_64-mingw32/bin/../lib/gcc/nios2-elf/5.3.0/../../../../../H-x86_64-mingw32/nios2-elf/lib\libc.a(lib_a-memcmp.o)
 .text.memcmp   0x000000001010f0fc       0x7c d:/quartus/nios2eds/bin/gnu/h-x86_64-mingw32/bin/../lib/gcc/nios2-elf/5.3.0/../../../../../H-x86_64-mingw32/nios2-elf/lib\libc.a(lib_a-memcmp.o)
                0x000000001010f0fc                memcmp
 .text          0x000000001010f178        0x0 d:/quartus/nios2eds/bin/gnu/h-x86_64-mingw32/bin/../lib/gcc/nios2-elf/5.3.0/../../../../../H-x86_64-mingw32/nios2-elf/lib\libc.a(lib_a-__atexit.o)
 .text.__register_exitproc
                0x000000001010f178      0x118 d:/quartus/nios2eds/bin/gnu/h-x86_64-mingw32/bin/../lib/gcc/nios2-elf/5.3.0/../../../../../H-x86_64-mingw32/nios2-elf/lib\libc.a(lib_a-__atexit.o)
                0x000000001010f178                __register_exitproc
 .text          0x000000001010f290        0x0 d:/quartus/nios2eds/bin/gnu/h-x86_64-mingw32/bin/../lib/gcc/nios2-elf/5.3.0/../../../../../H-x86_64-mingw32/nios2-elf/lib\libc.a(lib_a-__call_atexit.o)
 .text.__call_exitprocs
                0x000000001010f290      0x180 d:/quartus/nios2eds/bin/gnu/h-x86_64-mingw32/bin/../lib/gcc/nios2-elf/5.3.0/../../../../../H-x86_64-mingw32/nios2-elf/lib\libc.a(lib_a-__call_atexit.o)
                0x000000001010f290                __call_exitprocs
 .text          0x000000001010f410       0x34 C:/Users/nicca/DeskDoc/EmbeddedSystems/Embedded_Systems/lab_4_project_template/sw/nios/Labo4_LCD_bsp/\libhal_bsp.a(alt_exit.o)
                0x000000001010f410                _exit
 *(.gnu.warning.*)
 *(.fini)
                [!provide]                        PROVIDE (__etext, ABSOLUTE (.))
                [!provide]                        PROVIDE (_etext, ABSOLUTE (.))
                [!provide]                        PROVIDE (etext, ABSOLUTE (.))
 *(.eh_frame_hdr)
                0x000000001010f444                . = ALIGN (0x4)
                [!provide]                        PROVIDE (__preinit_array_start, ABSOLUTE (.))
 *(.preinit_array)
                [!provide]                        PROVIDE (__preinit_array_end, ABSOLUTE (.))
                [!provide]                        PROVIDE (__init_array_start, ABSOLUTE (.))
 *(.init_array)
                [!provide]                        PROVIDE (__init_array_end, ABSOLUTE (.))
                [!provide]                        PROVIDE (__fini_array_start, ABSOLUTE (.))
 *(.fini_array)
                [!provide]                        PROVIDE (__fini_array_end, ABSOLUTE (.))
 *(.eh_frame)
 *(.gcc_except_table .gcc_except_table.*)
 *(.dynamic)
                0x000000001010f444                PROVIDE (__CTOR_LIST__, ABSOLUTE (.))
 *(.ctors)
 *(SORT(.ctors.*))
                0x000000001010f444                PROVIDE (__CTOR_END__, ABSOLUTE (.))
                0x000000001010f444                PROVIDE (__DTOR_LIST__, ABSOLUTE (.))
 *(.dtors)
 *(SORT(.dtors.*))
                0x000000001010f444                PROVIDE (__DTOR_END__, ABSOLUTE (.))
 *(.jcr)
                0x000000001010f444                . = ALIGN (0x4)

.rodata         0x000000001010f444      0x30c
                0x000000001010f444                PROVIDE (__ram_rodata_start, ABSOLUTE (.))
                0x000000001010f444                . = ALIGN (0x4)
 *(.rodata .rodata.* .gnu.linkonce.r.*)
 .rodata        0x000000001010f444        0xb obj/default/main.o
 *fill*         0x000000001010f44f        0x1 
 .rodata.str1.4
                0x000000001010f450        0x2 d:/quartus/nios2eds/bin/gnu/h-x86_64-mingw32/bin/../lib/gcc/nios2-elf/5.3.0/../../../../../H-x86_64-mingw32/nios2-elf/lib\libc.a(lib_a-puts.o)
 *fill*         0x000000001010f452        0x2 
 .rodata.str1.4
                0x000000001010f454       0x42 d:/quartus/nios2eds/bin/gnu/h-x86_64-mingw32/bin/../lib/gcc/nios2-elf/5.3.0/../../../../../H-x86_64-mingw32/nios2-elf/lib\libc.a(lib_a-vfprintf.o)
 .rodata.zeroes.4404
                0x000000001010f496       0x10 d:/quartus/nios2eds/bin/gnu/h-x86_64-mingw32/bin/../lib/gcc/nios2-elf/5.3.0/../../../../../H-x86_64-mingw32/nios2-elf/lib\libc.a(lib_a-vfprintf.o)
 .rodata.blanks.4403
                0x000000001010f4a6       0x10 d:/quartus/nios2eds/bin/gnu/h-x86_64-mingw32/bin/../lib/gcc/nios2-elf/5.3.0/../../../../../H-x86_64-mingw32/nios2-elf/lib\libc.a(lib_a-vfprintf.o)
 *fill*         0x000000001010f4b6        0x2 
 .rodata.str1.4
                0x000000001010f4b8       0x10 d:/quartus/nios2eds/bin/gnu/h-x86_64-mingw32/bin/../lib/gcc/nios2-elf/5.3.0/../../../../../H-x86_64-mingw32/nios2-elf/lib\libc.a(lib_a-dtoa.o)
                                         0x12 (size before relaxing)
 .rodata.str1.4
                0x000000001010f4c8        0x2 d:/quartus/nios2eds/bin/gnu/h-x86_64-mingw32/bin/../lib/gcc/nios2-elf/5.3.0/../../../../../H-x86_64-mingw32/nios2-elf/lib\libc.a(lib_a-impure.o)
 *fill*         0x000000001010f4ca        0x2 
 .rodata.str1.4
                0x000000001010f4cc        0xc d:/quartus/nios2eds/bin/gnu/h-x86_64-mingw32/bin/../lib/gcc/nios2-elf/5.3.0/../../../../../H-x86_64-mingw32/nios2-elf/lib\libc.a(lib_a-locale.o)
                                         0x12 (size before relaxing)
 .rodata.p05.2768
                0x000000001010f4d8        0xc d:/quartus/nios2eds/bin/gnu/h-x86_64-mingw32/bin/../lib/gcc/nios2-elf/5.3.0/../../../../../H-x86_64-mingw32/nios2-elf/lib\libc.a(lib_a-mprec.o)
 .rodata.__mprec_tinytens
                0x000000001010f4e4       0x28 d:/quartus/nios2eds/bin/gnu/h-x86_64-mingw32/bin/../lib/gcc/nios2-elf/5.3.0/../../../../../H-x86_64-mingw32/nios2-elf/lib\libc.a(lib_a-mprec.o)
                0x000000001010f4e4                __mprec_tinytens
 .rodata.__mprec_bigtens
                0x000000001010f50c       0x28 d:/quartus/nios2eds/bin/gnu/h-x86_64-mingw32/bin/../lib/gcc/nios2-elf/5.3.0/../../../../../H-x86_64-mingw32/nios2-elf/lib\libc.a(lib_a-mprec.o)
                0x000000001010f50c                __mprec_bigtens
 .rodata.__mprec_tens
                0x000000001010f534       0xc8 d:/quartus/nios2eds/bin/gnu/h-x86_64-mingw32/bin/../lib/gcc/nios2-elf/5.3.0/../../../../../H-x86_64-mingw32/nios2-elf/lib\libc.a(lib_a-mprec.o)
                0x000000001010f534                __mprec_tens
 .rodata.str1.4
                0x000000001010f5fc       0x2f d:/quartus/nios2eds/bin/gnu/h-x86_64-mingw32/bin/../lib/gcc/nios2-elf/5.3.0/../../../../../H-x86_64-mingw32/nios2-elf/lib\libc.a(lib_a-vfiprintf.o)
 .rodata.zeroes.4349
                0x000000001010f5fc       0x10 d:/quartus/nios2eds/bin/gnu/h-x86_64-mingw32/bin/../lib/gcc/nios2-elf/5.3.0/../../../../../H-x86_64-mingw32/nios2-elf/lib\libc.a(lib_a-vfiprintf.o)
 .rodata.blanks.4348
                0x000000001010f60c       0x10 d:/quartus/nios2eds/bin/gnu/h-x86_64-mingw32/bin/../lib/gcc/nios2-elf/5.3.0/../../../../../H-x86_64-mingw32/nios2-elf/lib\libc.a(lib_a-vfiprintf.o)
 .rodata        0x000000001010f61c      0x100 d:/quartus/nios2eds/bin/gnu/h-x86_64-mingw32/bin/../lib/gcc/nios2-elf/5.3.0\libgcc.a(_clz.o)
                0x000000001010f61c                __clz_tab
 .rodata        0x000000001010f71c        0xa C:/Users/nicca/DeskDoc/EmbeddedSystems/Embedded_Systems/lab_4_project_template/sw/nios/Labo4_LCD_bsp/\libhal_bsp.a(alt_dev.o)
 *fill*         0x000000001010f726        0x2 
 .rodata        0x000000001010f728       0x11 C:/Users/nicca/DeskDoc/EmbeddedSystems/Embedded_Systems/lab_4_project_template/sw/nios/Labo4_LCD_bsp/\libhal_bsp.a(alt_main.o)
 *fill*         0x000000001010f739        0x3 
 .rodata        0x000000001010f73c       0x11 C:/Users/nicca/DeskDoc/EmbeddedSystems/Embedded_Systems/lab_4_project_template/sw/nios/Labo4_LCD_bsp/\libhal_bsp.a(alt_sys_init.o)
 *(.rodata1)
                0x000000001010f750                . = ALIGN (0x4)
 *fill*         0x000000001010f74d        0x3 
                0x000000001010f750                PROVIDE (__ram_rodata_end, ABSOLUTE (.))
                0x000000001010f444                PROVIDE (__flash_rodata_start, LOADADDR (.rodata))

.rwdata         0x000000001010f750     0x1aec load address 0x000000001011123c
                0x000000001010f750                PROVIDE (__ram_rwdata_start, ABSOLUTE (.))
                0x000000001010f750                . = ALIGN (0x4)
 *(.got.plt)
 *(.got)
 *(.data1)
 *(.data .data.* .gnu.linkonce.d.*)
 .data          0x000000001010f750        0x0 C:/Users/nicca/DeskDoc/EmbeddedSystems/Embedded_Systems/lab_4_project_template/sw/nios/Labo4_LCD_bsp//obj/HAL/src/crt0.o
 .data          0x000000001010f750        0x0 obj/default/main.o
 .data          0x000000001010f750        0x0 d:/quartus/nios2eds/bin/gnu/h-x86_64-mingw32/bin/../lib/gcc/nios2-elf/5.3.0/../../../../../H-x86_64-mingw32/nios2-elf/lib\libc.a(lib_a-printf.o)
 .data          0x000000001010f750        0x0 d:/quartus/nios2eds/bin/gnu/h-x86_64-mingw32/bin/../lib/gcc/nios2-elf/5.3.0/../../../../../H-x86_64-mingw32/nios2-elf/lib\libc.a(lib_a-puts.o)
 .data          0x000000001010f750        0x0 d:/quartus/nios2eds/bin/gnu/h-x86_64-mingw32/bin/../lib/gcc/nios2-elf/5.3.0/../../../../../H-x86_64-mingw32/nios2-elf/lib\libc.a(lib_a-strlen.o)
 .data          0x000000001010f750        0x0 d:/quartus/nios2eds/bin/gnu/h-x86_64-mingw32/bin/../lib/gcc/nios2-elf/5.3.0/../../../../../H-x86_64-mingw32/nios2-elf/lib\libc.a(lib_a-vfprintf.o)
 .data          0x000000001010f750        0x0 d:/quartus/nios2eds/bin/gnu/h-x86_64-mingw32/bin/../lib/gcc/nios2-elf/5.3.0/../../../../../H-x86_64-mingw32/nios2-elf/lib\libc.a(lib_a-wsetup.o)
 .data          0x000000001010f750        0x0 d:/quartus/nios2eds/bin/gnu/h-x86_64-mingw32/bin/../lib/gcc/nios2-elf/5.3.0/../../../../../H-x86_64-mingw32/nios2-elf/lib\libc.a(lib_a-dtoa.o)
 .data          0x000000001010f750        0x0 d:/quartus/nios2eds/bin/gnu/h-x86_64-mingw32/bin/../lib/gcc/nios2-elf/5.3.0/../../../../../H-x86_64-mingw32/nios2-elf/lib\libc.a(lib_a-fflush.o)
 .data          0x000000001010f750        0x0 d:/quartus/nios2eds/bin/gnu/h-x86_64-mingw32/bin/../lib/gcc/nios2-elf/5.3.0/../../../../../H-x86_64-mingw32/nios2-elf/lib\libc.a(lib_a-findfp.o)
 .data          0x000000001010f750        0x0 d:/quartus/nios2eds/bin/gnu/h-x86_64-mingw32/bin/../lib/gcc/nios2-elf/5.3.0/../../../../../H-x86_64-mingw32/nios2-elf/lib\libc.a(lib_a-freer.o)
 .data          0x000000001010f750        0x0 d:/quartus/nios2eds/bin/gnu/h-x86_64-mingw32/bin/../lib/gcc/nios2-elf/5.3.0/../../../../../H-x86_64-mingw32/nios2-elf/lib\libc.a(lib_a-fvwrite.o)
 .data          0x000000001010f750        0x0 d:/quartus/nios2eds/bin/gnu/h-x86_64-mingw32/bin/../lib/gcc/nios2-elf/5.3.0/../../../../../H-x86_64-mingw32/nios2-elf/lib\libc.a(lib_a-fwalk.o)
 .data          0x000000001010f750        0x0 d:/quartus/nios2eds/bin/gnu/h-x86_64-mingw32/bin/../lib/gcc/nios2-elf/5.3.0/../../../../../H-x86_64-mingw32/nios2-elf/lib\libc.a(lib_a-impure.o)
 .data.impure_data
                0x000000001010f750      0x424 d:/quartus/nios2eds/bin/gnu/h-x86_64-mingw32/bin/../lib/gcc/nios2-elf/5.3.0/../../../../../H-x86_64-mingw32/nios2-elf/lib\libc.a(lib_a-impure.o)
 .data          0x000000001010fb74        0x0 d:/quartus/nios2eds/bin/gnu/h-x86_64-mingw32/bin/../lib/gcc/nios2-elf/5.3.0/../../../../../H-x86_64-mingw32/nios2-elf/lib\libc.a(lib_a-locale.o)
 .data.lc_message_charset
                0x000000001010fb74       0x20 d:/quartus/nios2eds/bin/gnu/h-x86_64-mingw32/bin/../lib/gcc/nios2-elf/5.3.0/../../../../../H-x86_64-mingw32/nios2-elf/lib\libc.a(lib_a-locale.o)
 .data.lc_ctype_charset
                0x000000001010fb94       0x20 d:/quartus/nios2eds/bin/gnu/h-x86_64-mingw32/bin/../lib/gcc/nios2-elf/5.3.0/../../../../../H-x86_64-mingw32/nios2-elf/lib\libc.a(lib_a-locale.o)
 .data.lconv    0x000000001010fbb4       0x38 d:/quartus/nios2eds/bin/gnu/h-x86_64-mingw32/bin/../lib/gcc/nios2-elf/5.3.0/../../../../../H-x86_64-mingw32/nios2-elf/lib\libc.a(lib_a-locale.o)
 .data          0x000000001010fbec        0x0 d:/quartus/nios2eds/bin/gnu/h-x86_64-mingw32/bin/../lib/gcc/nios2-elf/5.3.0/../../../../../H-x86_64-mingw32/nios2-elf/lib\libc.a(lib_a-makebuf.o)
 .data          0x000000001010fbec        0x0 d:/quartus/nios2eds/bin/gnu/h-x86_64-mingw32/bin/../lib/gcc/nios2-elf/5.3.0/../../../../../H-x86_64-mingw32/nios2-elf/lib\libc.a(lib_a-mallocr.o)
 .data.__malloc_av_
                0x000000001010fbec      0x408 d:/quartus/nios2eds/bin/gnu/h-x86_64-mingw32/bin/../lib/gcc/nios2-elf/5.3.0/../../../../../H-x86_64-mingw32/nios2-elf/lib\libc.a(lib_a-mallocr.o)
                0x000000001010fbec                __malloc_av_
 .data          0x000000001010fff4        0x0 d:/quartus/nios2eds/bin/gnu/h-x86_64-mingw32/bin/../lib/gcc/nios2-elf/5.3.0/../../../../../H-x86_64-mingw32/nios2-elf/lib\libc.a(lib_a-memchr.o)
 .data          0x000000001010fff4        0x0 d:/quartus/nios2eds/bin/gnu/h-x86_64-mingw32/bin/../lib/gcc/nios2-elf/5.3.0/../../../../../H-x86_64-mingw32/nios2-elf/lib\libc.a(lib_a-memcpy.o)
 .data          0x000000001010fff4        0x0 d:/quartus/nios2eds/bin/gnu/h-x86_64-mingw32/bin/../lib/gcc/nios2-elf/5.3.0/../../../../../H-x86_64-mingw32/nios2-elf/lib\libc.a(lib_a-memmove.o)
 .data          0x000000001010fff4        0x0 d:/quartus/nios2eds/bin/gnu/h-x86_64-mingw32/bin/../lib/gcc/nios2-elf/5.3.0/../../../../../H-x86_64-mingw32/nios2-elf/lib\libc.a(lib_a-memset.o)
 .data          0x000000001010fff4        0x0 d:/quartus/nios2eds/bin/gnu/h-x86_64-mingw32/bin/../lib/gcc/nios2-elf/5.3.0/../../../../../H-x86_64-mingw32/nios2-elf/lib\libc.a(lib_a-mprec.o)
 .data          0x000000001010fff4        0x0 d:/quartus/nios2eds/bin/gnu/h-x86_64-mingw32/bin/../lib/gcc/nios2-elf/5.3.0/../../../../../H-x86_64-mingw32/nios2-elf/lib\libc.a(lib_a-reallocr.o)
 .data          0x000000001010fff4        0x0 d:/quartus/nios2eds/bin/gnu/h-x86_64-mingw32/bin/../lib/gcc/nios2-elf/5.3.0/../../../../../H-x86_64-mingw32/nios2-elf/lib\libc.a(lib_a-s_fpclassify.o)
 .data          0x000000001010fff4        0x0 d:/quartus/nios2eds/bin/gnu/h-x86_64-mingw32/bin/../lib/gcc/nios2-elf/5.3.0/../../../../../H-x86_64-mingw32/nios2-elf/lib\libc.a(lib_a-sbrkr.o)
 .data          0x000000001010fff4        0x0 d:/quartus/nios2eds/bin/gnu/h-x86_64-mingw32/bin/../lib/gcc/nios2-elf/5.3.0/../../../../../H-x86_64-mingw32/nios2-elf/lib\libc.a(lib_a-stdio.o)
 .data          0x000000001010fff4        0x0 d:/quartus/nios2eds/bin/gnu/h-x86_64-mingw32/bin/../lib/gcc/nios2-elf/5.3.0/../../../../../H-x86_64-mingw32/nios2-elf/lib\libc.a(lib_a-strcmp.o)
 .data          0x000000001010fff4        0x0 d:/quartus/nios2eds/bin/gnu/h-x86_64-mingw32/bin/../lib/gcc/nios2-elf/5.3.0/../../../../../H-x86_64-mingw32/nios2-elf/lib\libc.a(lib_a-vfiprintf.o)
 .data          0x000000001010fff4        0x0 d:/quartus/nios2eds/bin/gnu/h-x86_64-mingw32/bin/../lib/gcc/nios2-elf/5.3.0/../../../../../H-x86_64-mingw32/nios2-elf/lib\libc.a(lib_a-writer.o)
 .data          0x000000001010fff4        0x0 d:/quartus/nios2eds/bin/gnu/h-x86_64-mingw32/bin/../lib/gcc/nios2-elf/5.3.0/../../../../../H-x86_64-mingw32/nios2-elf/lib\libc.a(closer.o)
 .data          0x000000001010fff4        0x0 d:/quartus/nios2eds/bin/gnu/h-x86_64-mingw32/bin/../lib/gcc/nios2-elf/5.3.0/../../../../../H-x86_64-mingw32/nios2-elf/lib\libc.a(lib_a-callocr.o)
 .data          0x000000001010fff4        0x0 d:/quartus/nios2eds/bin/gnu/h-x86_64-mingw32/bin/../lib/gcc/nios2-elf/5.3.0/../../../../../H-x86_64-mingw32/nios2-elf/lib\libc.a(lib_a-fclose.o)
 .data          0x000000001010fff4        0x0 d:/quartus/nios2eds/bin/gnu/h-x86_64-mingw32/bin/../lib/gcc/nios2-elf/5.3.0/../../../../../H-x86_64-mingw32/nios2-elf/lib\libc.a(lib_a-fputwc.o)
 .data          0x000000001010fff4        0x0 d:/quartus/nios2eds/bin/gnu/h-x86_64-mingw32/bin/../lib/gcc/nios2-elf/5.3.0/../../../../../H-x86_64-mingw32/nios2-elf/lib\libc.a(lib_a-fstatr.o)
 .data          0x000000001010fff4        0x0 d:/quartus/nios2eds/bin/gnu/h-x86_64-mingw32/bin/../lib/gcc/nios2-elf/5.3.0/../../../../../H-x86_64-mingw32/nios2-elf/lib\libc.a(lib_a-int_errno.o)
 .data          0x000000001010fff4        0x0 d:/quartus/nios2eds/bin/gnu/h-x86_64-mingw32/bin/../lib/gcc/nios2-elf/5.3.0/../../../../../H-x86_64-mingw32/nios2-elf/lib\libc.a(lib_a-isattyr.o)
 .data          0x000000001010fff4        0x0 d:/quartus/nios2eds/bin/gnu/h-x86_64-mingw32/bin/../lib/gcc/nios2-elf/5.3.0/../../../../../H-x86_64-mingw32/nios2-elf/lib\libc.a(lib_a-lseekr.o)
 .data          0x000000001010fff4        0x0 d:/quartus/nios2eds/bin/gnu/h-x86_64-mingw32/bin/../lib/gcc/nios2-elf/5.3.0/../../../../../H-x86_64-mingw32/nios2-elf/lib\libc.a(lib_a-readr.o)
 .data          0x000000001010fff4        0x0 d:/quartus/nios2eds/bin/gnu/h-x86_64-mingw32/bin/../lib/gcc/nios2-elf/5.3.0/../../../../../H-x86_64-mingw32/nios2-elf/lib\libc.a(lib_a-wbuf.o)
 .data          0x000000001010fff4        0x0 d:/quartus/nios2eds/bin/gnu/h-x86_64-mingw32/bin/../lib/gcc/nios2-elf/5.3.0/../../../../../H-x86_64-mingw32/nios2-elf/lib\libc.a(lib_a-wcrtomb.o)
 .data          0x000000001010fff4        0x0 d:/quartus/nios2eds/bin/gnu/h-x86_64-mingw32/bin/../lib/gcc/nios2-elf/5.3.0/../../../../../H-x86_64-mingw32/nios2-elf/lib\libc.a(lib_a-wctomb_r.o)
 .data          0x000000001010fff4        0x0 d:/quartus/nios2eds/bin/gnu/h-x86_64-mingw32/bin/../lib/gcc/nios2-elf/5.3.0\libgcc.a(_udivdi3.o)
 .data          0x000000001010fff4        0x0 d:/quartus/nios2eds/bin/gnu/h-x86_64-mingw32/bin/../lib/gcc/nios2-elf/5.3.0\libgcc.a(_umoddi3.o)
 .data          0x000000001010fff4        0x0 d:/quartus/nios2eds/bin/gnu/h-x86_64-mingw32/bin/../lib/gcc/nios2-elf/5.3.0\libgcc.a(lib2-divmod.o)
 .data          0x000000001010fff4        0x0 d:/quartus/nios2eds/bin/gnu/h-x86_64-mingw32/bin/../lib/gcc/nios2-elf/5.3.0\libgcc.a(adddf3.o)
 .data          0x000000001010fff4        0x0 d:/quartus/nios2eds/bin/gnu/h-x86_64-mingw32/bin/../lib/gcc/nios2-elf/5.3.0\libgcc.a(divdf3.o)
 .data          0x000000001010fff4        0x0 d:/quartus/nios2eds/bin/gnu/h-x86_64-mingw32/bin/../lib/gcc/nios2-elf/5.3.0\libgcc.a(eqdf2.o)
 .data          0x000000001010fff4        0x0 d:/quartus/nios2eds/bin/gnu/h-x86_64-mingw32/bin/../lib/gcc/nios2-elf/5.3.0\libgcc.a(gedf2.o)
 .data          0x000000001010fff4        0x0 d:/quartus/nios2eds/bin/gnu/h-x86_64-mingw32/bin/../lib/gcc/nios2-elf/5.3.0\libgcc.a(ledf2.o)
 .data          0x000000001010fff4        0x0 d:/quartus/nios2eds/bin/gnu/h-x86_64-mingw32/bin/../lib/gcc/nios2-elf/5.3.0\libgcc.a(muldf3.o)
 .data          0x000000001010fff4        0x0 d:/quartus/nios2eds/bin/gnu/h-x86_64-mingw32/bin/../lib/gcc/nios2-elf/5.3.0\libgcc.a(subdf3.o)
 .data          0x000000001010fff4        0x0 d:/quartus/nios2eds/bin/gnu/h-x86_64-mingw32/bin/../lib/gcc/nios2-elf/5.3.0\libgcc.a(fixdfsi.o)
 .data          0x000000001010fff4        0x0 d:/quartus/nios2eds/bin/gnu/h-x86_64-mingw32/bin/../lib/gcc/nios2-elf/5.3.0\libgcc.a(floatsidf.o)
 .data          0x000000001010fff4        0x0 d:/quartus/nios2eds/bin/gnu/h-x86_64-mingw32/bin/../lib/gcc/nios2-elf/5.3.0\libgcc.a(floatunsidf.o)
 .data          0x000000001010fff4        0x0 d:/quartus/nios2eds/bin/gnu/h-x86_64-mingw32/bin/../lib/gcc/nios2-elf/5.3.0\libgcc.a(_clz.o)
 .data          0x000000001010fff4        0x0 d:/quartus/nios2eds/bin/gnu/h-x86_64-mingw32/bin/../lib/gcc/nios2-elf/5.3.0\libgcc.a(_clzsi2.o)
 .data          0x000000001010fff4        0x0 C:/Users/nicca/DeskDoc/EmbeddedSystems/Embedded_Systems/lab_4_project_template/sw/nios/Labo4_LCD_bsp/\libhal_bsp.a(alt_close.o)
 .data          0x000000001010fff4      0x1a8 C:/Users/nicca/DeskDoc/EmbeddedSystems/Embedded_Systems/lab_4_project_template/sw/nios/Labo4_LCD_bsp/\libhal_bsp.a(alt_dev.o)
                0x000000001010fff4                alt_dev_null
                0x000000001011001c                alt_fd_list
 .data          0x000000001011019c        0x0 C:/Users/nicca/DeskDoc/EmbeddedSystems/Embedded_Systems/lab_4_project_template/sw/nios/Labo4_LCD_bsp/\libhal_bsp.a(alt_errno.o)
 .data          0x000000001011019c        0x0 C:/Users/nicca/DeskDoc/EmbeddedSystems/Embedded_Systems/lab_4_project_template/sw/nios/Labo4_LCD_bsp/\libhal_bsp.a(alt_fstat.o)
 .data          0x000000001011019c        0x0 C:/Users/nicca/DeskDoc/EmbeddedSystems/Embedded_Systems/lab_4_project_template/sw/nios/Labo4_LCD_bsp/\libhal_bsp.a(alt_isatty.o)
 .data          0x000000001011019c        0x0 C:/Users/nicca/DeskDoc/EmbeddedSystems/Embedded_Systems/lab_4_project_template/sw/nios/Labo4_LCD_bsp/\libhal_bsp.a(alt_load.o)
 .data          0x000000001011019c        0x0 C:/Users/nicca/DeskDoc/EmbeddedSystems/Embedded_Systems/lab_4_project_template/sw/nios/Labo4_LCD_bsp/\libhal_bsp.a(alt_lseek.o)
 .data          0x000000001011019c        0x0 C:/Users/nicca/DeskDoc/EmbeddedSystems/Embedded_Systems/lab_4_project_template/sw/nios/Labo4_LCD_bsp/\libhal_bsp.a(alt_main.o)
 .data          0x000000001011019c        0x0 C:/Users/nicca/DeskDoc/EmbeddedSystems/Embedded_Systems/lab_4_project_template/sw/nios/Labo4_LCD_bsp/\libhal_bsp.a(alt_malloc_lock.o)
 .data          0x000000001011019c        0x0 C:/Users/nicca/DeskDoc/EmbeddedSystems/Embedded_Systems/lab_4_project_template/sw/nios/Labo4_LCD_bsp/\libhal_bsp.a(alt_read.o)
 .data          0x000000001011019c        0x0 C:/Users/nicca/DeskDoc/EmbeddedSystems/Embedded_Systems/lab_4_project_template/sw/nios/Labo4_LCD_bsp/\libhal_bsp.a(alt_release_fd.o)
 .data          0x000000001011019c        0x0 C:/Users/nicca/DeskDoc/EmbeddedSystems/Embedded_Systems/lab_4_project_template/sw/nios/Labo4_LCD_bsp/\libhal_bsp.a(alt_sbrk.o)
 .data          0x000000001011019c        0x0 C:/Users/nicca/DeskDoc/EmbeddedSystems/Embedded_Systems/lab_4_project_template/sw/nios/Labo4_LCD_bsp/\libhal_bsp.a(alt_write.o)
 .data          0x000000001011019c     0x1060 C:/Users/nicca/DeskDoc/EmbeddedSystems/Embedded_Systems/lab_4_project_template/sw/nios/Labo4_LCD_bsp/\libhal_bsp.a(alt_sys_init.o)
 .data          0x00000000101111fc        0x0 C:/Users/nicca/DeskDoc/EmbeddedSystems/Embedded_Systems/lab_4_project_template/sw/nios/Labo4_LCD_bsp/\libhal_bsp.a(altera_avalon_jtag_uart_fd.o)
 .data          0x00000000101111fc        0x0 C:/Users/nicca/DeskDoc/EmbeddedSystems/Embedded_Systems/lab_4_project_template/sw/nios/Labo4_LCD_bsp/\libhal_bsp.a(altera_avalon_jtag_uart_init.o)
 .data          0x00000000101111fc        0x0 C:/Users/nicca/DeskDoc/EmbeddedSystems/Embedded_Systems/lab_4_project_template/sw/nios/Labo4_LCD_bsp/\libhal_bsp.a(altera_avalon_jtag_uart_ioctl.o)
 .data          0x00000000101111fc        0x0 C:/Users/nicca/DeskDoc/EmbeddedSystems/Embedded_Systems/lab_4_project_template/sw/nios/Labo4_LCD_bsp/\libhal_bsp.a(altera_avalon_jtag_uart_read.o)
 .data          0x00000000101111fc        0x0 C:/Users/nicca/DeskDoc/EmbeddedSystems/Embedded_Systems/lab_4_project_template/sw/nios/Labo4_LCD_bsp/\libhal_bsp.a(altera_avalon_jtag_uart_write.o)
 .data          0x00000000101111fc        0x0 C:/Users/nicca/DeskDoc/EmbeddedSystems/Embedded_Systems/lab_4_project_template/sw/nios/Labo4_LCD_bsp/\libhal_bsp.a(alt_alarm_start.o)
 .data          0x00000000101111fc        0x0 C:/Users/nicca/DeskDoc/EmbeddedSystems/Embedded_Systems/lab_4_project_template/sw/nios/Labo4_LCD_bsp/\libhal_bsp.a(alt_dcache_flush_all.o)
 .data          0x00000000101111fc        0x0 C:/Users/nicca/DeskDoc/EmbeddedSystems/Embedded_Systems/lab_4_project_template/sw/nios/Labo4_LCD_bsp/\libhal_bsp.a(alt_dev_llist_insert.o)
 .data          0x00000000101111fc        0x0 C:/Users/nicca/DeskDoc/EmbeddedSystems/Embedded_Systems/lab_4_project_template/sw/nios/Labo4_LCD_bsp/\libhal_bsp.a(alt_do_ctors.o)
 .data          0x00000000101111fc        0x0 C:/Users/nicca/DeskDoc/EmbeddedSystems/Embedded_Systems/lab_4_project_template/sw/nios/Labo4_LCD_bsp/\libhal_bsp.a(alt_do_dtors.o)
 .data          0x00000000101111fc        0x0 C:/Users/nicca/DeskDoc/EmbeddedSystems/Embedded_Systems/lab_4_project_template/sw/nios/Labo4_LCD_bsp/\libhal_bsp.a(alt_icache_flush_all.o)
 .data          0x00000000101111fc        0x0 C:/Users/nicca/DeskDoc/EmbeddedSystems/Embedded_Systems/lab_4_project_template/sw/nios/Labo4_LCD_bsp/\libhal_bsp.a(alt_iic.o)
 .data          0x00000000101111fc        0x0 C:/Users/nicca/DeskDoc/EmbeddedSystems/Embedded_Systems/lab_4_project_template/sw/nios/Labo4_LCD_bsp/\libhal_bsp.a(alt_iic_isr_register.o)
 .data          0x00000000101111fc        0x0 C:/Users/nicca/DeskDoc/EmbeddedSystems/Embedded_Systems/lab_4_project_template/sw/nios/Labo4_LCD_bsp/\libhal_bsp.a(alt_io_redirect.o)
 .data          0x00000000101111fc        0x0 C:/Users/nicca/DeskDoc/EmbeddedSystems/Embedded_Systems/lab_4_project_template/sw/nios/Labo4_LCD_bsp/\libhal_bsp.a(alt_irq_entry.o)
 .data          0x00000000101111fc        0x0 C:/Users/nicca/DeskDoc/EmbeddedSystems/Embedded_Systems/lab_4_project_template/sw/nios/Labo4_LCD_bsp/\libhal_bsp.a(alt_irq_handler.o)
 .data          0x00000000101111fc        0x0 C:/Users/nicca/DeskDoc/EmbeddedSystems/Embedded_Systems/lab_4_project_template/sw/nios/Labo4_LCD_bsp/\libhal_bsp.a(alt_irq_vars.o)
 .data          0x00000000101111fc        0x0 C:/Users/nicca/DeskDoc/EmbeddedSystems/Embedded_Systems/lab_4_project_template/sw/nios/Labo4_LCD_bsp/\libhal_bsp.a(alt_open.o)
 .data          0x00000000101111fc        0x0 C:/Users/nicca/DeskDoc/EmbeddedSystems/Embedded_Systems/lab_4_project_template/sw/nios/Labo4_LCD_bsp/\libhal_bsp.a(alt_tick.o)
 .data          0x00000000101111fc        0x0 C:/Users/nicca/DeskDoc/EmbeddedSystems/Embedded_Systems/lab_4_project_template/sw/nios/Labo4_LCD_bsp/\libhal_bsp.a(altera_nios2_gen2_irq.o)
 .data          0x00000000101111fc        0x0 C:/Users/nicca/DeskDoc/EmbeddedSystems/Embedded_Systems/lab_4_project_template/sw/nios/Labo4_LCD_bsp/\libhal_bsp.a(alt_exception_entry.o)
 .data          0x00000000101111fc        0x0 C:/Users/nicca/DeskDoc/EmbeddedSystems/Embedded_Systems/lab_4_project_template/sw/nios/Labo4_LCD_bsp/\libhal_bsp.a(alt_find_dev.o)
 .data          0x00000000101111fc        0x0 C:/Users/nicca/DeskDoc/EmbeddedSystems/Embedded_Systems/lab_4_project_template/sw/nios/Labo4_LCD_bsp/\libhal_bsp.a(alt_find_file.o)
 .data          0x00000000101111fc        0x0 C:/Users/nicca/DeskDoc/EmbeddedSystems/Embedded_Systems/lab_4_project_template/sw/nios/Labo4_LCD_bsp/\libhal_bsp.a(alt_get_fd.o)
 .data          0x00000000101111fc        0x0 C:/Users/nicca/DeskDoc/EmbeddedSystems/Embedded_Systems/lab_4_project_template/sw/nios/Labo4_LCD_bsp/\libhal_bsp.a(alt_icache_flush.o)
 .data          0x00000000101111fc        0x0 C:/Users/nicca/DeskDoc/EmbeddedSystems/Embedded_Systems/lab_4_project_template/sw/nios/Labo4_LCD_bsp/\libhal_bsp.a(alt_instruction_exception_entry.o)
 .data          0x00000000101111fc        0x0 d:/quartus/nios2eds/bin/gnu/h-x86_64-mingw32/bin/../lib/gcc/nios2-elf/5.3.0/../../../../../H-x86_64-mingw32/nios2-elf/lib\libc.a(lib_a-atexit.o)
 .data          0x00000000101111fc        0x0 d:/quartus/nios2eds/bin/gnu/h-x86_64-mingw32/bin/../lib/gcc/nios2-elf/5.3.0/../../../../../H-x86_64-mingw32/nios2-elf/lib\libc.a(lib_a-exit.o)
 .data          0x00000000101111fc        0x0 d:/quartus/nios2eds/bin/gnu/h-x86_64-mingw32/bin/../lib/gcc/nios2-elf/5.3.0/../../../../../H-x86_64-mingw32/nios2-elf/lib\libc.a(lib_a-memcmp.o)
 .data          0x00000000101111fc        0x0 d:/quartus/nios2eds/bin/gnu/h-x86_64-mingw32/bin/../lib/gcc/nios2-elf/5.3.0/../../../../../H-x86_64-mingw32/nios2-elf/lib\libc.a(lib_a-__atexit.o)
 .data          0x00000000101111fc        0x0 d:/quartus/nios2eds/bin/gnu/h-x86_64-mingw32/bin/../lib/gcc/nios2-elf/5.3.0/../../../../../H-x86_64-mingw32/nios2-elf/lib\libc.a(lib_a-__call_atexit.o)
 .data          0x00000000101111fc        0x0 C:/Users/nicca/DeskDoc/EmbeddedSystems/Embedded_Systems/lab_4_project_template/sw/nios/Labo4_LCD_bsp/\libhal_bsp.a(alt_exit.o)
                0x00000000101191fc                _gp = ABSOLUTE ((. + 0x8000))
                [!provide]                        PROVIDE (gp, _gp)
 *(.rwdata .rwdata.*)
 *(.sdata .sdata.* .gnu.linkonce.s.*)
 .sdata._global_impure_ptr
                0x00000000101111fc        0x4 d:/quartus/nios2eds/bin/gnu/h-x86_64-mingw32/bin/../lib/gcc/nios2-elf/5.3.0/../../../../../H-x86_64-mingw32/nios2-elf/lib\libc.a(lib_a-impure.o)
                0x00000000101111fc                _global_impure_ptr
 .sdata._impure_ptr
                0x0000000010111200        0x4 d:/quartus/nios2eds/bin/gnu/h-x86_64-mingw32/bin/../lib/gcc/nios2-elf/5.3.0/../../../../../H-x86_64-mingw32/nios2-elf/lib\libc.a(lib_a-impure.o)
                0x0000000010111200                _impure_ptr
 .sdata.__mb_cur_max
                0x0000000010111204        0x4 d:/quartus/nios2eds/bin/gnu/h-x86_64-mingw32/bin/../lib/gcc/nios2-elf/5.3.0/../../../../../H-x86_64-mingw32/nios2-elf/lib\libc.a(lib_a-locale.o)
                0x0000000010111204                __mb_cur_max
 .sdata.__malloc_sbrk_base
                0x0000000010111208        0x4 d:/quartus/nios2eds/bin/gnu/h-x86_64-mingw32/bin/../lib/gcc/nios2-elf/5.3.0/../../../../../H-x86_64-mingw32/nios2-elf/lib\libc.a(lib_a-mallocr.o)
                0x0000000010111208                __malloc_sbrk_base
 .sdata.__malloc_trim_threshold
                0x000000001011120c        0x4 d:/quartus/nios2eds/bin/gnu/h-x86_64-mingw32/bin/../lib/gcc/nios2-elf/5.3.0/../../../../../H-x86_64-mingw32/nios2-elf/lib\libc.a(lib_a-mallocr.o)
                0x000000001011120c                __malloc_trim_threshold
 .sdata.__wctomb
                0x0000000010111210        0x4 d:/quartus/nios2eds/bin/gnu/h-x86_64-mingw32/bin/../lib/gcc/nios2-elf/5.3.0/../../../../../H-x86_64-mingw32/nios2-elf/lib\libc.a(lib_a-wctomb_r.o)
                0x0000000010111210                __wctomb
 .sdata         0x0000000010111214       0x14 C:/Users/nicca/DeskDoc/EmbeddedSystems/Embedded_Systems/lab_4_project_template/sw/nios/Labo4_LCD_bsp/\libhal_bsp.a(alt_dev.o)
                0x0000000010111214                alt_fs_list
                0x000000001011121c                alt_dev_list
                0x0000000010111224                alt_max_fd
 .sdata         0x0000000010111228        0x4 C:/Users/nicca/DeskDoc/EmbeddedSystems/Embedded_Systems/lab_4_project_template/sw/nios/Labo4_LCD_bsp/\libhal_bsp.a(alt_errno.o)
                0x0000000010111228                alt_errno
 .sdata         0x000000001011122c        0x4 C:/Users/nicca/DeskDoc/EmbeddedSystems/Embedded_Systems/lab_4_project_template/sw/nios/Labo4_LCD_bsp/\libhal_bsp.a(alt_sbrk.o)
 .sdata         0x0000000010111230        0x4 C:/Users/nicca/DeskDoc/EmbeddedSystems/Embedded_Systems/lab_4_project_template/sw/nios/Labo4_LCD_bsp/\libhal_bsp.a(alt_irq_vars.o)
                0x0000000010111230                alt_priority_mask
 .sdata         0x0000000010111234        0x8 C:/Users/nicca/DeskDoc/EmbeddedSystems/Embedded_Systems/lab_4_project_template/sw/nios/Labo4_LCD_bsp/\libhal_bsp.a(alt_tick.o)
                0x0000000010111234                alt_alarm_list
 *(.sdata2 .sdata2.* .gnu.linkonce.s2.*)
                0x000000001011123c                . = ALIGN (0x4)
                0x000000001011123c                _edata = ABSOLUTE (.)
                [!provide]                        PROVIDE (edata, ABSOLUTE (.))
                0x000000001011123c                PROVIDE (__ram_rwdata_end, ABSOLUTE (.))
                0x000000001011123c                PROVIDE (__flash_rwdata_start, LOADADDR (.rwdata))

.bss            0x0000000010112d28      0x160
                0x0000000010112d28                __bss_start = ABSOLUTE (.)
                [!provide]                        PROVIDE (__sbss_start, ABSOLUTE (.))
                [!provide]                        PROVIDE (___sbss_start, ABSOLUTE (.))
 *(.dynsbss)
 *(.sbss .sbss.* .gnu.linkonce.sb.*)
 .sbss._PathLocale
                0x0000000010112d28        0x4 d:/quartus/nios2eds/bin/gnu/h-x86_64-mingw32/bin/../lib/gcc/nios2-elf/5.3.0/../../../../../H-x86_64-mingw32/nios2-elf/lib\libc.a(lib_a-locale.o)
                0x0000000010112d28                _PathLocale
 .sbss.__mlocale_changed
                0x0000000010112d2c        0x4 d:/quartus/nios2eds/bin/gnu/h-x86_64-mingw32/bin/../lib/gcc/nios2-elf/5.3.0/../../../../../H-x86_64-mingw32/nios2-elf/lib\libc.a(lib_a-locale.o)
                0x0000000010112d2c                __mlocale_changed
 .sbss.__nlocale_changed
                0x0000000010112d30        0x4 d:/quartus/nios2eds/bin/gnu/h-x86_64-mingw32/bin/../lib/gcc/nios2-elf/5.3.0/../../../../../H-x86_64-mingw32/nios2-elf/lib\libc.a(lib_a-locale.o)
                0x0000000010112d30                __nlocale_changed
 .sbss.__malloc_max_total_mem
                0x0000000010112d34        0x4 d:/quartus/nios2eds/bin/gnu/h-x86_64-mingw32/bin/../lib/gcc/nios2-elf/5.3.0/../../../../../H-x86_64-mingw32/nios2-elf/lib\libc.a(lib_a-mallocr.o)
                0x0000000010112d34                __malloc_max_total_mem
 .sbss.__malloc_max_sbrked_mem
                0x0000000010112d38        0x4 d:/quartus/nios2eds/bin/gnu/h-x86_64-mingw32/bin/../lib/gcc/nios2-elf/5.3.0/../../../../../H-x86_64-mingw32/nios2-elf/lib\libc.a(lib_a-mallocr.o)
                0x0000000010112d38                __malloc_max_sbrked_mem
 .sbss.__malloc_top_pad
                0x0000000010112d3c        0x4 d:/quartus/nios2eds/bin/gnu/h-x86_64-mingw32/bin/../lib/gcc/nios2-elf/5.3.0/../../../../../H-x86_64-mingw32/nios2-elf/lib\libc.a(lib_a-mallocr.o)
                0x0000000010112d3c                __malloc_top_pad
 .sbss          0x0000000010112d40        0x4 d:/quartus/nios2eds/bin/gnu/h-x86_64-mingw32/bin/../lib/gcc/nios2-elf/5.3.0/../../../../../H-x86_64-mingw32/nios2-elf/lib\libc.a(lib_a-int_errno.o)
                0x0000000010112d40                errno
 .sbss          0x0000000010112d44        0xc C:/Users/nicca/DeskDoc/EmbeddedSystems/Embedded_Systems/lab_4_project_template/sw/nios/Labo4_LCD_bsp/\libhal_bsp.a(alt_main.o)
                0x0000000010112d44                alt_argc
                0x0000000010112d48                alt_argv
                0x0000000010112d4c                alt_envp
 .sbss          0x0000000010112d50        0x4 C:/Users/nicca/DeskDoc/EmbeddedSystems/Embedded_Systems/lab_4_project_template/sw/nios/Labo4_LCD_bsp/\libhal_bsp.a(alt_irq_vars.o)
                0x0000000010112d50                alt_irq_active
 .sbss          0x0000000010112d54        0x8 C:/Users/nicca/DeskDoc/EmbeddedSystems/Embedded_Systems/lab_4_project_template/sw/nios/Labo4_LCD_bsp/\libhal_bsp.a(alt_tick.o)
                0x0000000010112d54                _alt_tick_rate
                0x0000000010112d58                _alt_nticks
 .sbss          0x0000000010112d5c        0x4 C:/Users/nicca/DeskDoc/EmbeddedSystems/Embedded_Systems/lab_4_project_template/sw/nios/Labo4_LCD_bsp/\libhal_bsp.a(alt_instruction_exception_entry.o)
                0x0000000010112d5c                alt_instruction_exception_handler
 *(.sbss2 .sbss2.* .gnu.linkonce.sb2.*)
 *(.scommon)
                [!provide]                        PROVIDE (__sbss_end, ABSOLUTE (.))
                [!provide]                        PROVIDE (___sbss_end, ABSOLUTE (.))
 *(.dynbss)
 *(.bss .bss.* .gnu.linkonce.b.*)
 .bss           0x0000000010112d60        0x0 C:/Users/nicca/DeskDoc/EmbeddedSystems/Embedded_Systems/lab_4_project_template/sw/nios/Labo4_LCD_bsp//obj/HAL/src/crt0.o
 .bss           0x0000000010112d60        0x0 obj/default/main.o
 .bss           0x0000000010112d60        0x0 d:/quartus/nios2eds/bin/gnu/h-x86_64-mingw32/bin/../lib/gcc/nios2-elf/5.3.0/../../../../../H-x86_64-mingw32/nios2-elf/lib\libc.a(lib_a-printf.o)
 .bss           0x0000000010112d60        0x0 d:/quartus/nios2eds/bin/gnu/h-x86_64-mingw32/bin/../lib/gcc/nios2-elf/5.3.0/../../../../../H-x86_64-mingw32/nios2-elf/lib\libc.a(lib_a-puts.o)
 .bss           0x0000000010112d60        0x0 d:/quartus/nios2eds/bin/gnu/h-x86_64-mingw32/bin/../lib/gcc/nios2-elf/5.3.0/../../../../../H-x86_64-mingw32/nios2-elf/lib\libc.a(lib_a-strlen.o)
 .bss           0x0000000010112d60        0x0 d:/quartus/nios2eds/bin/gnu/h-x86_64-mingw32/bin/../lib/gcc/nios2-elf/5.3.0/../../../../../H-x86_64-mingw32/nios2-elf/lib\libc.a(lib_a-vfprintf.o)
 .bss           0x0000000010112d60        0x0 d:/quartus/nios2eds/bin/gnu/h-x86_64-mingw32/bin/../lib/gcc/nios2-elf/5.3.0/../../../../../H-x86_64-mingw32/nios2-elf/lib\libc.a(lib_a-wsetup.o)
 .bss           0x0000000010112d60        0x0 d:/quartus/nios2eds/bin/gnu/h-x86_64-mingw32/bin/../lib/gcc/nios2-elf/5.3.0/../../../../../H-x86_64-mingw32/nios2-elf/lib\libc.a(lib_a-dtoa.o)
 .bss           0x0000000010112d60        0x0 d:/quartus/nios2eds/bin/gnu/h-x86_64-mingw32/bin/../lib/gcc/nios2-elf/5.3.0/../../../../../H-x86_64-mingw32/nios2-elf/lib\libc.a(lib_a-fflush.o)
 .bss           0x0000000010112d60        0x0 d:/quartus/nios2eds/bin/gnu/h-x86_64-mingw32/bin/../lib/gcc/nios2-elf/5.3.0/../../../../../H-x86_64-mingw32/nios2-elf/lib\libc.a(lib_a-findfp.o)
 .bss           0x0000000010112d60        0x0 d:/quartus/nios2eds/bin/gnu/h-x86_64-mingw32/bin/../lib/gcc/nios2-elf/5.3.0/../../../../../H-x86_64-mingw32/nios2-elf/lib\libc.a(lib_a-freer.o)
 .bss           0x0000000010112d60        0x0 d:/quartus/nios2eds/bin/gnu/h-x86_64-mingw32/bin/../lib/gcc/nios2-elf/5.3.0/../../../../../H-x86_64-mingw32/nios2-elf/lib\libc.a(lib_a-fvwrite.o)
 .bss           0x0000000010112d60        0x0 d:/quartus/nios2eds/bin/gnu/h-x86_64-mingw32/bin/../lib/gcc/nios2-elf/5.3.0/../../../../../H-x86_64-mingw32/nios2-elf/lib\libc.a(lib_a-fwalk.o)
 .bss           0x0000000010112d60        0x0 d:/quartus/nios2eds/bin/gnu/h-x86_64-mingw32/bin/../lib/gcc/nios2-elf/5.3.0/../../../../../H-x86_64-mingw32/nios2-elf/lib\libc.a(lib_a-impure.o)
 .bss           0x0000000010112d60        0x0 d:/quartus/nios2eds/bin/gnu/h-x86_64-mingw32/bin/../lib/gcc/nios2-elf/5.3.0/../../../../../H-x86_64-mingw32/nios2-elf/lib\libc.a(lib_a-locale.o)
 .bss           0x0000000010112d60        0x0 d:/quartus/nios2eds/bin/gnu/h-x86_64-mingw32/bin/../lib/gcc/nios2-elf/5.3.0/../../../../../H-x86_64-mingw32/nios2-elf/lib\libc.a(lib_a-makebuf.o)
 .bss           0x0000000010112d60        0x0 d:/quartus/nios2eds/bin/gnu/h-x86_64-mingw32/bin/../lib/gcc/nios2-elf/5.3.0/../../../../../H-x86_64-mingw32/nios2-elf/lib\libc.a(lib_a-mallocr.o)
 .bss.__malloc_current_mallinfo
                0x0000000010112d60       0x28 d:/quartus/nios2eds/bin/gnu/h-x86_64-mingw32/bin/../lib/gcc/nios2-elf/5.3.0/../../../../../H-x86_64-mingw32/nios2-elf/lib\libc.a(lib_a-mallocr.o)
                0x0000000010112d60                __malloc_current_mallinfo
 .bss           0x0000000010112d88        0x0 d:/quartus/nios2eds/bin/gnu/h-x86_64-mingw32/bin/../lib/gcc/nios2-elf/5.3.0/../../../../../H-x86_64-mingw32/nios2-elf/lib\libc.a(lib_a-memchr.o)
 .bss           0x0000000010112d88        0x0 d:/quartus/nios2eds/bin/gnu/h-x86_64-mingw32/bin/../lib/gcc/nios2-elf/5.3.0/../../../../../H-x86_64-mingw32/nios2-elf/lib\libc.a(lib_a-memcpy.o)