Archive member included to satisfy reference by file (symbol)

c:/intelfpga_lite/18.1/nios2eds/bin/gnu/h-x86_64-mingw32/bin/../lib/gcc/nios2-elf/5.3.0/../../../../../H-x86_64-mingw32/nios2-elf/lib\libc.a(lib_a-puts.o)
                              obj/default/main.o (puts)
c:/intelfpga_lite/18.1/nios2eds/bin/gnu/h-x86_64-mingw32/bin/../lib/gcc/nios2-elf/5.3.0/../../../../../H-x86_64-mingw32/nios2-elf/lib\libc.a(lib_a-strlen.o)
                              c:/intelfpga_lite/18.1/nios2eds/bin/gnu/h-x86_64-mingw32/bin/../lib/gcc/nios2-elf/5.3.0/../../../../../H-x86_64-mingw32/nios2-elf/lib\libc.a(lib_a-puts.o) (strlen)
c:/intelfpga_lite/18.1/nios2eds/bin/gnu/h-x86_64-mingw32/bin/../lib/gcc/nios2-elf/5.3.0/../../../../../H-x86_64-mingw32/nios2-elf/lib\libc.a(lib_a-findfp.o)
                              c:/intelfpga_lite/18.1/nios2eds/bin/gnu/h-x86_64-mingw32/bin/../lib/gcc/nios2-elf/5.3.0/../../../../../H-x86_64-mingw32/nios2-elf/lib\libc.a(lib_a-puts.o) (__sinit)
c:/intelfpga_lite/18.1/nios2eds/bin/gnu/h-x86_64-mingw32/bin/../lib/gcc/nios2-elf/5.3.0/../../../../../H-x86_64-mingw32/nios2-elf/lib\libc.a(lib_a-fvwrite.o)
                              c:/intelfpga_lite/18.1/nios2eds/bin/gnu/h-x86_64-mingw32/bin/../lib/gcc/nios2-elf/5.3.0/../../../../../H-x86_64-mingw32/nios2-elf/lib\libc.a(lib_a-puts.o) (__sfvwrite_r)
c:/intelfpga_lite/18.1/nios2eds/bin/gnu/h-x86_64-mingw32/bin/../lib/gcc/nios2-elf/5.3.0/../../../../../H-x86_64-mingw32/nios2-elf/lib\libc.a(lib_a-fwalk.o)
                              c:/intelfpga_lite/18.1/nios2eds/bin/gnu/h-x86_64-mingw32/bin/../lib/gcc/nios2-elf/5.3.0/../../../../../H-x86_64-mingw32/nios2-elf/lib\libc.a(lib_a-findfp.o) (_fwalk)
c:/intelfpga_lite/18.1/nios2eds/bin/gnu/h-x86_64-mingw32/bin/../lib/gcc/nios2-elf/5.3.0/../../../../../H-x86_64-mingw32/nios2-elf/lib\libc.a(lib_a-impure.o)
                              c:/intelfpga_lite/18.1/nios2eds/bin/gnu/h-x86_64-mingw32/bin/../lib/gcc/nios2-elf/5.3.0/../../../../../H-x86_64-mingw32/nios2-elf/lib\libc.a(lib_a-findfp.o) (_global_impure_ptr)
c:/intelfpga_lite/18.1/nios2eds/bin/gnu/h-x86_64-mingw32/bin/../lib/gcc/nios2-elf/5.3.0/../../../../../H-x86_64-mingw32/nios2-elf/lib\libc.a(lib_a-mallocr.o)
                              c:/intelfpga_lite/18.1/nios2eds/bin/gnu/h-x86_64-mingw32/bin/../lib/gcc/nios2-elf/5.3.0/../../../../../H-x86_64-mingw32/nios2-elf/lib\libc.a(lib_a-findfp.o) (_malloc_r)
c:/intelfpga_lite/18.1/nios2eds/bin/gnu/h-x86_64-mingw32/bin/../lib/gcc/nios2-elf/5.3.0/../../../../../H-x86_64-mingw32/nios2-elf/lib\libc.a(lib_a-memchr.o)
                              c:/intelfpga_lite/18.1/nios2eds/bin/gnu/h-x86_64-mingw32/bin/../lib/gcc/nios2-elf/5.3.0/../../../../../H-x86_64-mingw32/nios2-elf/lib\libc.a(lib_a-fvwrite.o) (memchr)
c:/intelfpga_lite/18.1/nios2eds/bin/gnu/h-x86_64-mingw32/bin/../lib/gcc/nios2-elf/5.3.0/../../../../../H-x86_64-mingw32/nios2-elf/lib\libc.a(lib_a-memcpy.o)
                              c:/intelfpga_lite/18.1/nios2eds/bin/gnu/h-x86_64-mingw32/bin/../lib/gcc/nios2-elf/5.3.0/../../../../../H-x86_64-mingw32/nios2-elf/lib\libc.a(lib_a-fvwrite.o) (memcpy)
c:/intelfpga_lite/18.1/nios2eds/bin/gnu/h-x86_64-mingw32/bin/../lib/gcc/nios2-elf/5.3.0/../../../../../H-x86_64-mingw32/nios2-elf/lib\libc.a(lib_a-memmove.o)
                              c:/intelfpga_lite/18.1/nios2eds/bin/gnu/h-x86_64-mingw32/bin/../lib/gcc/nios2-elf/5.3.0/../../../../../H-x86_64-mingw32/nios2-elf/lib\libc.a(lib_a-fvwrite.o) (memmove)
c:/intelfpga_lite/18.1/nios2eds/bin/gnu/h-x86_64-mingw32/bin/../lib/gcc/nios2-elf/5.3.0/../../../../../H-x86_64-mingw32/nios2-elf/lib\libc.a(lib_a-memset.o)
                              c:/intelfpga_lite/18.1/nios2eds/bin/gnu/h-x86_64-mingw32/bin/../lib/gcc/nios2-elf/5.3.0/../../../../../H-x86_64-mingw32/nios2-elf/lib\libc.a(lib_a-findfp.o) (memset)
c:/intelfpga_lite/18.1/nios2eds/bin/gnu/h-x86_64-mingw32/bin/../lib/gcc/nios2-elf/5.3.0/../../../../../H-x86_64-mingw32/nios2-elf/lib\libc.a(lib_a-reallocr.o)
                              c:/intelfpga_lite/18.1/nios2eds/bin/gnu/h-x86_64-mingw32/bin/../lib/gcc/nios2-elf/5.3.0/../../../../../H-x86_64-mingw32/nios2-elf/lib\libc.a(lib_a-fvwrite.o) (_realloc_r)
c:/intelfpga_lite/18.1/nios2eds/bin/gnu/h-x86_64-mingw32/bin/../lib/gcc/nios2-elf/5.3.0/../../../../../H-x86_64-mingw32/nios2-elf/lib\libc.a(lib_a-sbrkr.o)
                              c:/intelfpga_lite/18.1/nios2eds/bin/gnu/h-x86_64-mingw32/bin/../lib/gcc/nios2-elf/5.3.0/../../../../../H-x86_64-mingw32/nios2-elf/lib\libc.a(lib_a-mallocr.o) (_sbrk_r)
c:/intelfpga_lite/18.1/nios2eds/bin/gnu/h-x86_64-mingw32/bin/../lib/gcc/nios2-elf/5.3.0/../../../../../H-x86_64-mingw32/nios2-elf/lib\libc.a(lib_a-stdio.o)
                              c:/intelfpga_lite/18.1/nios2eds/bin/gnu/h-x86_64-mingw32/bin/../lib/gcc/nios2-elf/5.3.0/../../../../../H-x86_64-mingw32/nios2-elf/lib\libc.a(lib_a-findfp.o) (__sread)
[...]
Memory Configuration

Name             Origin             Length             Attributes
reset            0x0000000000020000 0x0000000000000020
onchip_memory2_0 0x0000000000020020 0x000000000001ffe0
*default*        0x0000000000000000 0xffffffffffffffff

Linker script and memory map

LOAD E:/EPFL/Semestre_7/Embedded_Systems/fpga_intro/sw/nios/fpga_intro_bsp//obj/HAL/src/crt0.o
LOAD obj/default/main.o
LOAD c:/intelfpga_lite/18.1/nios2eds/bin/gnu/h-x86_64-mingw32/bin/../lib/gcc/nios2-elf/5.3.0/../../../../../H-x86_64-mingw32/nios2-elf/lib\libstdc++.a
LOAD c:/intelfpga_lite/18.1/nios2eds/bin/gnu/h-x86_64-mingw32/bin/../lib/gcc/nios2-elf/5.3.0/../../../../../H-x86_64-mingw32/nios2-elf/lib\libm.a
LOAD c:/intelfpga_lite/18.1/nios2eds/bin/gnu/h-x86_64-mingw32/bin/../lib/gcc/nios2-elf/5.3.0\libgcc.a
START GROUP
LOAD c:/intelfpga_lite/18.1/nios2eds/bin/gnu/h-x86_64-mingw32/bin/../lib/gcc/nios2-elf/5.3.0/../../../../../H-x86_64-mingw32/nios2-elf/lib\libc.a
LOAD c:/intelfpga_lite/18.1/nios2eds/bin/gnu/h-x86_64-mingw32/bin/../lib/gcc/nios2-elf/5.3.0\libgcc.a
LOAD E:/EPFL/Semestre_7/Embedded_Systems/fpga_intro/sw/nios/fpga_intro_bsp/\libhal_bsp.a
LOAD c:/intelfpga_lite/18.1/nios2eds/bin/gnu/h-x86_64-mingw32/bin/../lib/gcc/nios2-elf/5.3.0/../../../../../H-x86_64-mingw32/nios2-elf/lib\libm.a
END GROUP
LOAD c:/intelfpga_lite/18.1/nios2eds/bin/gnu/h-x86_64-mingw32/bin/../lib/gcc/nios2-elf/5.3.0\libgcc.a
                0x0000000000020000                __alt_mem_onchip_memory2_0 = 0x20000

.entry          0x0000000000020000       0x20
 *(.entry)
 .entry         0x0000000000020000       0x20 E:/EPFL/Semestre_7/Embedded_Systems/fpga_intro/sw/nios/fpga_intro_bsp//obj/HAL/src/crt0.o
                0x0000000000020000                __reset

.exceptions     0x0000000000020020      0x224
                0x0000000000020020                PROVIDE (__ram_exceptions_start, ABSOLUTE (.))
                0x0000000000020020                . = ALIGN (0x20)
 *(.irq)
 *(.exceptions.entry.label)
 .exceptions.entry.label
                0x0000000000020020        0x0 E:/EPFL/Semestre_7/Embedded_Systems/fpga_intro/sw/nios/fpga_intro_bsp/\libhal_bsp.a(alt_irq_entry.o)
                0x0000000000020020                alt_irq_entry
 .exceptions.entry.label
                0x0000000000020020        0x0 E:/EPFL/Semestre_7/Embedded_Systems/fpga_intro/sw/nios/fpga_intro_bsp/\libhal_bsp.a(alt_exception_entry.o)
                0x0000000000020020                alt_exception
 *(.exceptions.entry.user)
 *(.exceptions.entry.ecc_fatal)
 *(.exceptions.entry)
 .exceptions.entry
                0x0000000000020020       0x54 E:/EPFL/Semestre_7/Embedded_Systems/fpga_intro/sw/nios/fpga_intro_bsp/\libhal_bsp.a(alt_exception_entry.o)
 *(.exceptions.irqtest.user)
 *(.exceptions.irqtest)
 .exceptions.irqtest
                0x0000000000020074       0x10 E:/EPFL/Semestre_7/Embedded_Systems/fpga_intro/sw/nios/fpga_intro_bsp/\libhal_bsp.a(alt_irq_entry.o)
 *(.exceptions.irqhandler.user)
 *(.exceptions.irqhandler)
 .exceptions.irqhandler
                0x0000000000020084        0x4 E:/EPFL/Semestre_7/Embedded_Systems/fpga_intro/sw/nios/fpga_intro_bsp/\libhal_bsp.a(alt_irq_entry.o)
 *(.exceptions.irqreturn.user)
 *(.exceptions.irqreturn)
 .exceptions.irqreturn
                0x0000000000020088        0x4 E:/EPFL/Semestre_7/Embedded_Systems/fpga_intro/sw/nios/fpga_intro_bsp/\libhal_bsp.a(alt_irq_entry.o)
 *(.exceptions.notirq.label)
 .exceptions.notirq.label
                0x000000000002008c        0x0 E:/EPFL/Semestre_7/Embedded_Systems/fpga_intro/sw/nios/fpga_intro_bsp/\libhal_bsp.a(alt_irq_entry.o)
 *(.exceptions.notirq.user)
 *(.exceptions.notirq)
 .exceptions.notirq
                0x000000000002008c        0x8 E:/EPFL/Semestre_7/Embedded_Systems/fpga_intro/sw/nios/fpga_intro_bsp/\libhal_bsp.a(alt_exception_entry.o)
 *(.exceptions.soft.user)
 *(.exceptions.soft)
 *(.exceptions.unknown.user)
 *(.exceptions.unknown)
 .exceptions.unknown
                0x0000000000020094       0x14 E:/EPFL/Semestre_7/Embedded_Systems/fpga_intro/sw/nios/fpga_intro_bsp/\libhal_bsp.a(alt_exception_entry.o)
 *(.exceptions.exit.label)
 .exceptions.exit.label
                0x00000000000200a8        0x0 E:/EPFL/Semestre_7/Embedded_Systems/fpga_intro/sw/nios/fpga_intro_bsp/\libhal_bsp.a(alt_irq_entry.o)
 .exceptions.exit.label
                0x00000000000200a8        0x0 E:/EPFL/Semestre_7/Embedded_Systems/fpga_intro/sw/nios/fpga_intro_bsp/\libhal_bsp.a(alt_exception_entry.o)
 *(.exceptions.exit.user)
 *(.exceptions.exit)
 .exceptions.exit
                0x00000000000200a8       0x54 E:/EPFL/Semestre_7/Embedded_Systems/fpga_intro/sw/nios/fpga_intro_bsp/\libhal_bsp.a(alt_exception_entry.o)
 *(.exceptions)
 .exceptions    0x00000000000200fc       0xd4 E:/EPFL/Semestre_7/Embedded_Systems/fpga_intro/sw/nios/fpga_intro_bsp/\libhal_bsp.a(alt_irq_handler.o)
                0x00000000000200fc                alt_irq_handler
 .exceptions    0x00000000000201d0       0x74 E:/EPFL/Semestre_7/Embedded_Systems/fpga_intro/sw/nios/fpga_intro_bsp/\libhal_bsp.a(alt_instruction_exception_entry.o)
                0x00000000000201d0                alt_instruction_exception_entry
                0x0000000000020244                PROVIDE (__ram_exceptions_end, ABSOLUTE (.))
                0x0000000000020020                PROVIDE (__flash_exceptions_start, LOADADDR (.exceptions))

.text           0x0000000000020244     0x5544
                [!provide]                        PROVIDE (stext, ABSOLUTE (.))
 *(.interp)
 *(.hash)
 *(.dynsym)
 *(.dynstr)
 *(.gnu.version)
 *(.gnu.version_d)
 *(.gnu.version_r)
 *(.rel.init)
 *(.rela.init)
 *(.rel.text .rel.text.* .rel.gnu.linkonce.t.*)
 *(.rela.text .rela.text.* .rela.gnu.linkonce.t.*)
 *(.rel.fini)
 *(.rela.fini)
 *(.rel.rodata .rel.rodata.* .rel.gnu.linkonce.r.*)
 *(.rela.rodata .rela.rodata.* .rela.gnu.linkonce.r.*)
 *(.rel.data .rel.data.* .rel.gnu.linkonce.d.*)
 *(.rela.data .rela.data.* .rela.gnu.linkonce.d.*)
 *(.rel.tdata .rel.tdata.* .rel.gnu.linkonce.td.*)
 *(.rela.tdata .rela.tdata.* .rela.gnu.linkonce.td.*)
 *(.rel.tbss .rel.tbss.* .rel.gnu.linkonce.tb.*)
 *(.rela.tbss .rela.tbss.* .rela.gnu.linkonce.tb.*)
 *(.rel.ctors)
 *(.rela.ctors)
 *(.rel.dtors)
 *(.rela.dtors)
 *(.rel.got)
 *(.rela.got)
 *(.rel.sdata .rel.sdata.* .rel.gnu.linkonce.s.*)
 *(.rela.sdata .rela.sdata.* .rela.gnu.linkonce.s.*)
 *(.rel.sbss .rel.sbss.* .rel.gnu.linkonce.sb.*)
 *(.rela.sbss .rela.sbss.* .rela.gnu.linkonce.sb.*)
 *(.rel.sdata2 .rel.sdata2.* .rel.gnu.linkonce.s2.*)
 *(.rela.sdata2 .rela.sdata2.* .rela.gnu.linkonce.s2.*)
 *(.rel.sbss2 .rel.sbss2.* .rel.gnu.linkonce.sb2.*)
 *(.rela.sbss2 .rela.sbss2.* .rela.gnu.linkonce.sb2.*)
 *(.rel.bss .rel.bss.* .rel.gnu.linkonce.b.*)
 *(.rela.bss .rela.bss.* .rela.gnu.linkonce.b.*)
 *(.rel.plt)
 *(.rela.plt)
 *(.rel.dyn)
 *(.init)
 *(.plt)
 *(.text .stub .text.* .gnu.linkonce.t.*)
 .text          0x0000000000020244       0x4c E:/EPFL/Semestre_7/Embedded_Systems/fpga_intro/sw/nios/fpga_intro_bsp//obj/HAL/src/crt0.o
                0x0000000000020244                _start
 .text          0x0000000000020290       0x90 obj/default/main.o
                0x0000000000020290                main
 .text          0x0000000000020320        0x0 c:/intelfpga_lite/18.1/nios2eds/bin/gnu/h-x86_64-mingw32/bin/../lib/gcc/nios2-elf/5.3.0/../../../../../H-x86_64-mingw32/nios2-elf/lib\libc.a(lib_a-puts.o)
 .text._puts_r  0x0000000000020320       0xc0 c:/intelfpga_lite/18.1/nios2eds/bin/gnu/h-x86_64-mingw32/bin/../lib/gcc/nios2-elf/5.3.0/../../../../../H-x86_64-mingw32/nios2-elf/lib\libc.a(lib_a-puts.o)
                0x0000000000020320                _puts_r
 .text.puts     0x00000000000203e0       0x14 c:/intelfpga_lite/18.1/nios2eds/bin/gnu/h-x86_64-mingw32/bin/../lib/gcc/nios2-elf/5.3.0/../../../../../H-x86_64-mingw32/nios2-elf/lib\libc.a(lib_a-puts.o)
                0x00000000000203e0                puts
 .text          0x00000000000203f4        0x0 c:/intelfpga_lite/18.1/nios2eds/bin/gnu/h-x86_64-mingw32/bin/../lib/gcc/nios2-elf/5.3.0/../../../../../H-x86_64-mingw32/nios2-elf/lib\libc.a(lib_a-strlen.o)
 .text.strlen   0x00000000000203f4       0x98 c:/intelfpga_lite/18.1/nios2eds/bin/gnu/h-x86_64-mingw32/bin/../lib/gcc/nios2-elf/5.3.0/../../../../../H-x86_64-mingw32/nios2-elf/lib\libc.a(lib_a-strlen.o)
                0x00000000000203f4                strlen
 .text          0x000000000002048c        0x0 c:/intelfpga_lite/18.1/nios2eds/bin/gnu/h-x86_64-mingw32/bin/../lib/gcc/nios2-elf/5.3.0/../../../../../H-x86_64-mingw32/nios2-elf/lib\libc.a(lib_a-findfp.o)
 .text.__fp_unlock
                0x000000000002048c        0x8 c:/intelfpga_lite/18.1/nios2eds/bin/gnu/h-x86_64-mingw32/bin/../lib/gcc/nios2-elf/5.3.0/../../../../../H-x86_64-mingw32/nios2-elf/lib\libc.a(lib_a-findfp.o)
 .text._cleanup_r
                0x0000000000020494        0xc c:/intelfpga_lite/18.1/nios2eds/bin/gnu/h-x86_64-mingw32/bin/../lib/gcc/nios2-elf/5.3.0/../../../../../H-x86_64-mingw32/nios2-elf/lib\libc.a(lib_a-findfp.o)
                0x0000000000020494                _cleanup_r
 .text.__sinit.part.1
                0x00000000000204a0      0x19c c:/intelfpga_lite/18.1/nios2eds/bin/gnu/h-x86_64-mingw32/bin/../lib/gcc/nios2-elf/5.3.0/../../../../../H-x86_64-mingw32/nios2-elf/lib\libc.a(lib_a-findfp.o)
 .text.__fp_lock
                0x000000000002063c        0x8 c:/intelfpga_lite/18.1/nios2eds/bin/gnu/h-x86_64-mingw32/bin/../lib/gcc/nios2-elf/5.3.0/../../../../../H-x86_64-mingw32/nios2-elf/lib\libc.a(lib_a-findfp.o)
 .text.__sfmoreglue
                0x0000000000020644       0x68 c:/intelfpga_lite/18.1/nios2eds/bin/gnu/h-x86_64-mingw32/bin/../lib/gcc/nios2-elf/5.3.0/../../../../../H-x86_64-mingw32/nios2-elf/lib\libc.a(lib_a-findfp.o)
                0x0000000000020644                __sfmoreglue
 .text.__sfp    0x00000000000206ac      0x118 c:/intelfpga_lite/18.1/nios2eds/bin/gnu/h-x86_64-mingw32/bin/../lib/gcc/nios2-elf/5.3.0/../../../../../H-x86_64-mingw32/nios2-elf/lib\libc.a(lib_a-findfp.o)
                0x00000000000206ac                __sfp
 .text._cleanup
                0x00000000000207c4       0x18 c:/intelfpga_lite/18.1/nios2eds/bin/gnu/h-x86_64-mingw32/bin/../lib/gcc/nios2-elf/5.3.0/../../../../../H-x86_64-mingw32/nios2-elf/lib\libc.a(lib_a-findfp.o)
                0x00000000000207c4                _cleanup
 .text.__sinit  0x00000000000207dc       0x10 c:/intelfpga_lite/18.1/nios2eds/bin/gnu/h-x86_64-mingw32/bin/../lib/gcc/nios2-elf/5.3.0/../../../../../H-x86_64-mingw32/nios2-elf/lib\libc.a(lib_a-findfp.o)
                0x00000000000207dc                __sinit
 .text.__sfp_lock_acquire
                0x00000000000207ec        0x4 c:/intelfpga_lite/18.1/nios2eds/bin/gnu/h-x86_64-mingw32/bin/../lib/gcc/nios2-elf/5.3.0/../../../../../H-x86_64-mingw32/nios2-elf/lib\libc.a(lib_a-findfp.o)
                0x00000000000207ec                __sfp_lock_acquire
 .text.__sfp_lock_release
                0x00000000000207f0        0x4 c:/intelfpga_lite/18.1/nios2eds/bin/gnu/h-x86_64-mingw32/bin/../lib/gcc/nios2-elf/5.3.0/../../../../../H-x86_64-mingw32/nios2-elf/lib\libc.a(lib_a-findfp.o)
                0x00000000000207f0                __sfp_lock_release
 .text.__sinit_lock_acquire
                0x00000000000207f4        0x4 c:/intelfpga_lite/18.1/nios2eds/bin/gnu/h-x86_64-mingw32/bin/../lib/gcc/nios2-elf/5.3.0/../../../../../H-x86_64-mingw32/nios2-elf/lib\libc.a(lib_a-findfp.o)
                0x00000000000207f4                __sinit_lock_acquire
 .text.__sinit_lock_release
                0x00000000000207f8        0x4 c:/intelfpga_lite/18.1/nios2eds/bin/gnu/h-x86_64-mingw32/bin/../lib/gcc/nios2-elf/5.3.0/../../../../../H-x86_64-mingw32/nios2-elf/lib\libc.a(lib_a-findfp.o)
                0x00000000000207f8                __sinit_lock_release
 .text.__fp_lock_all
                0x00000000000207fc       0x18 c:/intelfpga_lite/18.1/nios2eds/bin/gnu/h-x86_64-mingw32/bin/../lib/gcc/nios2-elf/5.3.0/../../../../../H-x86_64-mingw32/nios2-elf/lib\libc.a(lib_a-findfp.o)
                0x00000000000207fc                __fp_lock_all
 .text.__fp_unlock_all
                0x0000000000020814       0x18 c:/intelfpga_lite/18.1/nios2eds/bin/gnu/h-x86_64-mingw32/bin/../lib/gcc/nios2-elf/5.3.0/../../../../../H-x86_64-mingw32/nios2-elf/lib\libc.a(lib_a-findfp.o)
                0x0000000000020814                __fp_unlock_all
 .text          0x000000000002082c        0x0 c:/intelfpga_lite/18.1/nios2eds/bin/gnu/h-x86_64-mingw32/bin/../lib/gcc/nios2-elf/5.3.0/../../../../../H-x86_64-mingw32/nios2-elf/lib\libc.a(lib_a-fvwrite.o)
 .text.__sfvwrite_r
                0x000000000002082c      0x4bc c:/intelfpga_lite/18.1/nios2eds/bin/gnu/h-x86_64-mingw32/bin/../lib/gcc/nios2-elf/5.3.0/../../../../../H-x86_64-mingw32/nios2-elf/lib\libc.a(lib_a-fvwrite.o)
                0x000000000002082c                __sfvwrite_r
 .text          0x0000000000020ce8        0x0 c:/intelfpga_lite/18.1/nios2eds/bin/gnu/h-x86_64-mingw32/bin/../lib/gcc/nios2-elf/5.3.0/../../../../../H-x86_64-mingw32/nios2-elf/lib\libc.a(lib_a-fwalk.o)
 .text._fwalk   0x0000000000020ce8       0xc4 c:/intelfpga_lite/18.1/nios2eds/bin/gnu/h-x86_64-mingw32/bin/../lib/gcc/nios2-elf/5.3.0/../../../../../H-x86_64-mingw32/nios2-elf/lib\libc.a(lib_a-fwalk.o)
                0x0000000000020ce8                _fwalk
 .text._fwalk_reent
                0x0000000000020dac       0xc4 c:/intelfpga_lite/18.1/nios2eds/bin/gnu/h-x86_64-mingw32/bin/../lib/gcc/nios2-elf/5.3.0/../../../../../H-x86_64-mingw32/nios2-elf/lib\libc.a(lib_a-fwalk.o)
                0x0000000000020dac                _fwalk_reent
 .text          0x0000000000020e70        0x0 c:/intelfpga_lite/18.1/nios2eds/bin/gnu/h-x86_64-mingw32/bin/../lib/gcc/nios2-elf/5.3.0/../../../../../H-x86_64-mingw32/nios2-elf/lib\libc.a(lib_a-impure.o)
 .text          0x0000000000020e70        0x0 c:/intelfpga_lite/18.1/nios2eds/bin/gnu/h-x86_64-mingw32/bin/../lib/gcc/nios2-elf/5.3.0/../../../../../H-x86_64-mingw32/nios2-elf/lib\libc.a(lib_a-mallocr.o)
 .text._malloc_r
                0x0000000000020e70      0x80c c:/intelfpga_lite/18.1/nios2eds/bin/gnu/h-x86_64-mingw32/bin/../lib/gcc/nios2-elf/5.3.0/../../../../../H-x86_64-mingw32/nios2-elf/lib\libc.a(lib_a-mallocr.o)
                0x0000000000020e70                _malloc_r
 .text          0x000000000002167c        0x0 c:/intelfpga_lite/18.1/nios2eds/bin/gnu/h-x86_64-mingw32/bin/../lib/gcc/nios2-elf/5.3.0/../../../../../H-x86_64-mingw32/nios2-elf/lib\libc.a(lib_a-memchr.o)
 .text.memchr   0x000000000002167c       0xe4 c:/intelfpga_lite/18.1/nios2eds/bin/gnu/h-x86_64-mingw32/bin/../lib/gcc/nios2-elf/5.3.0/../../../../../H-x86_64-mingw32/nios2-elf/lib\libc.a(lib_a-memchr.o)
                0x000000000002167c                memchr
 .text          0x0000000000021760        0x0 c:/intelfpga_lite/18.1/nios2eds/bin/gnu/h-x86_64-mingw32/bin/../lib/gcc/nios2-elf/5.3.0/../../../../../H-x86_64-mingw32/nios2-elf/lib\libc.a(lib_a-memcpy.o)
 .text.memcpy   0x0000000000021760      0x148 c:/intelfpga_lite/18.1/nios2eds/bin/gnu/h-x86_64-mingw32/bin/../lib/gcc/nios2-elf/5.3.0/../../../../../H-x86_64-mingw32/nios2-elf/lib\libc.a(lib_a-memcpy.o)
                0x0000000000021760                memcpy
 .text          0x00000000000218a8        0x0 c:/intelfpga_lite/18.1/nios2eds/bin/gnu/h-x86_64-mingw32/bin/../lib/gcc/nios2-elf/5.3.0/../../../../../H-x86_64-mingw32/nios2-elf/lib\libc.a(lib_a-memmove.o)
 .text.memmove  0x00000000000218a8      0x15c c:/intelfpga_lite/18.1/nios2eds/bin/gnu/h-x86_64-mingw32/bin/../lib/gcc/nios2-elf/5.3.0/../../../../../H-x86_64-mingw32/nios2-elf/lib\libc.a(lib_a-memmove.o)
                0x00000000000218a8                memmove
 .text          0x0000000000021a04        0x0 c:/intelfpga_lite/18.1/nios2eds/bin/gnu/h-x86_64-mingw32/bin/../lib/gcc/nios2-elf/5.3.0/../../../../../H-x86_64-mingw32/nios2-elf/lib\libc.a(lib_a-memset.o)
 .text.memset   0x0000000000021a04      0x128 c:/intelfpga_lite/18.1/nios2eds/bin/gnu/h-x86_64-mingw32/bin/../lib/gcc/nios2-elf/5.3.0/../../../../../H-x86_64-mingw32/nios2-elf/lib\libc.a(lib_a-memset.o)
                0x0000000000021a04                memset
 .text          0x0000000000021b2c        0x0 c:/intelfpga_lite/18.1/nios2eds/bin/gnu/h-x86_64-mingw32/bin/../lib/gcc/nios2-elf/5.3.0/../../../../../H-x86_64-mingw32/nios2-elf/lib\libc.a(lib_a-reallocr.o)
 .text._realloc_r
                0x0000000000021b2c      0x564 c:/intelfpga_lite/18.1/nios2eds/bin/gnu/h-x86_64-mingw32/bin/../lib/gcc/nios2-elf/5.3.0/../../../../../H-x86_64-mingw32/nios2-elf/lib\libc.a(lib_a-reallocr.o)
                0x0000000000021b2c                _realloc_r
 .text          0x0000000000022090        0x0 c:/intelfpga_lite/18.1/nios2eds/bin/gnu/h-x86_64-mingw32/bin/../lib/gcc/nios2-elf/5.3.0/../../../../../H-x86_64-mingw32/nios2-elf/lib\libc.a(lib_a-sbrkr.o)
 .text._sbrk_r  0x0000000000022090       0x54 c:/intelfpga_lite/18.1/nios2eds/bin/gnu/h-x86_64-mingw32/bin/../lib/gcc/nios2-elf/5.3.0/../../../../../H-x86_64-mingw32/nios2-elf/lib\libc.a(lib_a-sbrkr.o)
                0x0000000000022090                _sbrk_r
 .text          0x00000000000220e4        0x0 c:/intelfpga_lite/18.1/nios2eds/bin/gnu/h-x86_64-mingw32/bin/../lib/gcc/nios2-elf/5.3.0/../../../../../H-x86_64-mingw32/nios2-elf/lib\libc.a(lib_a-stdio.o)
 .text.__sread  0x00000000000220e4       0x54 c:/intelfpga_lite/18.1/nios2eds/bin/gnu/h-x86_64-mingw32/bin/../lib/gcc/nios2-elf/5.3.0/../../../../../H-x86_64-mingw32/nios2-elf/lib\libc.a(lib_a-stdio.o)
                0x00000000000220e4                __sread
 .text.__seofread
                0x0000000000022138        0x8 c:/intelfpga_lite/18.1/nios2eds/bin/gnu/h-x86_64-mingw32/bin/../lib/gcc/nios2-elf/5.3.0/../../../../../H-x86_64-mingw32/nios2-elf/lib\libc.a(lib_a-stdio.o)
                0x0000000000022138                __seofread
 .text.__swrite
                0x0000000000022140       0x7c c:/intelfpga_lite/18.1/nios2eds/bin/gnu/h-x86_64-mingw32/bin/../lib/gcc/nios2-elf/5.3.0/../../../../../H-x86_64-mingw32/nios2-elf/lib\libc.a(lib_a-stdio.o)
                0x0000000000022140                __swrite
 .text.__sseek  0x00000000000221bc       0x5c c:/intelfpga_lite/18.1/nios2eds/bin/gnu/h-x86_64-mingw32/bin/../lib/gcc/nios2-elf/5.3.0/../../../../../H-x86_64-mingw32/nios2-elf/lib\libc.a(lib_a-stdio.o)
                0x00000000000221bc                __sseek
 .text.__sclose
                0x0000000000022218        0x8 c:/intelfpga_lite/18.1/nios2eds/bin/gnu/h-x86_64-mingw32/bin/../lib/gcc/nios2-elf/5.3.0/../../../../../H-x86_64-mingw32/nios2-elf/lib\libc.a(lib_a-stdio.o)
                0x0000000000022218                __sclose
 .text          0x0000000000022220        0x0 c:/intelfpga_lite/18.1/nios2eds/bin/gnu/h-x86_64-mingw32/bin/../lib/gcc/nios2-elf/5.3.0/../../../../../H-x86_64-mingw32/nios2-elf/lib\libc.a(lib_a-writer.o)
 .text._write_r
                0x0000000000022220       0x60 c:/intelfpga_lite/18.1/nios2eds/bin/gnu/h-x86_64-mingw32/bin/../lib/gcc/nios2-elf/5.3.0/../../../../../H-x86_64-mingw32/nios2-elf/lib\libc.a(lib_a-writer.o)
                0x0000000000022220                _write_r
 .text          0x0000000000022280        0x0 c:/intelfpga_lite/18.1/nios2eds/bin/gnu/h-x86_64-mingw32/bin/../lib/gcc/nios2-elf/5.3.0/../../../../../H-x86_64-mingw32/nios2-elf/lib\libc.a(lib_a-wsetup.o)
 .text.__swsetup_r
                0x0000000000022280      0x154 c:/intelfpga_lite/18.1/nios2eds/bin/gnu/h-x86_64-mingw32/bin/../lib/gcc/nios2-elf/5.3.0/../../../../../H-x86_64-mingw32/nios2-elf/lib\libc.a(lib_a-wsetup.o)
                0x0000000000022280                __swsetup_r
 .text          0x00000000000223d4        0x0 c:/intelfpga_lite/18.1/nios2eds/bin/gnu/h-x86_64-mingw32/bin/../lib/gcc/nios2-elf/5.3.0/../../../../../H-x86_64-mingw32/nios2-elf/lib\libc.a(closer.o)
 .text._close_r
                0x00000000000223d4       0x54 c:/intelfpga_lite/18.1/nios2eds/bin/gnu/h-x86_64-mingw32/bin/../lib/gcc/nios2-elf/5.3.0/../../../../../H-x86_64-mingw32/nios2-elf/lib\libc.a(closer.o)
                0x00000000000223d4                _close_r
 .text          0x0000000000022428        0x0 c:/intelfpga_lite/18.1/nios2eds/bin/gnu/h-x86_64-mingw32/bin/../lib/gcc/nios2-elf/5.3.0/../../../../../H-x86_64-mingw32/nios2-elf/lib\libc.a(lib_a-fclose.o)
 .text._fclose_r
                0x0000000000022428       0xf0 c:/intelfpga_lite/18.1/nios2eds/bin/gnu/h-x86_64-mingw32/bin/../lib/gcc/nios2-elf/5.3.0/../../../../../H-x86_64-mingw32/nios2-elf/lib\libc.a(lib_a-fclose.o)
                0x0000000000022428                _fclose_r
 .text.fclose   0x0000000000022518       0x14 c:/intelfpga_lite/18.1/nios2eds/bin/gnu/h-x86_64-mingw32/bin/../lib/gcc/nios2-elf/5.3.0/../../../../../H-x86_64-mingw32/nios2-elf/lib\libc.a(lib_a-fclose.o)
                0x0000000000022518                fclose
 .text          0x000000000002252c        0x0 c:/intelfpga_lite/18.1/nios2eds/bin/gnu/h-x86_64-mingw32/bin/../lib/gcc/nios2-elf/5.3.0/../../../../../H-x86_64-mingw32/nios2-elf/lib\libc.a(lib_a-fflush.o)
 .text.__sflush_r
                0x000000000002252c      0x21c c:/intelfpga_lite/18.1/nios2eds/bin/gnu/h-x86_64-mingw32/bin/../lib/gcc/nios2-elf/5.3.0/../../../../../H-x86_64-mingw32/nios2-elf/lib\libc.a(lib_a-fflush.o)
                0x000000000002252c                __sflush_r
 .text._fflush_r
                0x0000000000022748       0x5c c:/intelfpga_lite/18.1/nios2eds/bin/gnu/h-x86_64-mingw32/bin/../lib/gcc/nios2-elf/5.3.0/../../../../../H-x86_64-mingw32/nios2-elf/lib\libc.a(lib_a-fflush.o)
                0x0000000000022748                _fflush_r
 .text.fflush   0x00000000000227a4       0x30 c:/intelfpga_lite/18.1/nios2eds/bin/gnu/h-x86_64-mingw32/bin/../lib/gcc/nios2-elf/5.3.0/../../../../../H-x86_64-mingw32/nios2-elf/lib\libc.a(lib_a-fflush.o)
                0x00000000000227a4                fflush
 .text          0x00000000000227d4        0x0 c:/intelfpga_lite/18.1/nios2eds/bin/gnu/h-x86_64-mingw32/bin/../lib/gcc/nios2-elf/5.3.0/../../../../../H-x86_64-mingw32/nios2-elf/lib\libc.a(lib_a-freer.o)
 .text._malloc_trim_r
                0x00000000000227d4      0x124 c:/intelfpga_lite/18.1/nios2eds/bin/gnu/h-x86_64-mingw32/bin/../lib/gcc/nios2-elf/5.3.0/../../../../../H-x86_64-mingw32/nios2-elf/lib\libc.a(lib_a-freer.o)
                0x00000000000227d4                _malloc_trim_r
 .text._free_r  0x00000000000228f8      0x310 c:/intelfpga_lite/18.1/nios2eds/bin/gnu/h-x86_64-mingw32/bin/../lib/gcc/nios2-elf/5.3.0/../../../../../H-x86_64-mingw32/nios2-elf/lib\libc.a(lib_a-freer.o)
                0x00000000000228f8                _free_r
 .text          0x0000000000022c08        0x0 c:/intelfpga_lite/18.1/nios2eds/bin/gnu/h-x86_64-mingw32/bin/../lib/gcc/nios2-elf/5.3.0/../../../../../H-x86_64-mingw32/nios2-elf/lib\libc.a(lib_a-int_errno.o)
 .text          0x0000000000022c08        0x0 c:/intelfpga_lite/18.1/nios2eds/bin/gnu/h-x86_64-mingw32/bin/../lib/gcc/nios2-elf/5.3.0/../../../../../H-x86_64-mingw32/nios2-elf/lib\libc.a(lib_a-lseekr.o)
 .text._lseek_r
                0x0000000000022c08       0x60 c:/intelfpga_lite/18.1/nios2eds/bin/gnu/h-x86_64-mingw32/bin/../lib/gcc/nios2-elf/5.3.0/../../../../../H-x86_64-mingw32/nios2-elf/lib\libc.a(lib_a-lseekr.o)
                0x0000000000022c08                _lseek_r
 .text          0x0000000000022c68        0x0 c:/intelfpga_lite/18.1/nios2eds/bin/gnu/h-x86_64-mingw32/bin/../lib/gcc/nios2-elf/5.3.0/../../../../../H-x86_64-mingw32/nios2-elf/lib\libc.a(lib_a-makebuf.o)
 .text.__smakebuf_r
                0x0000000000022c68      0x1bc c:/intelfpga_lite/18.1/nios2eds/bin/gnu/h-x86_64-mingw32/bin/../lib/gcc/nios2-elf/5.3.0/../../../../../H-x86_64-mingw32/nios2-elf/lib\libc.a(lib_a-makebuf.o)
                0x0000000000022c68                __smakebuf_r
 .text          0x0000000000022e24        0x0 c:/intelfpga_lite/18.1/nios2eds/bin/gnu/h-x86_64-mingw32/bin/../lib/gcc/nios2-elf/5.3.0/../../../../../H-x86_64-mingw32/nios2-elf/lib\libc.a(lib_a-readr.o)
 .text._read_r  0x0000000000022e24       0x60 c:/intelfpga_lite/18.1/nios2eds/bin/gnu/h-x86_64-mingw32/bin/../lib/gcc/nios2-elf/5.3.0/../../../../../H-x86_64-mingw32/nios2-elf/lib\libc.a(lib_a-readr.o)
                0x0000000000022e24                _read_r
 .text          0x0000000000022e84        0x0 c:/intelfpga_lite/18.1/nios2eds/bin/gnu/h-x86_64-mingw32/bin/../lib/gcc/nios2-elf/5.3.0/../../../../../H-x86_64-mingw32/nios2-elf/lib\libc.a(lib_a-fstatr.o)
 .text._fstat_r
                0x0000000000022e84       0x5c c:/intelfpga_lite/18.1/nios2eds/bin/gnu/h-x86_64-mingw32/bin/../lib/gcc/nios2-elf/5.3.0/../../../../../H-x86_64-mingw32/nios2-elf/lib\libc.a(lib_a-fstatr.o)
                0x0000000000022e84                _fstat_r
 .text          0x0000000000022ee0        0x0 c:/intelfpga_lite/18.1/nios2eds/bin/gnu/h-x86_64-mingw32/bin/../lib/gcc/nios2-elf/5.3.0/../../../../../H-x86_64-mingw32/nios2-elf/lib\libc.a(lib_a-isattyr.o)
 .text._isatty_r
                0x0000000000022ee0       0x54 c:/intelfpga_lite/18.1/nios2eds/bin/gnu/h-x86_64-mingw32/bin/../lib/gcc/nios2-elf/5.3.0/../../../../../H-x86_64-mingw32/nios2-elf/lib\libc.a(lib_a-isattyr.o)
                0x0000000000022ee0                _isatty_r
 .text          0x0000000000022f34      0x1b4 c:/intelfpga_lite/18.1/nios2eds/bin/gnu/h-x86_64-mingw32/bin/../lib/gcc/nios2-elf/5.3.0\libgcc.a(lib2-divmod.o)
                0x0000000000022f34                __divsi3
                0x0000000000022fb8                __modsi3
                0x000000000002302c                __udivsi3
                0x0000000000023090                __umodsi3
 .text          0x00000000000230e8      0x10c E:/EPFL/Semestre_7/Embedded_Systems/fpga_intro/sw/nios/fpga_intro_bsp/\libhal_bsp.a(alt_close.o)
                0x0000000000023124                close
 .text          0x00000000000231f4       0x2c E:/EPFL/Semestre_7/Embedded_Systems/fpga_intro/sw/nios/fpga_intro_bsp/\libhal_bsp.a(alt_dev.o)
 .text          0x0000000000023220        0x0 E:/EPFL/Semestre_7/Embedded_Systems/fpga_intro/sw/nios/fpga_intro_bsp/\libhal_bsp.a(alt_errno.o)
 .text          0x0000000000023220       0xec E:/EPFL/Semestre_7/Embedded_Systems/fpga_intro/sw/nios/fpga_intro_bsp/\libhal_bsp.a(alt_fstat.o)
                0x000000000002325c                fstat
 .text          0x000000000002330c       0xe0 E:/EPFL/Semestre_7/Embedded_Systems/fpga_intro/sw/nios/fpga_intro_bsp/\libhal_bsp.a(alt_isatty.o)
                0x0000000000023348                isatty
 .text          0x00000000000233ec       0xec E:/EPFL/Semestre_7/Embedded_Systems/fpga_intro/sw/nios/fpga_intro_bsp/\libhal_bsp.a(alt_load.o)
                0x0000000000023454                alt_load
 .text          0x00000000000234d8      0x110 E:/EPFL/Semestre_7/Embedded_Systems/fpga_intro/sw/nios/fpga_intro_bsp/\libhal_bsp.a(alt_lseek.o)
                0x0000000000023514                lseek
 .text          0x00000000000235e8       0x7c E:/EPFL/Semestre_7/Embedded_Systems/fpga_intro/sw/nios/fpga_intro_bsp/\libhal_bsp.a(alt_main.o)
                0x00000000000235e8                alt_main
 .text          0x0000000000023664       0x48 E:/EPFL/Semestre_7/Embedded_Systems/fpga_intro/sw/nios/fpga_intro_bsp/\libhal_bsp.a(alt_malloc_lock.o)
                0x0000000000023664                __malloc_lock
                0x0000000000023688                __malloc_unlock
 .text          0x00000000000236ac      0x138 E:/EPFL/Semestre_7/Embedded_Systems/fpga_intro/sw/nios/fpga_intro_bsp/\libhal_bsp.a(alt_read.o)
                0x00000000000236e8                read
 .text          0x00000000000237e4       0x64 E:/EPFL/Semestre_7/Embedded_Systems/fpga_intro/sw/nios/fpga_intro_bsp/\libhal_bsp.a(alt_release_fd.o)
                0x00000000000237e4                alt_release_fd
 .text          0x0000000000023848       0xb0 E:/EPFL/Semestre_7/Embedded_Systems/fpga_intro/sw/nios/fpga_intro_bsp/\libhal_bsp.a(alt_sbrk.o)
                0x0000000000023848                sbrk
 .text          0x00000000000238f8      0x134 E:/EPFL/Semestre_7/Embedded_Systems/fpga_intro/sw/nios/fpga_intro_bsp/\libhal_bsp.a(alt_write.o)
                0x0000000000023934                write
 .text          0x0000000000023a2c       0xb4 E:/EPFL/Semestre_7/Embedded_Systems/fpga_intro/sw/nios/fpga_intro_bsp/\libhal_bsp.a(alt_sys_init.o)
                0x0000000000023a60                alt_irq_init
                0x0000000000023a98                alt_sys_init
 .text          0x0000000000023ae0      0x164 E:/EPFL/Semestre_7/Embedded_Systems/fpga_intro/sw/nios/fpga_intro_bsp/\libhal_bsp.a(altera_avalon_jtag_uart_fd.o)
                0x0000000000023ae0                altera_avalon_jtag_uart_read_fd
                0x0000000000023b40                altera_avalon_jtag_uart_write_fd
                0x0000000000023ba0                altera_avalon_jtag_uart_close_fd
                0x0000000000023bf0                altera_avalon_jtag_uart_ioctl_fd
 .text          0x0000000000023c44      0x3d4 E:/EPFL/Semestre_7/Embedded_Systems/fpga_intro/sw/nios/fpga_intro_bsp/\libhal_bsp.a(altera_avalon_jtag_uart_init.o)
                0x0000000000023c44                altera_avalon_jtag_uart_init
                0x0000000000023fb0                altera_avalon_jtag_uart_close
 .text          0x0000000000024018       0xf0 E:/EPFL/Semestre_7/Embedded_Systems/fpga_intro/sw/nios/fpga_intro_bsp/\libhal_bsp.a(altera_avalon_jtag_uart_ioctl.o)
                0x0000000000024018                altera_avalon_jtag_uart_ioctl
 .text          0x0000000000024108      0x21c E:/EPFL/Semestre_7/Embedded_Systems/fpga_intro/sw/nios/fpga_intro_bsp/\libhal_bsp.a(altera_avalon_jtag_uart_read.o)
                0x0000000000024108                altera_avalon_jtag_uart_read
 .text          0x0000000000024324      0x224 E:/EPFL/Semestre_7/Embedded_Systems/fpga_intro/sw/nios/fpga_intro_bsp/\libhal_bsp.a(altera_avalon_jtag_uart_write.o)
                0x0000000000024324                altera_avalon_jtag_uart_write
 .text          0x0000000000024548      0x12c E:/EPFL/Semestre_7/Embedded_Systems/fpga_intro/sw/nios/fpga_intro_bsp/\libhal_bsp.a(alt_alarm_start.o)
                0x0000000000024548                alt_alarm_start
 .text          0x0000000000024674       0x48 E:/EPFL/Semestre_7/Embedded_Systems/fpga_intro/sw/nios/fpga_intro_bsp/\libhal_bsp.a(alt_dcache_flush_all.o)
                0x0000000000024674                alt_dcache_flush_all
 .text          0x00000000000246bc       0xe0 E:/EPFL/Semestre_7/Embedded_Systems/fpga_intro/sw/nios/fpga_intro_bsp/\libhal_bsp.a(alt_dev_llist_insert.o)
                0x00000000000246f8                alt_dev_llist_insert
 .text          0x000000000002479c       0x60 E:/EPFL/Semestre_7/Embedded_Systems/fpga_intro/sw/nios/fpga_intro_bsp/\libhal_bsp.a(alt_do_ctors.o)
                0x000000000002479c                _do_ctors
 .text          0x00000000000247fc       0x60 E:/EPFL/Semestre_7/Embedded_Systems/fpga_intro/sw/nios/fpga_intro_bsp/\libhal_bsp.a(alt_do_dtors.o)
                0x00000000000247fc                _do_dtors
 .text          0x000000000002485c       0x34 E:/EPFL/Semestre_7/Embedded_Systems/fpga_intro/sw/nios/fpga_intro_bsp/\libhal_bsp.a(alt_icache_flush_all.o)
                0x000000000002485c                alt_icache_flush_all
 .text          0x0000000000024890      0x1b0 E:/EPFL/Semestre_7/Embedded_Systems/fpga_intro/sw/nios/fpga_intro_bsp/\libhal_bsp.a(alt_iic.o)
                0x0000000000024890                alt_ic_isr_register
                0x00000000000248e0                alt_ic_irq_enable
                0x0000000000024968                alt_ic_irq_disable
                0x00000000000249f4                alt_ic_irq_enabled
 .text          0x0000000000024a40       0xf0 E:/EPFL/Semestre_7/Embedded_Systems/fpga_intro/sw/nios/fpga_intro_bsp/\libhal_bsp.a(alt_iic_isr_register.o)
                0x0000000000024a40                alt_iic_isr_register
 .text          0x0000000000024b30      0x140 E:/EPFL/Semestre_7/Embedded_Systems/fpga_intro/sw/nios/fpga_intro_bsp/\libhal_bsp.a(alt_io_redirect.o)
                0x0000000000024bf4                alt_io_redirect
 .text          0x0000000000024c70        0x0 E:/EPFL/Semestre_7/Embedded_Systems/fpga_intro/sw/nios/fpga_intro_bsp/\libhal_bsp.a(alt_irq_entry.o)
 .text          0x0000000000024c70        0x0 E:/EPFL/Semestre_7/Embedded_Systems/fpga_intro/sw/nios/fpga_intro_bsp/\libhal_bsp.a(alt_irq_handler.o)
 .text          0x0000000000024c70        0x0 E:/EPFL/Semestre_7/Embedded_Systems/fpga_intro/sw/nios/fpga_intro_bsp/\libhal_bsp.a(alt_irq_vars.o)
 .text          0x0000000000024c70      0x254 E:/EPFL/Semestre_7/Embedded_Systems/fpga_intro/sw/nios/fpga_intro_bsp/\libhal_bsp.a(alt_open.o)
                0x0000000000024d70                open
 .text          0x0000000000024ec4      0x1a4 E:/EPFL/Semestre_7/Embedded_Systems/fpga_intro/sw/nios/fpga_intro_bsp/\libhal_bsp.a(alt_tick.o)
                0x0000000000024ec4                alt_alarm_stop
                0x0000000000024f60                alt_tick
 .text          0x0000000000025068       0x24 E:/EPFL/Semestre_7/Embedded_Systems/fpga_intro/sw/nios/fpga_intro_bsp/\libhal_bsp.a(altera_nios2_gen2_irq.o)
                0x0000000000025068                altera_nios2_gen2_irq_init
 .text          0x000000000002508c        0x0 E:/EPFL/Semestre_7/Embedded_Systems/fpga_intro/sw/nios/fpga_intro_bsp/\libhal_bsp.a(alt_exception_entry.o)
 .text          0x000000000002508c       0x90 E:/EPFL/Semestre_7/Embedded_Systems/fpga_intro/sw/nios/fpga_intro_bsp/\libhal_bsp.a(alt_find_dev.o)
                0x000000000002508c                alt_find_dev
 .text          0x000000000002511c      0x108 E:/EPFL/Semestre_7/Embedded_Systems/fpga_intro/sw/nios/fpga_intro_bsp/\libhal_bsp.a(alt_find_file.o)
                0x000000000002511c                alt_find_file
 .text          0x0000000000025224       0xa4 E:/EPFL/Semestre_7/Embedded_Systems/fpga_intro/sw/nios/fpga_intro_bsp/\libhal_bsp.a(alt_get_fd.o)
                0x0000000000025224                alt_get_fd
 .text          0x00000000000252c8       0x90 E:/EPFL/Semestre_7/Embedded_Systems/fpga_intro/sw/nios/fpga_intro_bsp/\libhal_bsp.a(alt_icache_flush.o)
                0x00000000000252c8                alt_icache_flush
 .text          0x0000000000025358       0x9c E:/EPFL/Semestre_7/Embedded_Systems/fpga_intro/sw/nios/fpga_intro_bsp/\libhal_bsp.a(alt_instruction_exception_entry.o)
                0x0000000000025358                alt_exception_cause_generated_bad_addr
 .text          0x00000000000253f4        0x0 c:/intelfpga_lite/18.1/nios2eds/bin/gnu/h-x86_64-mingw32/bin/../lib/gcc/nios2-elf/5.3.0/../../../../../H-x86_64-mingw32/nios2-elf/lib\libc.a(lib_a-atexit.o)
 .text.atexit   0x00000000000253f4       0x14 c:/intelfpga_lite/18.1/nios2eds/bin/gnu/h-x86_64-mingw32/bin/../lib/gcc/nios2-elf/5.3.0/../../../../../H-x86_64-mingw32/nios2-elf/lib\libc.a(lib_a-atexit.o)
                0x00000000000253f4                atexit
 .text          0x0000000000025408        0x0 c:/intelfpga_lite/18.1/nios2eds/bin/gnu/h-x86_64-mingw32/bin/../lib/gcc/nios2-elf/5.3.0/../../../../../H-x86_64-mingw32/nios2-elf/lib\libc.a(lib_a-exit.o)
 .text.exit     0x0000000000025408       0x38 c:/intelfpga_lite/18.1/nios2eds/bin/gnu/h-x86_64-mingw32/bin/../lib/gcc/nios2-elf/5.3.0/../../../../../H-x86_64-mingw32/nios2-elf/lib\libc.a(lib_a-exit.o)
                0x0000000000025408                exit
 .text          0x0000000000025440        0x0 c:/intelfpga_lite/18.1/nios2eds/bin/gnu/h-x86_64-mingw32/bin/../lib/gcc/nios2-elf/5.3.0/../../../../../H-x86_64-mingw32/nios2-elf/lib\libc.a(lib_a-memcmp.o)
 .text.memcmp   0x0000000000025440       0x7c c:/intelfpga_lite/18.1/nios2eds/bin/gnu/h-x86_64-mingw32/bin/../lib/gcc/nios2-elf/5.3.0/../../../../../H-x86_64-mingw32/nios2-elf/lib\libc.a(lib_a-memcmp.o)
                0x0000000000025440                memcmp
 .text          0x00000000000254bc        0x0 c:/intelfpga_lite/18.1/nios2eds/bin/gnu/h-x86_64-mingw32/bin/../lib/gcc/nios2-elf/5.3.0/../../../../../H-x86_64-mingw32/nios2-elf/lib\libc.a(lib_a-__atexit.o)
 .text.__register_exitproc
                0x00000000000254bc      0x118 c:/intelfpga_lite/18.1/nios2eds/bin/gnu/h-x86_64-mingw32/bin/../lib/gcc/nios2-elf/5.3.0/../../../../../H-x86_64-mingw32/nios2-elf/lib\libc.a(lib_a-__atexit.o)
                0x00000000000254bc                __register_exitproc
 .text          0x00000000000255d4        0x0 c:/intelfpga_lite/18.1/nios2eds/bin/gnu/h-x86_64-mingw32/bin/../lib/gcc/nios2-elf/5.3.0/../../../../../H-x86_64-mingw32/nios2-elf/lib\libc.a(lib_a-__call_atexit.o)
 .text.__call_exitprocs
                0x00000000000255d4      0x180 c:/intelfpga_lite/18.1/nios2eds/bin/gnu/h-x86_64-mingw32/bin/../lib/gcc/nios2-elf/5.3.0/../../../../../H-x86_64-mingw32/nios2-elf/lib\libc.a(lib_a-__call_atexit.o)
                0x00000000000255d4                __call_exitprocs
 .text          0x0000000000025754       0x34 E:/EPFL/Semestre_7/Embedded_Systems/fpga_intro/sw/nios/fpga_intro_bsp/\libhal_bsp.a(alt_exit.o)
                0x0000000000025754                _exit
 *(.gnu.warning.*)
 *(.fini)
                [!provide]                        PROVIDE (__etext, ABSOLUTE (.))
                [!provide]                        PROVIDE (_etext, ABSOLUTE (.))
                [!provide]                        PROVIDE (etext, ABSOLUTE (.))
 *(.eh_frame_hdr)
                0x0000000000025788                . = ALIGN (0x4)
                [!provide]                        PROVIDE (__preinit_array_start, ABSOLUTE (.))
 *(.preinit_array)
                [!provide]                        PROVIDE (__preinit_array_end, ABSOLUTE (.))
                [!provide]                        PROVIDE (__init_array_start, ABSOLUTE (.))
 *(.init_array)
                [!provide]                        PROVIDE (__init_array_end, ABSOLUTE (.))
                [!provide]                        PROVIDE (__fini_array_start, ABSOLUTE (.))
 *(.fini_array)
                [!provide]                        PROVIDE (__fini_array_end, ABSOLUTE (.))
 *(.eh_frame)
 *(.gcc_except_table .gcc_except_table.*)
 *(.dynamic)
                0x0000000000025788                PROVIDE (__CTOR_LIST__, ABSOLUTE (.))
 *(.ctors)
 *(SORT(.ctors.*))
                0x0000000000025788                PROVIDE (__CTOR_END__, ABSOLUTE (.))
                0x0000000000025788                PROVIDE (__DTOR_LIST__, ABSOLUTE (.))
 *(.dtors)
 *(SORT(.dtors.*))
                0x0000000000025788                PROVIDE (__DTOR_END__, ABSOLUTE (.))
 *(.jcr)
                0x0000000000025788                . = ALIGN (0x4)

.rodata         0x0000000000025788       0x44
                0x0000000000025788                PROVIDE (__ram_rodata_start, ABSOLUTE (.))
                0x0000000000025788                . = ALIGN (0x4)
 *(.rodata .rodata.* .gnu.linkonce.r.*)
 .rodata        0x0000000000025788        0x6 obj/default/main.o
 *fill*         0x000000000002578e        0x2 
 .rodata.str1.4
                0x0000000000025790        0x2 c:/intelfpga_lite/18.1/nios2eds/bin/gnu/h-x86_64-mingw32/bin/../lib/gcc/nios2-elf/5.3.0/../../../../../H-x86_64-mingw32/nios2-elf/lib\libc.a(lib_a-puts.o)
 *fill*         0x0000000000025792        0x2 
 .rodata.str1.4
                0x0000000000025794        0x4 c:/intelfpga_lite/18.1/nios2eds/bin/gnu/h-x86_64-mingw32/bin/../lib/gcc/nios2-elf/5.3.0/../../../../../H-x86_64-mingw32/nios2-elf/lib\libc.a(lib_a-impure.o)
                                          0x2 (size before relaxing)
 .rodata        0x0000000000025798        0xa E:/EPFL/Semestre_7/Embedded_Systems/fpga_intro/sw/nios/fpga_intro_bsp/\libhal_bsp.a(alt_dev.o)
 *fill*         0x00000000000257a2        0x2 
 .rodata        0x00000000000257a4       0x11 E:/EPFL/Semestre_7/Embedded_Systems/fpga_intro/sw/nios/fpga_intro_bsp/\libhal_bsp.a(alt_main.o)
 *fill*         0x00000000000257b5        0x3 
 .rodata        0x00000000000257b8       0x11 E:/EPFL/Semestre_7/Embedded_Systems/fpga_intro/sw/nios/fpga_intro_bsp/\libhal_bsp.a(alt_sys_init.o)
 *(.rodata1)
                0x00000000000257cc                . = ALIGN (0x4)
 *fill*         0x00000000000257c9        0x3 
                0x00000000000257cc                PROVIDE (__ram_rodata_end, ABSOLUTE (.))
                0x0000000000025788                PROVIDE (__flash_rodata_start, LOADADDR (.rodata))

.rwdata         0x00000000000257cc     0x1a6c load address 0x0000000000027238
                0x00000000000257cc                PROVIDE (__ram_rwdata_start, ABSOLUTE (.))
                0x00000000000257cc                . = ALIGN (0x4)
 *(.got.plt)
 *(.got)
 *(.data1)
 *(.data .data.* .gnu.linkonce.d.*)
 .data          0x00000000000257cc        0x0 E:/EPFL/Semestre_7/Embedded_Systems/fpga_intro/sw/nios/fpga_intro_bsp//obj/HAL/src/crt0.o
 .data          0x00000000000257cc        0x0 obj/default/main.o
 .data          0x00000000000257cc        0x0 c:/intelfpga_lite/18.1/nios2eds/bin/gnu/h-x86_64-mingw32/bin/../lib/gcc/nios2-elf/5.3.0/../../../../../H-x86_64-mingw32/nios2-elf/lib\libc.a(lib_a-puts.o)
 .data          0x00000000000257cc        0x0 c:/intelfpga_lite/18.1/nios2eds/bin/gnu/h-x86_64-mingw32/bin/../lib/gcc/nios2-elf/5.3.0/../../../../../H-x86_64-mingw32/nios2-elf/lib\libc.a(lib_a-strlen.o)
 .data          0x00000000000257cc        0x0 c:/intelfpga_lite/18.1/nios2eds/bin/gnu/h-x86_64-mingw32/bin/../lib/gcc/nios2-elf/5.3.0/../../../../../H-x86_64-mingw32/nios2-elf/lib\libc.a(lib_a-findfp.o)
 .data          0x00000000000257cc        0x0 c:/intelfpga_lite/18.1/nios2eds/bin/gnu/h-x86_64-mingw32/bin/../lib/gcc/nios2-elf/5.3.0/../../../../../H-x86_64-mingw32/nios2-elf/lib\libc.a(lib_a-fvwrite.o)
 .data          0x00000000000257cc        0x0 c:/intelfpga_lite/18.1/nios2eds/bin/gnu/h-x86_64-mingw32/bin/../lib/gcc/nios2-elf/5.3.0/../../../../../H-x86_64-mingw32/nios2-elf/lib\libc.a(lib_a-fwalk.o)
 .data          0x00000000000257cc        0x0 c:/intelfpga_lite/18.1/nios2eds/bin/gnu/h-x86_64-mingw32/bin/../lib/gcc/nios2-elf/5.3.0/../../../../../H-x86_64-mingw32/nios2-elf/lib\libc.a(lib_a-impure.o)
 .data.impure_data
                0x00000000000257cc      0x424 c:/intelfpga_lite/18.1/nios2eds/bin/gnu/h-x86_64-mingw32/bin/../lib/gcc/nios2-elf/5.3.0/../../../../../H-x86_64-mingw32/nios2-elf/lib\libc.a(lib_a-impure.o)
 .data          0x0000000000025bf0        0x0 c:/intelfpga_lite/18.1/nios2eds/bin/gnu/h-x86_64-mingw32/bin/../lib/gcc/nios2-elf/5.3.0/../../../../../H-x86_64-mingw32/nios2-elf/lib\libc.a(lib_a-mallocr.o)
 .data.__malloc_av_
                0x0000000000025bf0      0x408 c:/intelfpga_lite/18.1/nios2eds/bin/gnu/h-x86_64-mingw32/bin/../lib/gcc/nios2-elf/5.3.0/../../../../../H-x86_64-mingw32/nios2-elf/lib\libc.a(lib_a-mallocr.o)
                0x0000000000025bf0                __malloc_av_
 .data          0x0000000000025ff8        0x0 c:/intelfpga_lite/18.1/nios2eds/bin/gnu/h-x86_64-mingw32/bin/../lib/gcc/nios2-elf/5.3.0/../../../../../H-x86_64-mingw32/nios2-elf/lib\libc.a(lib_a-memchr.o)
 .data          0x0000000000025ff8        0x0 c:/intelfpga_lite/18.1/nios2eds/bin/gnu/h-x86_64-mingw32/bin/../lib/gcc/nios2-elf/5.3.0/../../../../../H-x86_64-mingw32/nios2-elf/lib\libc.a(lib_a-memcpy.o)
 .data          0x0000000000025ff8        0x0 c:/intelfpga_lite/18.1/nios2eds/bin/gnu/h-x86_64-mingw32/bin/../lib/gcc/nios2-elf/5.3.0/../../../../../H-x86_64-mingw32/nios2-elf/lib\libc.a(lib_a-memmove.o)
 .data          0x0000000000025ff8        0x0 c:/intelfpga_lite/18.1/nios2eds/bin/gnu/h-x86_64-mingw32/bin/../lib/gcc/nios2-elf/5.3.0/../../../../../H-x86_64-mingw32/nios2-elf/lib\libc.a(lib_a-memset.o)
 .data          0x0000000000025ff8        0x0 c:/intelfpga_lite/18.1/nios2eds/bin/gnu/h-x86_64-mingw32/bin/../lib/gcc/nios2-elf/5.3.0/../../../../../H-x86_64-mingw32/nios2-elf/lib\libc.a(lib_a-reallocr.o)
 .data          0x0000000000025ff8        0x0 c:/intelfpga_lite/18.1/nios2eds/bin/gnu/h-x86_64-mingw32/bin/../lib/gcc/nios2-elf/5.3.0/../../../../../H-x86_64-mingw32/nios2-elf/lib\libc.a(lib_a-sbrkr.o)
 .data          0x0000000000025ff8        0x0 c:/intelfpga_lite/18.1/nios2eds/bin/gnu/h-x86_64-mingw32/bin/../lib/gcc/nios2-elf/5.3.0/../../../../../H-x86_64-mingw32/nios2-elf/lib\libc.a(lib_a-stdio.o)
 .data          0x0000000000025ff8        0x0 c:/intelfpga_lite/18.1/nios2eds/bin/gnu/h-x86_64-mingw32/bin/../lib/gcc/nios2-elf/5.3.0/../../../../../H-x86_64-mingw32/nios2-elf/lib\libc.a(lib_a-writer.o)
 .data          0x0000000000025ff8        0x0 c:/intelfpga_lite/18.1/nios2eds/bin/gnu/h-x86_64-mingw32/bin/../lib/gcc/nios2-elf/5.3.0/../../../../../H-x86_64-mingw32/nios2-elf/lib\libc.a(lib_a-wsetup.o)
 .data          0x0000000000025ff8        0x0 c:/intelfpga_lite/18.1/nios2eds/bin/gnu/h-x86_64-mingw32/bin/../lib/gcc/nios2-elf/5.3.0/../../../../../H-x86_64-mingw32/nios2-elf/lib\libc.a(closer.o)
 .data          0x0000000000025ff8        0x0 c:/intelfpga_lite/18.1/nios2eds/bin/gnu/h-x86_64-mingw32/bin/../lib/gcc/nios2-elf/5.3.0/../../../../../H-x86_64-mingw32/nios2-elf/lib\libc.a(lib_a-fclose.o)
 .data          0x0000000000025ff8        0x0 c:/intelfpga_lite/18.1/nios2eds/bin/gnu/h-x86_64-mingw32/bin/../lib/gcc/nios2-elf/5.3.0/../../../../../H-x86_64-mingw32/nios2-elf/lib\libc.a(lib_a-fflush.o)
 .data          0x0000000000025ff8        0x0 c:/intelfpga_lite/18.1/nios2eds/bin/gnu/h-x86_64-mingw32/bin/../lib/gcc/nios2-elf/5.3.0/../../../../../H-x86_64-mingw32/nios2-elf/lib\libc.a(lib_a-freer.o)
 .data          0x0000000000025ff8        0x0 c:/intelfpga_lite/18.1/nios2eds/bin/gnu/h-x86_64-mingw32/bin/../lib/gcc/nios2-elf/5.3.0/../../../../../H-x86_64-mingw32/nios2-elf/lib\libc.a(lib_a-int_errno.o)
 .data          0x0000000000025ff8        0x0 c:/intelfpga_lite/18.1/nios2eds/bin/gnu/h-x86_64-mingw32/bin/../lib/gcc/nios2-elf/5.3.0/../../../../../H-x86_64-mingw32/nios2-elf/lib\libc.a(lib_a-lseekr.o)
 .data          0x0000000000025ff8        0x0 c:/intelfpga_lite/18.1/nios2eds/bin/gnu/h-x86_64-mingw32/bin/../lib/gcc/nios2-elf/5.3.0/../../../../../H-x86_64-mingw32/nios2-elf/lib\libc.a(lib_a-makebuf.o)
 .data          0x0000000000025ff8        0x0 c:/intelfpga_lite/18.1/nios2eds/bin/gnu/h-x86_64-mingw32/bin/../lib/gcc/nios2-elf/5.3.0/../../../../../H-x86_64-mingw32/nios2-elf/lib\libc.a(lib_a-readr.o)
 .data          0x0000000000025ff8        0x0 c:/intelfpga_lite/18.1/nios2eds/bin/gnu/h-x86_64-mingw32/bin/../lib/gcc/nios2-elf/5.3.0/../../../../../H-x86_64-mingw32/nios2-elf/lib\libc.a(lib_a-fstatr.o)
 .data          0x0000000000025ff8        0x0 c:/intelfpga_lite/18.1/nios2eds/bin/gnu/h-x86_64-mingw32/bin/../lib/gcc/nios2-elf/5.3.0/../../../../../H-x86_64-mingw32/nios2-elf/lib\libc.a(lib_a-isattyr.o)
 .data          0x0000000000025ff8        0x0 c:/intelfpga_lite/18.1/nios2eds/bin/gnu/h-x86_64-mingw32/bin/../lib/gcc/nios2-elf/5.3.0\libgcc.a(lib2-divmod.o)
 .data          0x0000000000025ff8        0x0 E:/EPFL/Semestre_7/Embedded_Systems/fpga_intro/sw/nios/fpga_intro_bsp/\libhal_bsp.a(alt_close.o)
 .data          0x0000000000025ff8      0x1a8 E:/EPFL/Semestre_7/Embedded_Systems/fpga_intro/sw/nios/fpga_intro_bsp/\libhal_bsp.a(alt_dev.o)
                0x0000000000025ff8                alt_dev_null
                0x0000000000026020                alt_fd_list
 .data          0x00000000000261a0        0x0 E:/EPFL/Semestre_7/Embedded_Systems/fpga_intro/sw/nios/fpga_intro_bsp/\libhal_bsp.a(alt_errno.o)
 .data          0x00000000000261a0        0x0 E:/EPFL/Semestre_7/Embedded_Systems/fpga_intro/sw/nios/fpga_intro_bsp/\libhal_bsp.a(alt_fstat.o)
 .data          0x00000000000261a0        0x0 E:/EPFL/Semestre_7/Embedded_Systems/fpga_intro/sw/nios/fpga_intro_bsp/\libhal_bsp.a(alt_isatty.o)
 .data          0x00000000000261a0        0x0 E:/EPFL/Semestre_7/Embedded_Systems/fpga_intro/sw/nios/fpga_intro_bsp/\libhal_bsp.a(alt_load.o)
 .data          0x00000000000261a0        0x0 E:/EPFL/Semestre_7/Embedded_Systems/fpga_intro/sw/nios/fpga_intro_bsp/\libhal_bsp.a(alt_lseek.o)
 .data          0x00000000000261a0        0x0 E:/EPFL/Semestre_7/Embedded_Systems/fpga_intro/sw/nios/fpga_intro_bsp/\libhal_bsp.a(alt_main.o)
 .data          0x00000000000261a0        0x0 E:/EPFL/Semestre_7/Embedded_Systems/fpga_intro/sw/nios/fpga_intro_bsp/\libhal_bsp.a(alt_malloc_lock.o)
 .data          0x00000000000261a0        0x0 E:/EPFL/Semestre_7/Embedded_Systems/fpga_intro/sw/nios/fpga_intro_bsp/\libhal_bsp.a(alt_read.o)
 .data          0x00000000000261a0        0x0 E:/EPFL/Semestre_7/Embedded_Systems/fpga_intro/sw/nios/fpga_intro_bsp/\libhal_bsp.a(alt_release_fd.o)
 .data          0x00000000000261a0        0x0 E:/EPFL/Semestre_7/Embedded_Systems/fpga_intro/sw/nios/fpga_intro_bsp/\libhal_bsp.a(alt_sbrk.o)
 .data          0x00000000000261a0        0x0 E:/EPFL/Semestre_7/Embedded_Systems/fpga_intro/sw/nios/fpga_intro_bsp/\libhal_bsp.a(alt_write.o)
 .data          0x00000000000261a0     0x1060 E:/EPFL/Semestre_7/Embedded_Systems/fpga_intro/sw/nios/fpga_intro_bsp/\libhal_bsp.a(alt_sys_init.o)
 .data          0x0000000000027200        0x0 E:/EPFL/Semestre_7/Embedded_Systems/fpga_intro/sw/nios/fpga_intro_bsp/\libhal_bsp.a(altera_avalon_jtag_uart_fd.o)
 .data          0x0000000000027200        0x0 E:/EPFL/Semestre_7/Embedded_Systems/fpga_intro/sw/nios/fpga_intro_bsp/\libhal_bsp.a(altera_avalon_jtag_uart_init.o)
 .data          0x0000000000027200        0x0 E:/EPFL/Semestre_7/Embedded_Systems/fpga_intro/sw/nios/fpga_intro_bsp/\libhal_bsp.a(altera_avalon_jtag_uart_ioctl.o)
 .data          0x0000000000027200        0x0 E:/EPFL/Semestre_7/Embedded_Systems/fpga_intro/sw/nios/fpga_intro_bsp/\libhal_bsp.a(altera_avalon_jtag_uart_read.o)
 .data          0x0000000000027200        0x0 E:/EPFL/Semestre_7/Embedded_Systems/fpga_intro/sw/nios/fpga_intro_bsp/\libhal_bsp.a(altera_avalon_jtag_uart_write.o)
 .data          0x0000000000027200        0x0 E:/EPFL/Semestre_7/Embedded_Systems/fpga_intro/sw/nios/fpga_intro_bsp/\libhal_bsp.a(alt_alarm_start.o)
 .data          0x0000000000027200        0x0 E:/EPFL/Semestre_7/Embedded_Systems/fpga_intro/sw/nios/fpga_intro_bsp/\libhal_bsp.a(alt_dcache_flush_all.o)
 .data          0x0000000000027200        0x0 E:/EPFL/Semestre_7/Embedded_Systems/fpga_intro/sw/nios/fpga_intro_bsp/\libhal_bsp.a(alt_dev_llist_insert.o)
 .data          0x0000000000027200        0x0 E:/EPFL/Semestre_7/Embedded_Systems/fpga_intro/sw/nios/fpga_intro_bsp/\libhal_bsp.a(alt_do_ctors.o)
 .data          0x0000000000027200        0x0 E:/EPFL/Semestre_7/Embedded_Systems/fpga_intro/sw/nios/fpga_intro_bsp/\libhal_bsp.a(alt_do_dtors.o)
 .data          0x0000000000027200        0x0 E:/EPFL/Semestre_7/Embedded_Systems/fpga_intro/sw/nios/fpga_intro_bsp/\libhal_bsp.a(alt_icache_flush_all.o)
 .data          0x0000000000027200        0x0 E:/EPFL/Semestre_7/Embedded_Systems/fpga_intro/sw/nios/fpga_intro_bsp/\libhal_bsp.a(alt_iic.o)
 .data          0x0000000000027200        0x0 E:/EPFL/Semestre_7/Embedded_Systems/fpga_intro/sw/nios/fpga_intro_bsp/\libhal_bsp.a(alt_iic_isr_register.o)
 .data          0x0000000000027200        0x0 E:/EPFL/Semestre_7/Embedded_Systems/fpga_intro/sw/nios/fpga_intro_bsp/\libhal_bsp.a(alt_io_redirect.o)
 .data          0x0000000000027200        0x0 E:/EPFL/Semestre_7/Embedded_Systems/fpga_intro/sw/nios/fpga_intro_bsp/\libhal_bsp.a(alt_irq_entry.o)
 .data          0x0000000000027200        0x0 E:/EPFL/Semestre_7/Embedded_Systems/fpga_intro/sw/nios/fpga_intro_bsp/\libhal_bsp.a(alt_irq_handler.o)
 .data          0x0000000000027200        0x0 E:/EPFL/Semestre_7/Embedded_Systems/fpga_intro/sw/nios/fpga_intro_bsp/\libhal_bsp.a(alt_irq_vars.o)
 .data          0x0000000000027200        0x0 E:/EPFL/Semestre_7/Embedded_Systems/fpga_intro/sw/nios/fpga_intro_bsp/\libhal_bsp.a(alt_open.o)
 .data          0x0000000000027200        0x0 E:/EPFL/Semestre_7/Embedded_Systems/fpga_intro/sw/nios/fpga_intro_bsp/\libhal_bsp.a(alt_tick.o)
 .data          0x0000000000027200        0x0 E:/EPFL/Semestre_7/Embedded_Systems/fpga_intro/sw/nios/fpga_intro_bsp/\libhal_bsp.a(altera_nios2_gen2_irq.o)
 .data          0x0000000000027200        0x0 E:/EPFL/Semestre_7/Embedded_Systems/fpga_intro/sw/nios/fpga_intro_bsp/\libhal_bsp.a(alt_exception_entry.o)
 .data          0x0000000000027200        0x0 E:/EPFL/Semestre_7/Embedded_Systems/fpga_intro/sw/nios/fpga_intro_bsp/\libhal_bsp.a(alt_find_dev.o)
 .data          0x0000000000027200        0x0 E:/EPFL/Semestre_7/Embedded_Systems/fpga_intro/sw/nios/fpga_intro_bsp/\libhal_bsp.a(alt_find_file.o)
 .data          0x0000000000027200        0x0 E:/EPFL/Semestre_7/Embedded_Systems/fpga_intro/sw/nios/fpga_intro_bsp/\libhal_bsp.a(alt_get_fd.o)
 .data          0x0000000000027200        0x0 E:/EPFL/Semestre_7/Embedded_Systems/fpga_intro/sw/nios/fpga_intro_bsp/\libhal_bsp.a(alt_icache_flush.o)
 .data          0x0000000000027200        0x0 E:/EPFL/Semestre_7/Embedded_Systems/fpga_intro/sw/nios/fpga_intro_bsp/\libhal_bsp.a(alt_instruction_exception_entry.o)
 .data          0x0000000000027200        0x0 c:/intelfpga_lite/18.1/nios2eds/bin/gnu/h-x86_64-mingw32/bin/../lib/gcc/nios2-elf/5.3.0/../../../../../H-x86_64-mingw32/nios2-elf/lib\libc.a(lib_a-atexit.o)
 .data          0x0000000000027200        0x0 c:/intelfpga_lite/18.1/nios2eds/bin/gnu/h-x86_64-mingw32/bin/../lib/gcc/nios2-elf/5.3.0/../../../../../H-x86_64-mingw32/nios2-elf/lib\libc.a(lib_a-exit.o)
 .data          0x0000000000027200        0x0 c:/intelfpga_lite/18.1/nios2eds/bin/gnu/h-x86_64-mingw32/bin/../lib/gcc/nios2-elf/5.3.0/../../../../../H-x86_64-mingw32/nios2-elf/lib\libc.a(lib_a-memcmp.o)
 .data          0x0000000000027200        0x0 c:/intelfpga_lite/18.1/nios2eds/bin/gnu/h-x86_64-mingw32/bin/../lib/gcc/nios2-elf/5.3.0/../../../../../H-x86_64-mingw32/nios2-elf/lib\libc.a(lib_a-__atexit.o)
 .data          0x0000000000027200        0x0 c:/intelfpga_lite/18.1/nios2eds/bin/gnu/h-x86_64-mingw32/bin/../lib/gcc/nios2-elf/5.3.0/../../../../../H-x86_64-mingw32/nios2-elf/lib\libc.a(lib_a-__call_atexit.o)
 .data          0x0000000000027200        0x0 E:/EPFL/Semestre_7/Embedded_Systems/fpga_intro/sw/nios/fpga_intro_bsp/\libhal_bsp.a(alt_exit.o)
                0x000000000002f200                _gp = ABSOLUTE ((. + 0x8000))
                [!provide]                        PROVIDE (gp, _gp)
 *(.rwdata .rwdata.*)
 *(.sdata .sdata.* .gnu.linkonce.s.*)
 .sdata._global_impure_ptr
                0x0000000000027200        0x4 c:/intelfpga_lite/18.1/nios2eds/bin/gnu/h-x86_64-mingw32/bin/../lib/gcc/nios2-elf/5.3.0/../../../../../H-x86_64-mingw32/nios2-elf/lib\libc.a(lib_a-impure.o)
                0x0000000000027200                _global_impure_ptr
 .sdata._impure_ptr
                0x0000000000027204        0x4 c:/intelfpga_lite/18.1/nios2eds/bin/gnu/h-x86_64-mingw32/bin/../lib/gcc/nios2-elf/5.3.0/../../../../../H-x86_64-mingw32/nios2-elf/lib\libc.a(lib_a-impure.o)
                0x0000000000027204                _impure_ptr
 .sdata.__malloc_sbrk_base
                0x0000000000027208        0x4 c:/intelfpga_lite/18.1/nios2eds/bin/gnu/h-x86_64-mingw32/bin/../lib/gcc/nios2-elf/5.3.0/../../../../../H-x86_64-mingw32/nios2-elf/lib\libc.a(lib_a-mallocr.o)
                0x0000000000027208                __malloc_sbrk_base
 .sdata.__malloc_trim_threshold
                0x000000000002720c        0x4 c:/intelfpga_lite/18.1/nios2eds/bin/gnu/h-x86_64-mingw32/bin/../lib/gcc/nios2-elf/5.3.0/../../../../../H-x86_64-mingw32/nios2-elf/lib\libc.a(lib_a-mallocr.o)
                0x000000000002720c                __malloc_trim_threshold
 .sdata         0x0000000000027210       0x14 E:/EPFL/Semestre_7/Embedded_Systems/fpga_intro/sw/nios/fpga_intro_bsp/\libhal_bsp.a(alt_dev.o)
                0x0000000000027210                alt_fs_list
                0x0000000000027218                alt_dev_list
                0x0000000000027220                alt_max_fd
 .sdata         0x0000000000027224        0x4 E:/EPFL/Semestre_7/Embedded_Systems/fpga_intro/sw/nios/fpga_intro_bsp/\libhal_bsp.a(alt_errno.o)
                0x0000000000027224                alt_errno
 .sdata         0x0000000000027228        0x4 E:/EPFL/Semestre_7/Embedded_Systems/fpga_intro/sw/nios/fpga_intro_bsp/\libhal_bsp.a(alt_sbrk.o)
 .sdata         0x000000000002722c        0x4 E:/EPFL/Semestre_7/Embedded_Systems/fpga_intro/sw/nios/fpga_intro_bsp/\libhal_bsp.a(alt_irq_vars.o)
                0x000000000002722c                alt_priority_mask
 .sdata         0x0000000000027230        0x8 E:/EPFL/Semestre_7/Embedded_Systems/fpga_intro/sw/nios/fpga_intro_bsp/\libhal_bsp.a(alt_tick.o)
                0x0000000000027230                alt_alarm_list
 *(.sdata2 .sdata2.* .gnu.linkonce.s2.*)
                0x0000000000027238                . = ALIGN (0x4)
                0x0000000000027238                _edata = ABSOLUTE (.)
                [!provide]                        PROVIDE (edata, ABSOLUTE (.))
                0x0000000000027238                PROVIDE (__ram_rwdata_end, ABSOLUTE (.))
                0x0000000000027238                PROVIDE (__flash_rwdata_start, LOADADDR (.rwdata))

.bss            0x0000000000028ca4      0x154
                0x0000000000028ca4                __bss_start = ABSOLUTE (.)
                [!provide]                        PROVIDE (__sbss_start, ABSOLUTE (.))
                [!provide]                        PROVIDE (___sbss_start, ABSOLUTE (.))
 *(.dynsbss)
 *(.sbss .sbss.* .gnu.linkonce.sb.*)
 .sbss.__malloc_max_total_mem
                0x0000000000028ca4        0x4 c:/intelfpga_lite/18.1/nios2eds/bin/gnu/h-x86_64-mingw32/bin/../lib/gcc/nios2-elf/5.3.0/../../../../../H-x86_64-mingw32/nios2-elf/lib\libc.a(lib_a-mallocr.o)
                0x0000000000028ca4                __malloc_max_total_mem
 .sbss.__malloc_max_sbrked_mem
                0x0000000000028ca8        0x4 c:/intelfpga_lite/18.1/nios2eds/bin/gnu/h-x86_64-mingw32/bin/../lib/gcc/nios2-elf/5.3.0/../../../../../H-x86_64-mingw32/nios2-elf/lib\libc.a(lib_a-mallocr.o)
                0x0000000000028ca8                __malloc_max_sbrked_mem
 .sbss.__malloc_top_pad
                0x0000000000028cac        0x4 c:/intelfpga_lite/18.1/nios2eds/bin/gnu/h-x86_64-mingw32/bin/../lib/gcc/nios2-elf/5.3.0/../../../../../H-x86_64-mingw32/nios2-elf/lib\libc.a(lib_a-mallocr.o)
                0x0000000000028cac                __malloc_top_pad
 .sbss          0x0000000000028cb0        0x4 c:/intelfpga_lite/18.1/nios2eds/bin/gnu/h-x86_64-mingw32/bin/../lib/gcc/nios2-elf/5.3.0/../../../../../H-x86_64-mingw32/nios2-elf/lib\libc.a(lib_a-int_errno.o)
                0x0000000000028cb0                errno
 .sbss          0x0000000000028cb4        0xc E:/EPFL/Semestre_7/Embedded_Systems/fpga_intro/sw/nios/fpga_intro_bsp/\libhal_bsp.a(alt_main.o)
                0x0000000000028cb4                alt_argc
                0x0000000000028cb8                alt_argv
                0x0000000000028cbc                alt_envp
 .sbss          0x0000000000028cc0        0x4 E:/EPFL/Semestre_7/Embedded_Systems/fpga_intro/sw/nios/fpga_intro_bsp/\libhal_bsp.a(alt_irq_vars.o)
                0x0000000000028cc0                alt_irq_active
 .sbss          0x0000000000028cc4        0x8 E:/EPFL/Semestre_7/Embedded_Systems/fpga_intro/sw/nios/fpga_intro_bsp/\libhal_bsp.a(alt_tick.o)
                0x0000000000028cc4                _alt_tick_rate
                0x0000000000028cc8                _alt_nticks
 .sbss          0x0000000000028ccc        0x4 E:/EPFL/Semestre_7/Embedded_Systems/fpga_intro/sw/nios/fpga_intro_bsp/\libhal_bsp.a(alt_instruction_exception_entry.o)
                0x0000000000028ccc                alt_instruction_exception_handler
 *(.sbss2 .sbss2.* .gnu.linkonce.sb2.*)
 *(.scommon)
                [!provide]                        PROVIDE (__sbss_end, ABSOLUTE (.))
                [!provide]                        PROVIDE (___sbss_end, ABSOLUTE (.))
 *(.dynbss)
 *(.bss .bss.* .gnu.linkonce.b.*)
 .bss           0x0000000000028cd0        0x0 E:/EPFL/Semestre_7/Embedded_Systems/fpga_intro/sw/nios/fpga_intro_bsp//obj/HAL/src/crt0.o
 .bss           0x0000000000028cd0        0x0 obj/default/main.o
 .bss           0x0000000000028cd0        0x0 c:/intelfpga_lite/18.1/nios2eds/bin/gnu/h-x86_64-mingw32/bin/../lib/gcc/nios2-elf/5.3.0/../../../../../H-x86_64-mingw32/nios2-elf/lib\libc.a(lib_a-puts.o)
 .bss           0x0000000000028cd0        0x0 c:/intelfpga_lite/18.1/nios2eds/bin/gnu/h-x86_64-mingw32/bin/../lib/gcc/nios2-elf/5.3.0/../../../../../H-x86_64-mingw32/nios2-elf/lib\libc.a(lib_a-strlen.o)
 .bss           0x0000000000028cd0        0x0 c:/intelfpga_lite/18.1/nios2eds/bin/gnu/h-x86_64-mingw32/bin/../lib/gcc/nios2-elf/5.3.0/../../../../../H-x86_64-mingw32/nios2-elf/lib\libc.a(lib_a-findfp.o)
 .bss           0x0000000000028cd0        0x0 c:/intelfpga_lite/18.1/nios2eds/bin/gnu/h-x86_64-mingw32/bin/../lib/gcc/nios2-elf/5.3.0/../../../../../H-x86_64-mingw32/nios2-elf/lib\libc.a(lib_a-fvwrite.o)
 .bss           0x0000000000028cd0        0x0 c:/intelfpga_lite/18.1/nios2eds/bin/gnu/h-x86_64-mingw32/bin/../lib/gcc/nios2-elf/5.3.0/../../../../../H-x86_64-mingw32/nios2-elf/lib\libc.a(lib_a-fwalk.o)
 .bss           0x0000000000028cd0        0x0 c:/intelfpga_lite/18.1/nios2eds/bin/gnu/h-x86_64-mingw32/bin/../lib/gcc/nios2-elf/5.3.0/../../../../../H-x86_64-mingw32/nios2-elf/lib\libc.a(lib_a-impure.o)
 .bss           0x0000000000028cd0        0x0 c:/intelfpga_lite/18.1/nios2eds/bin/gnu/h-x86_64-mingw32/bin/../lib/gcc/nios2-elf/5.3.0/../../../../../H-x86_64-mingw32/nios2-elf/lib\libc.a(lib_a-mallocr.o)
 .bss.__malloc_current_mallinfo
                0x0000000000028cd0       0x28 c:/intelfpga_lite/18.1/nios2eds/bin/gnu/h-x86_64-mingw32/bin/../lib/gcc/nios2-elf/5.3.0/../../../../../H-x86_64-mingw32/nios2-elf/lib\libc.a(lib_a-mallocr.o)
                0x0000000000028cd0                __malloc_current_mallinfo
 .bss           0x0000000000028cf8        0x0 c:/intelfpga_lite/18.1/nios2eds/bin/gnu/h-x86_64-mingw32/bin/../lib/gcc/nios2-elf/5.3.0/../../../../../H-x86_64-mingw32/nios2-elf/lib\libc.a(lib_a-memchr.o)
 .bss           0x0000000000028cf8        0x0 c:/intelfpga_lite/18.1/nios2eds/bin/gnu/h-x86_64-mingw32/bin/../lib/gcc/nios2-elf/5.3.0/../../../../../H-x86_64-mingw32/nios2-elf/lib\libc.a(lib_a-memcpy.o)
 .bss           0x0000000000028cf8        0x0 c:/intelfpga_lite/18.1/nios2eds/bin/gnu/h-x86_64-mingw32/bin/../lib/gcc/nios2-elf/5.3.0/../../../../../H-x86_64-mingw32/nios2-elf/lib\libc.a(lib_a-memmove.o)
 .bss           0x0000000000028cf8        0x0 c:/intelfpga_lite/18.1/nios2eds/bin/gnu/h-x86_64-mingw32/bin/../lib/gcc/nios2-elf/5.3.0/../../../../../H-x86_64-mingw32/nios2-elf/lib\libc.a(lib_a-memset.o)
 .bss           0x0000000000028cf8        0x0 c:/intelfpga_lite/18.1/nios2eds/bin/gnu/h-x86_64-mingw32/bin/../lib/gcc/nios2-elf/5.3.0/../../../../../H-x86_64-mingw32/nios2-elf/lib\libc.a(lib_a-reallocr.o)
 .bss           0x0000000000028cf8        0x0 c:/intelfpga_lite/18.1/nios2eds/bin/gnu/h-x86_64-mingw32/bin/../lib/gcc/nios2-elf/5.3.0/../../../../../H-x86_64-mingw32/nios2-elf/lib\libc.a(lib_a-sbrkr.o)
 .bss           0x0000000000028cf8        0x0 c:/intelfpga_lite/18.1/nios2eds/bin/gnu/h-x86_64-mingw32/bin/../lib/gcc/nios2-elf/5.3.0/../../../../../H-x86_64-mingw32/nios2-elf/lib\libc.a(lib_a-stdio.o)
 .bss           0x0000000000028cf8        0x0 c:/intelfpga_lite/18.1/nios2eds/bin/gnu/h-x86_64-mingw32/bin/../lib/gcc/nios2-elf/5.3.0/../../../../../H-x86_64-mingw32/nios2-elf/lib\libc.a(lib_a-writer.o)
 .bss           0x0000000000028cf8        0x0 c:/intelfpga_lite/18.1/nios2eds/bin/gnu/h-x86_64-mingw32/bin/../lib/gcc/nios2-elf/5.3.0/../../../../../H-x86_64-mingw32/nios2-elf/lib\libc.a(lib_a-wsetup.o)
 .bss           0x0000000000028cf8        0x0 c:/intelfpga_lite/18.1/nios2eds/bin/gnu/h-x86_64-mingw32/bin/../lib/gcc/nios2-elf/5.3.0/../../../../../H-x86_64-mingw32/nios2-elf/lib\libc.a(closer.o)
 .bss           0x0000000000028cf8        0x0 c:/intelfpga_lite/18.1/nios2eds/bin/gnu/h-x86_64-mingw32/bin/../lib/gcc/nios2-elf/5.3.0/../../../../../H-x86_64-mingw32/nios2-elf/lib\libc.a(lib_a-fclose.o)
 .bss           0x0000000000028cf8        0x0 c:/intelfpga_lite/18.1/nios2eds/bin/gnu/h-x86_64-mingw32/bin/../lib/gcc/nios2-elf/5.3.0/../../../../../H-x86_64-mingw32/nios2-elf/lib\libc.a(lib_a-fflush.o)
 .bss           0x0000000000028cf8        0x0 c:/intelfpga_lite/18.1/nios2eds/bin/gnu/h-x86_64-mingw32/bin/../lib/gcc/nios2-elf/5.3.0/../../../../../H-x86_64-mingw32/nios2-elf/lib\libc.a(lib_a-freer.o)
 .bss           0x0000000000028cf8        0x0 c:/intelfpga_lite/18.1/nios2eds/bin/gnu/h-x86_64-mingw32/bin/../lib/gcc/nios2-elf/5.3.0/../../../../../H-x86_64-mingw32/nios2-elf/lib\libc.a(lib_a-int_errno.o)
 .bss           0x0000000000028cf8        0x0 c:/intelfpga_lite/18.1/nios2eds/bin/gnu/h-x86_64-mingw32/bin/../lib/gcc/nios2-elf/5.3.0/../../../../../H-x86_64-mingw32/nios2-elf/lib\libc.a(lib_a-lseekr.o)
 .bss           0x0000000000028cf8        0x0 c:/intelfpga_lite/18.1/nios2eds/bin/gnu/h-x86_64-mingw32/bin/../lib/gcc/nios2-elf/5.3.0/../../../../../H-x86_64-mingw32/nios2-elf/lib\libc.a(lib_a-makebuf.o)
 .bss           0x0000000000028cf8        0x0 c:/intelfpga_lite/18.1/nios2eds/bin/gnu/h-x86_64-mingw32/bin/../lib/gcc/nios2-elf/5.3.0/../../../../../H-x86_64-mingw32/nios2-elf/lib\libc.a(lib_a-readr.o)
 .bss           0x0000000000028cf8        0x0 c:/intelfpga_lite/18.1/nios2eds/bin/gnu/h-x86_64-mingw32/bin/../lib/gcc/nios2-elf/5.3.0/../../../../../H-x86_64-mingw32/nios2-elf/lib\libc.a(lib_a-fstatr.o)
 .bss           0x0000000000028cf8        0x0 c:/intelfpga_lite/18.1/nios2eds/bin/gnu/h-x86_64-mingw32/bin/../lib/gcc/nios2-elf/5.3.0/../../../../../H-x86_64-mingw32/nios2-elf/lib\libc.a(lib_a-isattyr.o)
 .bss           0x0000000000028cf8        0x0 c:/intelfpga_lite/18.1/nios2eds/bin/gnu/h-x86_64-mingw32/bin/../lib/gcc/nios2-elf/5.3.0\libgcc.a(lib2-divmod.o)
 .bss           0x0000000000028cf8        0x0 E:/EPFL/Semestre_7/Embedded_Systems/fpga_intro/sw/nios/fpga_intro_bsp/\libhal_bsp.a(alt_close.o)
 .bss           0x0000000000028cf8        0x0 E:/EPFL/Semestre_7/Embedded_Systems/fpga_intro/sw/nios/fpga_intro_bsp/\libhal_bsp.a(alt_dev.o)
 .bss           0x0000000000028cf8        0x0 E:/EPFL/Semestre_7/Embedded_Systems/fpga_intro/sw/nios/fpga_intro_bsp/\libhal_bsp.a(alt_errno.o)
 .bss           0x0000000000028cf8        0x0 E:/EPFL/Semestre_7/Embedded_Systems/fpga_intro/sw/nios/fpga_intro_bsp/\libhal_bsp.a(alt_fstat.o)
 .bss           0x0000000000028cf8        0x0 E:/EPFL/Semestre_7/Embedded_Systems/fpga_intro/sw/nios/fpga_intro_bsp/\libhal_bsp.a(alt_isatty.o)
 .bss           0x0000000000028cf8        0x0 E:/EPFL/Semestre_7/Embedded_Systems/fpga_intro/sw/nios/fpga_intro_bsp/\libhal_bsp.a(alt_load.o)
 .bss           0x0000000000028cf8        0x0 E:/EPFL/Semestre_7/Embedded_Systems/fpga_intro/sw/nios/fpga_intro_bsp/\libhal_bsp.a(alt_lseek.o)
 .bss           0x0000000000028cf8        0x0 E:/EPFL/Semestre_7/Embedded_Systems/fpga_intro/sw/nios/fpga_intro_bsp/\libhal_bsp.a(alt_main.o)
 .bss           0x0000000000028cf8        0x0 E:/EPFL/Semestre_7/Embedded_Systems/fpga_intro/sw/nios/fpga_intro_bsp/\libhal_bsp.a(alt_malloc_lock.o)
 .bss           0x0000000000028cf8        0x0 E:/EPFL/Semestre_7/Embedded_Systems/fpga_intro/sw/nios/fpga_intro_bsp/\libhal_bsp.a(alt_read.o)
 .bss           0x0000000000028cf8        0x0 E:/EPFL/Semestre_7/Embedded_Systems/fpga_intro/sw/nios/fpga_intro_bsp/\libhal_bsp.a(alt_release_fd.o)
 .bss           0x0000000000028cf8        0x0 E:/EPFL/Semestre_7/Embedded_Systems/fpga_intro/sw/nios/fpga_intro_bsp/\libhal_bsp.a(alt_sbrk.o)
 .bss           0x0000000000028cf8        0x0 E:/EPFL/Semestre_7/Embedded_Systems/fpga_intro/sw/nios/fpga_intro_bsp/\libhal_bsp.a(alt_write.o)
 .bss           0x0000000000028cf8        0x0 E:/EPFL/Semestre_7/Embedded_Systems/fpga_intro/sw/nios/fpga_intro_bsp/\libhal_bsp.a(alt_sys_init.o)
 .bss           0x0000000000028cf8        0x0 E:/EPFL/Semestre_7/Embedded_Systems/fpga_intro/sw/nios/fpga_intro_bsp/\libhal_bsp.a(altera_avalon_jtag_uart_fd.o)
 .bss           0x0000000000028cf8        0x0 E:/EPFL/Semestre_7/Embedded_Systems/fpga_intro/sw/nios/fpga_intro_bsp/\libhal_bsp.a(altera_avalon_jtag_uart_init.o)
 .bss           0x0000000000028cf8        0x0 E:/EPFL/Semestre_7/Embedded_Systems/fpga_intro/sw/nios/fpga_intro_bsp/\libhal_bsp.a(altera_avalon_jtag_uart_ioctl.o)
 .bss           0x0000000000028cf8        0x0 E:/EPFL/Semestre_7/Embedded_Systems/fpga_intro/sw/nios/fpga_intro_bsp/\libhal_bsp.a(altera_avalon_jtag_uart_read.o)
 .bss           0x0000000000028cf8        0x0 E:/EPFL/Semestre_7/Embedded_Systems/fpga_intro/sw/nios/fpga_intro_bsp/\libhal_bsp.a(altera_avalon_jtag_uart_write.o)
 .bss           0x0000000000028cf8        0x0 E:/EPFL/Semestre_7/Embedded_Systems/fpga_intro/sw/nios/fpga_intro_bsp/\libhal_bsp.a(alt_alarm_start.o)
 .bss           0x0000000000028cf8        0x0 E:/EPFL/Semestre_7/Embedded_Systems/fpga_intro/sw/nios/fpga_intro_bsp/\libhal_bsp.a(alt_dcache_flush_all.o)
 .bss           0x0000000000028cf8        0x0 E:/EPFL/Semestre_7/Embedded_Systems/fpga_intro/sw/nios/fpga_intro_bsp/\libhal_bsp.a(alt_dev_llist_insert.o)
 .bss           0x0000000000028cf8        0x0 E:/EPFL/Semestre_7/Embedded_Systems/fpga_intro/sw/nios/fpga_intro_bsp/\libhal_bsp.a(alt_do_ctors.o)
 .bss           0x0000000000028cf8        0x0 E:/EPFL/Semestre_7/Embedded_Systems/fpga_intro/sw/nios/fpga_intro_bsp/\libhal_bsp.a(alt_do_dtors.o)
 .bss           0x0000000000028cf8        0x0 E:/EPFL/Semestre_7/Embedded_Systems/fpga_intro/sw/nios/fpga_intro_bsp/\libhal_bsp.a(alt_icache_flush_all.o)
 .bss           0x0000000000028cf8        0x0 E:/EPFL/Semestre_7/Embedded_Systems/fpga_intro/sw/nios/fpga_intro_bsp/\libhal_bsp.a(alt_iic.o)
 .bss           0x0000000000028cf8        0x0 E:/EPFL/Semestre_7/Embedded_Systems/fpga_intro/sw/nios/fpga_intro_bsp/\libhal_bsp.a(alt_iic_isr_register.o)
 .bss           0x0000000000028cf8        0x0 E:/EPFL/Semestre_7/Embedded_Systems/fpga_intro/sw/nios/fpga_intro_bsp/\libhal_bsp.a(alt_io_redirect.o)
 .bss           0x0000000000028cf8        0x0 E:/EPFL/Semestre_7/Embedded_Systems/fpga_intro/sw/nios/fpga_intro_bsp/\libhal_bsp.a(alt_irq_entry.o)
 .bss           0x0000000000028cf8        0x0 E:/EPFL/Semestre_7/Embedded_Systems/fpga_intro/sw/nios/fpga_intro_bsp/\libhal_bsp.a(alt_irq_handler.o)
 .bss           0x0000000000028cf8        0x0 E:/EPFL/Semestre_7/Embedded_Systems/fpga_intro/sw/nios/fpga_intro_bsp/\libhal_bsp.a(alt_irq_vars.o)
 .bss           0x0000000000028cf8        0x0 E:/EPFL/Semestre_7/Embedded_Systems/fpga_intro/sw/nios/fpga_intro_bsp/\libhal_bsp.a(alt_open.o)
 .bss           0x0000000000028cf8        0x0 E:/EPFL/Semestre_7/Embedded_Systems/fpga_intro/sw/nios/fpga_intro_bsp/\libhal_bsp.a(alt_tick.o)
 .bss           0x0000000000028cf8        0x0 E:/EPFL/Semestre_7/Embedded_Systems/fpga_intro/sw/nios/fpga_intro_bsp/\libhal_bsp.a(altera_nios2_gen2_irq.o)
 .bss           0x0000000000028cf8        0x0 E:/EPFL/Semestre_7/Embedded_Systems/fpga_intro/sw/nios/fpga_intro_bsp/\libhal_bsp.a(alt_exception_entry.o)
 .bss           0x0000000000028cf8        0x0 E:/EPFL/Semestre_7/Embedded_Systems/fpga_intro/sw/nios/fpga_intro_bsp/\libhal_bsp.a(alt_find_dev.o)
 .bss           0x0000000000028cf8        0x0 E:/EPFL/Semestre_7/Embedded_Systems/fpga_intro/sw/nios/fpga_intro_bsp/\libhal_bsp.a(alt_find_file.o)
 .bss           0x0000000000028cf8        0x0 E:/EPFL/Semestre_7/Embedded_Systems/fpga_intro/sw/nios/fpga_intro_bsp/\libhal_bsp.a(alt_get_fd.o)
 .bss           0x0000000000028cf8        0x0 E:/EPFL/Semestre_7/Embedded_Systems/fpga_intro/sw/nios/fpga_intro_bsp/\libhal_bsp.a(alt_icache_flush.o)
 .bss           0x0000000000028cf8        0x0 E:/EPFL/Semestre_7/Embedded_Systems/fpga_intro/sw/nios/fpga_intro_bsp/\libhal_bsp.a(alt_instruction_exception_entry.o)
 .bss           0x0000000000028cf8        0x0 c:/intelfpga_lite/18.1/nios2eds/bin/gnu/h-x86_64-mingw32/bin/../lib/gcc/nios2-elf/5.3.0/../../../../../H-x86_64-mingw32/nios2-elf/lib\libc.a(lib_a-atexit.o)
 .bss           0x0000000000028cf8        0x0 c:/intelfpga_lite/18.1/nios2eds/bin/gnu/h-x86_64-mingw32/bin/../lib/gcc/nios2-elf/5.3.0/../../../../../H-x86_64-mingw32/nios2-elf/lib\libc.a(lib_a-exit.o)
 .bss           0x0000000000028cf8        0x0 c:/intelfpga_lite/18.1/nios2eds/bin/gnu/h-x86_64-mingw32/bin/../lib/gcc/nios2-elf/5.3.0/../../../../../H-x86_64-mingw32/nios2-elf/lib\libc.a(lib_a-memcmp.o)
 .bss           0x0000000000028cf8        0x0 c:/intelfpga_lite/18.1/nios2eds/bin/gnu/h-x86_64-mingw32/bin/../lib/gcc/nios2-elf/5.3.0/../../../../../H-x86_64-mingw32/nios2-elf/lib\libc.a(lib_a-__atexit.o)
 .bss           0x0000000000028cf8        0x0 c:/intelfpga_lite/18.1/nios2eds/bin/gnu/h-x86_64-mingw32/bin/../lib/gcc/nios2-elf/5.3.0/../../../../../H-x86_64-mingw32/nios2-elf/lib\libc.a(lib_a-__call_atexit.o)
 .bss           0x0000000000028cf8        0x0 E:/EPFL/Semestre_7/Embedded_Systems/fpga_intro/sw/nios/fpga_intro_bsp/\libhal_bsp.a(alt_exit.o)
 *(COMMON)
 COMMON         0x0000000000028cf8      0x100 E:/EPFL/Semestre_7/Embedded_Systems/fpga_intro/sw/nios/fpga_intro_bsp/\libhal_bsp.a(alt_irq_handler.o)
                0x0000000000028cf8                alt_irq
                0x0000000000028df8                . = ALIGN (0x4)
                0x0000000000028df8                __bss_end = ABSOLUTE (.)

.onchip_memory2_0
                0x0000000000028df8        0x0
                [!provide]                        PROVIDE (_alt_partition_onchip_memory2_0_start, ABSOLUTE (.))
 *(.onchip_memory2_0 .onchip_memory2_0. onchip_memory2_0.*)
                0x0000000000028df8                . = ALIGN (0x4)
                [!provide]                        PROVIDE (_alt_partition_onchip_memory2_0_end, ABSOLUTE (.))
                0x0000000000028df8                _end = ABSOLUTE (.)
                0x0000000000028df8                end = ABSOLUTE (.)
                0x0000000000028df8                __alt_stack_base = ABSOLUTE (.)
                [!provide]                        PROVIDE (_alt_partition_onchip_memory2_0_load_addr, LOADADDR (.onchip_memory2_0))

.stab
 *(.stab)

.stabstr
 *(.stabstr)

.stab.excl
 *(.stab.excl)

.stab.exclstr
 *(.stab.exclstr)

.stab.index
 *(.stab.index)

.stab.indexstr
 *(.stab.indexstr)

.comment        0x0000000000000000       0x23
 *(.comment)
 .comment       0x0000000000000000       0x23 obj/default/main.o
                                         0x24 (size before relaxing)
 .comment       0x0000000000000023       0x24 c:/intelfpga_lite/18.1/nios2eds/bin/gnu/h-x86_64-mingw32/bin/../lib/gcc/nios2-elf/5.3.0/../../../../../H-x86_64-mingw32/nios2-elf/lib\libc.a(lib_a-puts.o)
 .comment       0x0000000000000023       0x24 c:/intelfpga_lite/18.1/nios2eds/bin/gnu/h-x86_64-mingw32/bin/../lib/gcc/nios2-elf/5.3.0/../../../../../H-x86_64-mingw32/nios2-elf/lib\libc.a(lib_a-strlen.o)
 .comment       0x0000000000000023       0x24 c:/intelfpga_lite/18.1/nios2eds/bin/gnu/h-x86_64-mingw32/bin/../lib/gcc/nios2-elf/5.3.0/../../../../../H-x86_64-mingw32/nios2-elf/lib\libc.a(lib_a-findfp.o)
 .comment       0x0000000000000023       0x24 c:/intelfpga_lite/18.1/nios2eds/bin/gnu/h-x86_64-mingw32/bin/../lib/gcc/nios2-elf/5.3.0/../../../../../H-x86_64-mingw32/nios2-elf/lib\libc.a(lib_a-fvwrite.o)
 .comment       0x0000000000000023       0x24 c:/intelfpga_lite/18.1/nios2eds/bin/gnu/h-x86_64-mingw32/bin/../lib/gcc/nios2-elf/5.3.0/../../../../../H-x86_64-mingw32/nios2-elf/lib\libc.a(lib_a-fwalk.o)
 .comment       0x0000000000000023       0x24 c:/intelfpga_lite/18.1/nios2eds/bin/gnu/h-x86_64-mingw32/bin/../lib/gcc/nios2-elf/5.3.0/../../../../../H-x86_64-mingw32/nios2-elf/lib\libc.a(lib_a-impure.o)
 .comment       0x0000000000000023       0x24 c:/intelfpga_lite/18.1/nios2eds/bin/gnu/h-x86_64-mingw32/bin/../lib/gcc/nios2-elf/5.3.0/../../../../../H-x86_64-mingw32/nios2-elf/lib\libc.a(lib_a-mallocr.o)
 .comment       0x0000000000000023       0x24 c:/intelfpga_lite/18.1/nios2eds/bin/gnu/h-x86_64-mingw32/bin/../lib/gcc/nios2-elf/5.3.0/../../../../../H-x86_64-mingw32/nios2-elf/lib\libc.a(lib_a-memchr.o)
 .comment       0x0000000000000023       0x24 c:/intelfpga_lite/18.1/nios2eds/bin/gnu/h-x86_64-mingw32/bin/../lib/gcc/nios2-elf/5.3.0/../../../../../H-x86_64-mingw32/nios2-elf/lib\libc.a(lib_a-memcpy.o)
 .comment       0x0000000000000023       0x24 c:/intelfpga_lite/18.1/nios2eds/bin/gnu/h-x86_64-mingw32/bin/../lib/gcc/nios2-elf/5.3.0/../../../../../H-x86_64-mingw32/nios2-elf/lib\libc.a(lib_a-memmove.o)
 .comment       0x0000000000000023       0x24 c:/intelfpga_lite/18.1/nios2eds/bin/gnu/h-x86_64-mingw32/bin/../lib/gcc/nios2-elf/5.3.0/../../../../../H-x86_64-mingw32/nios2-elf/lib\libc.a(lib_a-memset.o)
 .comment       0x0000000000000023       0x24 c:/intelfpga_lite/18.1/nios2eds/bin/gnu/h-x86_64-mingw32/bin/../lib/gcc/nios2-elf/5.3.0/../../../../../H-x86_64-mingw32/nios2-elf/lib\libc.a(lib_a-reallocr.o)
 .comment       0x0000000000000023       0x24 c:/intelfpga_lite/18.1/nios2eds/bin/gnu/h-x86_64-mingw32/bin/../lib/gcc/nios2-elf/5.3.0/../../../../../H-x86_64-mingw32/nios2-elf/lib\libc.a(lib_a-sbrkr.o)
 .comment       0x0000000000000023       0x24 c:/intelfpga_lite/18.1/nios2eds/bin/gnu/h-x86_64-mingw32/bin/../lib/gcc/nios2-elf/5.3.0/../../../../../H-x86_64-mingw32/nios2-elf/lib\libc.a(lib_a-stdio.o)
 .comment       0x0000000000000023       0x24 c:/intelfpga_lite/18.1/nios2eds/bin/gnu/h-x86_64-mingw32/bin/../lib/gcc/nios2-elf/5.3.0/../../../../../H-x86_64-mingw32/nios2-elf/lib\libc.a(lib_a-writer.o)
 .comment       0x0000000000000023       0x24 c:/intelfpga_lite/18.1/nios2eds/bin/gnu/h-x86_64-mingw32/bin/../lib/gcc/nios2-elf/5.3.0/../../../../../H-x86_64-mingw32/nios2-elf/lib\libc.a(lib_a-wsetup.o)
 .comment       0x0000000000000023       0x24 c:/intelfpga_lite/18.1/nios2eds/bin/gnu/h-x86_64-mingw32/bin/../lib/gcc/nios2-elf/5.3.0/../../../../../H-x86_64-mingw32/nios2-elf/lib\libc.a(closer.o)
 .comment       0x0000000000000023       0x24 c:/intelfpga_lite/18.1/nios2eds/bin/gnu/h-x86_64-mingw32/bin/../lib/gcc/nios2-elf/5.3.0/../../../../../H-x86_64-mingw32/nios2-elf/lib\libc.a(lib_a-fclose.o)
 .comment       0x0000000000000023       0x24 c:/intelfpga_lite/18.1/nios2eds/bin/gnu/h-x86_64-mingw32/bin/../lib/gcc/nios2-elf/5.3.0/../../../../../H-x86_64-mingw32/nios2-elf/lib\libc.a(lib_a-fflush.o)
 .comment       0x0000000000000023       0x24 c:/intelfpga_lite/18.1/nios2eds/bin/gnu/h-x86_64-mingw32/bin/../lib/gcc/nios2-elf/5.3.0/../../../../../H-x86_64-mingw32/nios2-elf/lib\libc.a(lib_a-freer.o)
 .comment       0x0000000000000023       0x24 c:/intelfpga_lite/18.1/nios2eds/bin/gnu/h-x86_64-mingw32/bin/../lib/gcc/nios2-elf/5.3.0/../../../../../H-x86_64-mingw32/nios2-elf/lib\libc.a(lib_a-int_errno.o)
 .comment       0x0000000000000023       0x24 c:/intelfpga_lite/18.1/nios2eds/bin/gnu/h-x86_64-mingw32/bin/../lib/gcc/nios2-elf/5.3.0/../../../../../H-x86_64-mingw32/nios2-elf/lib\libc.a(lib_a-lseekr.o)
 .comment       0x0000000000000023       0x24 c:/intelfpga_lite/18.1/nios2eds/bin/gnu/h-x86_64-mingw32/bin/../lib/gcc/nios2-elf/5.3.0/../../../../../H-x86_64-mingw32/nios2-elf/lib\libc.a(lib_a-makebuf.o)
 .comment       0x0000000000000023       0x24 c:/intelfpga_lite/18.1/nios2eds/bin/gnu/h-x86_64-mingw32/bin/../lib/gcc/nios2-elf/5.3.0/../../../../../H-x86_64-mingw32/nios2-elf/lib\libc.a(lib_a-readr.o)
 .comment       0x0000000000000023       0x24 c:/intelfpga_lite/18.1/nios2eds/bin/gnu/h-x86_64-mingw32/bin/../lib/gcc/nios2-elf/5.3.0/../../../../../H-x86_64-mingw32/nios2-elf/lib\libc.a(lib_a-fstatr.o)
 .comment       0x0000000000000023       0x24 c:/intelfpga_lite/18.1/nios2eds/bin/gnu/h-x86_64-mingw32/bin/../lib/gcc/nios2-elf/5.3.0/../../../../../H-x86_64-mingw32/nios2-elf/lib\libc.a(lib_a-isattyr.o)
 .comment       0x0000000000000023       0x24 c:/intelfpga_lite/18.1/nios2eds/bin/gnu/h-x86_64-mingw32/bin/../lib/gcc/nios2-elf/5.3.0\libgcc.a(lib2-divmod.o)
 .comment       0x0000000000000023       0x24 E:/EPFL/Semestre_7/Embedded_Systems/fpga_intro/sw/nios/fpga_intro_bsp/\libhal_bsp.a(alt_close.o)
 .comment       0x0000000000000023       0x24 E:/EPFL/Semestre_7/Embedded_Systems/fpga_intro/sw/nios/fpga_intro_bsp/\libhal_bsp.a(alt_dev.o)
 .comment       0x0000000000000023       0x24 E:/EPFL/Semestre_7/Embedded_Systems/fpga_intro/sw/nios/fpga_intro_bsp/\libhal_bsp.a(alt_errno.o)
 .comment       0x0000000000000023       0x24 E:/EPFL/Semestre_7/Embedded_Systems/fpga_intro/sw/nios/fpga_intro_bsp/\libhal_bsp.a(alt_fstat.o)
 .comment       0x0000000000000023       0x24 E:/EPFL/Semestre_7/Embedded_Systems/fpga_intro/sw/nios/fpga_intro_bsp/\libhal_bsp.a(alt_isatty.o)
 .comment       0x0000000000000023       0x24 E:/EPFL/Semestre_7/Embedded_Systems/fpga_intro/sw/nios/fpga_intro_bsp/\libhal_bsp.a(alt_load.o)
 .comment       0x0000000000000023       0x24 E:/EPFL/Semestre_7/Embedded_Systems/fpga_intro/sw/nios/fpga_intro_bsp/\libhal_bsp.a(alt_lseek.o)
 .comment       0x0000000000000023       0x24 E:/EPFL/Semestre_7/Embedded_Systems/fpga_intro/sw/nios/fpga_intro_bsp/\libhal_bsp.a(alt_main.o)
 .comment       0x0000000000000023       0x24 E:/EPFL/Semestre_7/Embedded_Systems/fpga_intro/sw/nios/fpga_intro_bsp/\libhal_bsp.a(alt_malloc_lock.o)
 .comment       0x0000000000000023       0x24 E:/EPFL/Semestre_7/Embedded_Systems/fpga_intro/sw/nios/fpga_intro_bsp/\libhal_bsp.a(alt_read.o)
 .comment       0x0000000000000023       0x24 E:/EPFL/Semestre_7/Embedded_Systems/fpga_intro/sw/nios/fpga_intro_bsp/\libhal_bsp.a(alt_release_fd.o)
 .comment       0x0000000000000023       0x24 E:/EPFL/Semestre_7/Embedded_Systems/fpga_intro/sw/nios/fpga_intro_bsp/\libhal_bsp.a(alt_sbrk.o)
 .comment       0x0000000000000023       0x24 E:/EPFL/Semestre_7/Embedded_Systems/fpga_intro/sw/nios/fpga_intro_bsp/\libhal_bsp.a(alt_write.o)
 .comment       0x0000000000000023       0x24 E:/EPFL/Semestre_7/Embedded_Systems/fpga_intro/sw/nios/fpga_intro_bsp/\libhal_bsp.a(alt_sys_init.o)
 .comment       0x0000000000000023       0x24 E:/EPFL/Semestre_7/Embedded_Systems/fpga_intro/sw/nios/fpga_intro_bsp/\libhal_bsp.a(altera_avalon_jtag_uart_fd.o)
 .comment       0x0000000000000023       0x24 E:/EPFL/Semestre_7/Embedded_Systems/fpga_intro/sw/nios/fpga_intro_bsp/\libhal_bsp.a(altera_avalon_jtag_uart_init.o)
 .comment       0x0000000000000023       0x24 E:/EPFL/Semestre_7/Embedded_Systems/fpga_intro/sw/nios/fpga_intro_bsp/\libhal_bsp.a(altera_avalon_jtag_uart_ioctl.o)
 .comment       0x0000000000000023       0x24 E:/EPFL/Semestre_7/Embedded_Systems/fpga_intro/sw/nios/fpga_intro_bsp/\libhal_bsp.a(altera_avalon_jtag_uart_read.o)
 .comment       0x0000000000000023       0x24 E:/EPFL/Semestre_7/Embedded_Systems/fpga_intro/sw/nios/fpga_intro_bsp/\libhal_bsp.a(altera_avalon_jtag_uart_write.o)
 .comment       0x0000000000000023       0x24 E:/EPFL/Semestre_7/Embedded_Systems/fpga_intro/sw/nios/fpga_intro_bsp/\libhal_bsp.a(alt_alarm_start.o)
 .comment       0x0000000000000023       0x24 E:/EPFL/Semestre_7/Embedded_Systems/fpga_intro/sw/nios/fpga_intro_bsp/\libhal_bsp.a(alt_dcache_flush_all.o)
 .comment       0x0000000000000023       0x24 E:/EPFL/Semestre_7/Embedded_Systems/fpga_intro/sw/nios/fpga_intro_bsp/\libhal_bsp.a(alt_dev_llist_insert.o)
 .comment       0x0000000000000023       0x24 E:/EPFL/Semestre_7/Embedded_Systems/fpga_intro/sw/nios/fpga_intro_bsp/\libhal_bsp.a(alt_do_ctors.o)
 .comment       0x0000000000000023       0x24 E:/EPFL/Semestre_7/Embedded_Systems/fpga_intro/sw/nios/fpga_intro_bsp/\libhal_bsp.a(alt_do_dtors.o)
 .comment       0x0000000000000023       0x24 E:/EPFL/Semestre_7/Embedded_Systems/fpga_intro/sw/nios/fpga_intro_bsp/\libhal_bsp.a(alt_icache_flush_all.o)
 .comment       0x0000000000000023       0x24 E:/EPFL/Semestre_7/Embedded_Systems/fpga_intro/sw/nios/fpga_intro_bsp/\libhal_bsp.a(alt_iic.o)
 .comment       0x0000000000000023       0x24 E:/EPFL/Semestre_7/Embedded_Systems/fpga_intro/sw/nios/fpga_intro_bsp/\libhal_bsp.a(alt_iic_isr_register.o)
 .comment       0x0000000000000023       0x24 E:/EPFL/Semestre_7/Embedded_Systems/fpga_intro/sw/nios/fpga_intro_bsp/\libhal_bsp.a(alt_io_redirect.o)
 .comment       0x0000000000000023       0x24 E:/EPFL/Semestre_7/Embedded_Systems/fpga_intro/sw/nios/fpga_intro_bsp/\libhal_bsp.a(alt_irq_handler.o)
 .comment       0x0000000000000023       0x24 E:/EPFL/Semestre_7/Embedded_Systems/fpga_intro/sw/nios/fpga_intro_bsp/\libhal_bsp.a(alt_irq_vars.o)
 .comment       0x0000000000000023       0x24 E:/EPFL/Semestre_7/Embedded_Systems/fpga_intro/sw/nios/fpga_intro_bsp/\libhal_bsp.a(alt_open.o)
 .comment       0x0000000000000023       0x24 E:/EPFL/Semestre_7/Embedded_Systems/fpga_intro/sw/nios/fpga_intro_bsp/\libhal_bsp.a(alt_tick.o)
 .comment       0x0000000000000023       0x24 E:/EPFL/Semestre_7/Embedded_Systems/fpga_intro/sw/nios/fpga_intro_bsp/\libhal_bsp.a(altera_nios2_gen2_irq.o)
 .comment       0x0000000000000023       0x24 E:/EPFL/Semestre_7/Embedded_Systems/fpga_intro/sw/nios/fpga_intro_bsp/\libhal_bsp.a(alt_find_dev.o)
 .comment       0x0000000000000023       0x24 E:/EPFL/Semestre_7/Embedded_Systems/fpga_intro/sw/nios/fpga_intro_bsp/\libhal_bsp.a(alt_find_file.o)
 .comment       0x0000000000000023       0x24 E:/EPFL/Semestre_7/Embedded_Systems/fpga_intro/sw/nios/fpga_intro_bsp/\libhal_bsp.a(alt_get_fd.o)
 .comment       0x0000000000000023       0x24 E:/EPFL/Semestre_7/Embedded_Systems/fpga_intro/sw/nios/fpga_intro_bsp/\libhal_bsp.a(alt_icache_flush.o)
 .comment       0x0000000000000023       0x24 E:/EPFL/Semestre_7/Embedded_Systems/fpga_intro/sw/nios/fpga_intro_bsp/\libhal_bsp.a(alt_instruction_exception_entry.o)
 .comment       0x0000000000000023       0x24 c:/intelfpga_lite/18.1/nios2eds/bin/gnu/h-x86_64-mingw32/bin/../lib/gcc/nios2-elf/5.3.0/../../../../../H-x86_64-mingw32/nios2-elf/lib\libc.a(lib_a-atexit.o)
 .comment       0x0000000000000023       0x24 c:/intelfpga_lite/18.1/nios2eds/bin/gnu/h-x86_64-mingw32/bin/../lib/gcc/nios2-elf/5.3.0/../../../../../H-x86_64-mingw32/nios2-elf/lib\libc.a(lib_a-exit.o)
 .comment       0x0000000000000023       0x24 c:/intelfpga_lite/18.1/nios2eds/bin/gnu/h-x86_64-mingw32/bin/../lib/gcc/nios2-elf/5.3.0/../../../../../H-x86_64-mingw32/nios2-elf/lib\libc.a(lib_a-memcmp.o)
 .comment       0x0000000000000023       0x24 c:/intelfpga_lite/18.1/nios2eds/bin/gnu/h-x86_64-mingw32/bin/../lib/gcc/nios2-elf/5.3.0/../../../../../H-x86_64-mingw32/nios2-elf/lib\libc.a(lib_a-__atexit.o)
 .comment       0x0000000000000023       0x24 c:/intelfpga_lite/18.1/nios2eds/bin/gnu/h-x86_64-mingw32/bin/../lib/gcc/nios2-elf/5.3.0/../../../../../H-x86_64-mingw32/nios2-elf/lib\libc.a(lib_a-__call_atexit.o)
 .comment       0x0000000000000023       0x24 E:/EPFL/Semestre_7/Embedded_Systems/fpga_intro/sw/nios/fpga_intro_bsp/\libhal_bsp.a(alt_exit.o)

.debug
 *(.debug)

.line
 *(.line)

.debug_srcinfo
 *(.debug_srcinfo)

.debug_sfnames
 *(.debug_sfnames)

.debug_aranges  0x0000000000000000      0xa10
 *(.debug_aranges)
 .debug_aranges
                0x0000000000000000       0x28 E:/EPFL/Semestre_7/Embedded_Systems/fpga_intro/sw/nios/fpga_intro_bsp//obj/HAL/src/crt0.o
 .debug_aranges
                0x0000000000000028       0x20 obj/default/main.o
 .debug_aranges
                0x0000000000000048       0x28 c:/intelfpga_lite/18.1/nios2eds/bin/gnu/h-x86_64-mingw32/bin/../lib/gcc/nios2-elf/5.3.0/../../../../../H-x86_64-mingw32/nios2-elf/lib\libc.a(lib_a-puts.o)
 .debug_aranges
                0x0000000000000070       0x20 c:/intelfpga_lite/18.1/nios2eds/bin/gnu/h-x86_64-mingw32/bin/../lib/gcc/nios2-elf/5.3.0/../../../../../H-x86_64-mingw32/nios2-elf/lib\libc.a(lib_a-strlen.o)
 .debug_aranges
                0x0000000000000090       0x68 c:/intelfpga_lite/18.1/nios2eds/bin/gnu/h-x86_64-mingw32/bin/../lib/gcc/nios2-elf/5.3.0/../../../../../H-x86_64-mingw32/nios2-elf/lib\libc.a(lib_a-findfp.o)
 .debug_aranges
                0x00000000000000f8       0x20 c:/intelfpga_lite/18.1/nios2eds/bin/gnu/h-x86_64-mingw32/bin/../lib/gcc/nios2-elf/5.3.0/../../../../../H-x86_64-mingw32/nios2-elf/lib\libc.a(lib_a-fvwrite.o)
 .debug_aranges
                0x0000000000000118       0x28 c:/intelfpga_lite/18.1/nios2eds/bin/gnu/h-x86_64-mingw32/bin/../lib/gcc/nios2-elf/5.3.0/../../../../../H-x86_64-mingw32/nios2-elf/lib\libc.a(lib_a-fwalk.o)
 .debug_aranges
                0x0000000000000140       0x18 c:/intelfpga_lite/18.1/nios2eds/bin/gnu/h-x86_64-mingw32/bin/../lib/gcc/nios2-elf/5.3.0/../../../../../H-x86_64-mingw32/nios2-elf/lib\libc.a(lib_a-impure.o)
 .debug_aranges
                0x0000000000000158       0x20 c:/intelfpga_lite/18.1/nios2eds/bin/gnu/h-x86_64-mingw32/bin/../lib/gcc/nios2-elf/5.3.0/../../../../../H-x86_64-mingw32/nios2-elf/lib\libc.a(lib_a-mallocr.o)
 .debug_aranges
                0x0000000000000178       0x20 c:/intelfpga_lite/18.1/nios2eds/bin/gnu/h-x86_64-mingw32/bin/../lib/gcc/nios2-elf/5.3.0/../../../../../H-x86_64-mingw32/nios2-elf/lib\libc.a(lib_a-memchr.o)
 .debug_aranges
                0x0000000000000198       0x20 c:/intelfpga_lite/18.1/nios2eds/bin/gnu/h-x86_64-mingw32/bin/../lib/gcc/nios2-elf/5.3.0/../../../../../H-x86_64-mingw32/nios2-elf/lib\libc.a(lib_a-memcpy.o)
 .debug_aranges
                0x00000000000001b8       0x20 c:/intelfpga_lite/18.1/nios2eds/bin/gnu/h-x86_64-mingw32/bin/../lib/gcc/nios2-elf/5.3.0/../../../../../H-x86_64-mingw32/nios2-elf/lib\libc.a(lib_a-memmove.o)
 .debug_aranges
                0x00000000000001d8       0x20 c:/intelfpga_lite/18.1/nios2eds/bin/gnu/h-x86_64-mingw32/bin/../lib/gcc/nios2-elf/5.3.0/../../../../../H-x86_64-mingw32/nios2-elf/lib\libc.a(lib_a-memset.o)
 .debug_aranges
                0x00000000000001f8       0x20 c:/intelfpga_lite/18.1/nios2eds/bin/gnu/h-x86_64-mingw32/bin/../lib/gcc/nios2-elf/5.3.0/../../../../../H-x86_64-mingw32/nios2-elf/lib\libc.a(lib_a-reallocr.o)
 .debug_aranges
                0x0000000000000218       0x20 c:/intelfpga_lite/18.1/nios2eds/bin/gnu/h-x86_64-mingw32/bin/../lib/gcc/nios2-elf/5.3.0/../../../../../H-x86_64-mingw32/nios2-elf/lib\libc.a(lib_a-sbrkr.o)
 .debug_aranges
                0x0000000000000238       0x40 c:/intelfpga_lite/18.1/nios2eds/bin/gnu/h-x86_64-mingw32/bin/../lib/gcc/nios2-elf/5.3.0/../../../../../H-x86_64-mingw32/nios2-elf/lib\libc.a(lib_a-stdio.o)
 .debug_aranges
                0x0000000000000278       0x20 c:/intelfpga_lite/18.1/nios2eds/bin/gnu/h-x86_64-mingw32/bin/../lib/gcc/nios2-elf/5.3.0/../../../../../H-x86_64-mingw32/nios2-elf/lib\libc.a(lib_a-writer.o)
 .debug_aranges
                0x0000000000000298       0x20 c:/intelfpga_lite/18.1/nios2eds/bin/gnu/h-x86_64-mingw32/bin/../lib/gcc/nios2-elf/5.3.0/../../../../../H-x86_64-mingw32/nios2-elf/lib\libc.a(lib_a-wsetup.o)
 .debug_aranges
                0x00000000000002b8       0x20 c:/intelfpga_lite/18.1/nios2eds/bin/gnu/h-x86_64-mingw32/bin/../lib/gcc/nios2-elf/5.3.0/../../../../../H-x86_64-mingw32/nios2-elf/lib\libc.a(closer.o)
 .debug_aranges
                0x00000000000002d8       0x28 c:/intelfpga_lite/18.1/nios2eds/bin/gnu/h-x86_64-mingw32/bin/../lib/gcc/nios2-elf/5.3.0/../../../../../H-x86_64-mingw32/nios2-elf/lib\libc.a(lib_a-fclose.o)
 .debug_aranges
                0x0000000000000300       0x30 c:/intelfpga_lite/18.1/nios2eds/bin/gnu/h-x86_64-mingw32/bin/../lib/gcc/nios2-elf/5.3.0/../../../../../H-x86_64-mingw32/nios2-elf/lib\libc.a(lib_a-fflush.o)
 .debug_aranges
                0x0000000000000330       0x28 c:/intelfpga_lite/18.1/nios2eds/bin/gnu/h-x86_64-mingw32/bin/../lib/gcc/nios2-elf/5.3.0/../../../../../H-x86_64-mingw32/nios2-elf/lib\libc.a(lib_a-freer.o)
 .debug_aranges
                0x0000000000000358       0x18 c:/intelfpga_lite/18.1/nios2eds/bin/gnu/h-x86_64-mingw32/bin/../lib/gcc/nios2-elf/5.3.0/../../../../../H-x86_64-mingw32/nios2-elf/lib\libc.a(lib_a-int_errno.o)
 .debug_aranges
                0x0000000000000370       0x20 c:/intelfpga_lite/18.1/nios2eds/bin/gnu/h-x86_64-mingw32/bin/../lib/gcc/nios2-elf/5.3.0/../../../../../H-x86_64-mingw32/nios2-elf/lib\libc.a(lib_a-lseekr.o)
 .debug_aranges
                0x0000000000000390       0x20 c:/intelfpga_lite/18.1/nios2eds/bin/gnu/h-x86_64-mingw32/bin/../lib/gcc/nios2-elf/5.3.0/../../../../../H-x86_64-mingw32/nios2-elf/lib\libc.a(lib_a-makebuf.o)
 .debug_aranges
                0x00000000000003b0       0x20 c:/intelfpga_lite/18.1/nios2eds/bin/gnu/h-x86_64-mingw32/bin/../lib/gcc/nios2-elf/5.3.0/../../../../../H-x86_64-mingw32/nios2-elf/lib\libc.a(lib_a-readr.o)
 .debug_aranges
                0x00000000000003d0       0x20 c:/intelfpga_lite/18.1/nios2eds/bin/gnu/h-x86_64-mingw32/bin/../lib/gcc/nios2-elf/5.3.0/../../../../../H-x86_64-mingw32/nios2-elf/lib\libc.a(lib_a-fstatr.o)
 .debug_aranges
                0x00000000000003f0       0x20 c:/intelfpga_lite/18.1/nios2eds/bin/gnu/h-x86_64-mingw32/bin/../lib/gcc/nios2-elf/5.3.0/../../../../../H-x86_64-mingw32/nios2-elf/lib\libc.a(lib_a-isattyr.o)
 .debug_aranges
                0x0000000000000410       0x20 c:/intelfpga_lite/18.1/nios2eds/bin/gnu/h-x86_64-mingw32/bin/../lib/gcc/nios2-elf/5.3.0\libgcc.a(lib2-divmod.o)
 .debug_aranges
                0x0000000000000430       0x20 E:/EPFL/Semestre_7/Embedded_Systems/fpga_intro/sw/nios/fpga_intro_bsp/\libhal_bsp.a(alt_close.o)
 .debug_aranges
                0x0000000000000450       0x20 E:/EPFL/Semestre_7/Embedded_Systems/fpga_intro/sw/nios/fpga_intro_bsp/\libhal_bsp.a(alt_dev.o)
 .debug_aranges
                0x0000000000000470       0x18 E:/EPFL/Semestre_7/Embedded_Systems/fpga_intro/sw/nios/fpga_intro_bsp/\libhal_bsp.a(alt_errno.o)
 .debug_aranges
                0x0000000000000488       0x20 E:/EPFL/Semestre_7/Embedded_Systems/fpga_intro/sw/nios/fpga_intro_bsp/\libhal_bsp.a(alt_fstat.o)
 .debug_aranges
                0x00000000000004a8       0x20 E:/EPFL/Semestre_7/Embedded_Systems/fpga_intro/sw/nios/fpga_intro_bsp/\libhal_bsp.a(alt_isatty.o)
 .debug_aranges
                0x00000000000004c8       0x20 E:/EPFL/Semestre_7/Embedded_Systems/fpga_intro/sw/nios/fpga_intro_bsp/\libhal_bsp.a(alt_load.o)
 .debug_aranges
                0x00000000000004e8       0x20 E:/EPFL/Semestre_7/Embedded_Systems/fpga_intro/sw/nios/fpga_intro_bsp/\libhal_bsp.a(alt_lseek.o)
 .debug_aranges